Archive member included to satisfy reference by file (symbol)

src\config\libbbb_config.a(config.cpp.obj)
                              CMakeFiles/bbbfw.dir/main.cpp.obj (bbb::config::MotorRR_4)
src\ros_comm\libbbb_ros_comm.a(pico_uart_transport.c.obj)
                              CMakeFiles/bbbfw.dir/main.cpp.obj (pico_serial_transport_open)
F:\Project\Dissertation\Firmware\bbb_firmware\pico\micro_ros_raspberrypi_pico_sdk\libmicroros\libmicroros.a(libgeometry_msgs__rosidl_typesupport_c-twist__type_support.cpp.obj)
                              CMakeFiles/bbbfw.dir/main.cpp.obj (rosidl_typesupport_c__get_message_type_support_handle__geometry_msgs__msg__Twist)
F:\Project\Dissertation\Firmware\bbb_firmware\pico\micro_ros_raspberrypi_pico_sdk\libmicroros\libmicroros.a(libgeometry_msgs__rosidl_typesupport_introspection_c-twist__type_support.c.obj)
                              F:\Project\Dissertation\Firmware\bbb_firmware\pico\micro_ros_raspberrypi_pico_sdk\libmicroros\libmicroros.a(libgeometry_msgs__rosidl_typesupport_c-twist__type_support.cpp.obj) (rosidl_typesupport_introspection_c__get_message_type_support_handle__geometry_msgs__msg__Twist)
F:\Project\Dissertation\Firmware\bbb_firmware\pico\micro_ros_raspberrypi_pico_sdk\libmicroros\libmicroros.a(libgeometry_msgs__rosidl_typesupport_introspection_c-vector3__type_support.c.obj)
                              F:\Project\Dissertation\Firmware\bbb_firmware\pico\micro_ros_raspberrypi_pico_sdk\libmicroros\libmicroros.a(libgeometry_msgs__rosidl_typesupport_introspection_c-twist__type_support.c.obj) (rosidl_typesupport_introspection_c__get_message_type_support_handle__geometry_msgs__msg__Vector3)
F:\Project\Dissertation\Firmware\bbb_firmware\pico\micro_ros_raspberrypi_pico_sdk\libmicroros\libmicroros.a(libgeometry_msgs__rosidl_typesupport_microxrcedds_c-twist__type_support_c.c.obj)
                              F:\Project\Dissertation\Firmware\bbb_firmware\pico\micro_ros_raspberrypi_pico_sdk\libmicroros\libmicroros.a(libgeometry_msgs__rosidl_typesupport_c-twist__type_support.cpp.obj) (rosidl_typesupport_microxrcedds_c__get_message_type_support_handle__geometry_msgs__msg__Twist)
F:\Project\Dissertation\Firmware\bbb_firmware\pico\micro_ros_raspberrypi_pico_sdk\libmicroros\libmicroros.a(libgeometry_msgs__rosidl_typesupport_microxrcedds_c-vector3__type_support_c.c.obj)
                              F:\Project\Dissertation\Firmware\bbb_firmware\pico\micro_ros_raspberrypi_pico_sdk\libmicroros\libmicroros.a(libgeometry_msgs__rosidl_typesupport_microxrcedds_c-twist__type_support_c.c.obj) (get_serialized_size_geometry_msgs__msg__Vector3)
F:\Project\Dissertation\Firmware\bbb_firmware\pico\micro_ros_raspberrypi_pico_sdk\libmicroros\libmicroros.a(libmicrocdr-basic.c.obj)
                              F:\Project\Dissertation\Firmware\bbb_firmware\pico\micro_ros_raspberrypi_pico_sdk\libmicroros\libmicroros.a(libgeometry_msgs__rosidl_typesupport_microxrcedds_c-vector3__type_support_c.c.obj) (ucdr_serialize_double)
F:\Project\Dissertation\Firmware\bbb_firmware\pico\micro_ros_raspberrypi_pico_sdk\libmicroros\libmicroros.a(libmicrocdr-common.c.obj)
                              F:\Project\Dissertation\Firmware\bbb_firmware\pico\micro_ros_raspberrypi_pico_sdk\libmicroros\libmicroros.a(libmicrocdr-basic.c.obj) (ucdr_check_buffer_available_for)
F:\Project\Dissertation\Firmware\bbb_firmware\pico\micro_ros_raspberrypi_pico_sdk\libmicroros\libmicroros.a(librcl-publisher.c.obj)
                              CMakeFiles/bbbfw.dir/main.cpp.obj (rcl_publish)
F:\Project\Dissertation\Firmware\bbb_firmware\pico\micro_ros_raspberrypi_pico_sdk\libmicroros\libmicroros.a(librclc-executor.c.obj)
                              CMakeFiles/bbbfw.dir/main.cpp.obj (rclc_executor_init)
F:\Project\Dissertation\Firmware\bbb_firmware\pico\micro_ros_raspberrypi_pico_sdk\libmicroros\libmicroros.a(librclc-executor_handle.c.obj)
                              F:\Project\Dissertation\Firmware\bbb_firmware\pico\micro_ros_raspberrypi_pico_sdk\libmicroros\libmicroros.a(librclc-executor.c.obj) (rclc_executor_handle_counters_zero_init)
F:\Project\Dissertation\Firmware\bbb_firmware\pico\micro_ros_raspberrypi_pico_sdk\libmicroros\libmicroros.a(librclc-init.c.obj)
                              CMakeFiles/bbbfw.dir/main.cpp.obj (rclc_support_init)
F:\Project\Dissertation\Firmware\bbb_firmware\pico\micro_ros_raspberrypi_pico_sdk\libmicroros\libmicroros.a(librclc-node.c.obj)
                              CMakeFiles/bbbfw.dir/main.cpp.obj (rclc_node_init_default)
F:\Project\Dissertation\Firmware\bbb_firmware\pico\micro_ros_raspberrypi_pico_sdk\libmicroros\libmicroros.a(librclc-publisher.c.obj)
                              CMakeFiles/bbbfw.dir/main.cpp.obj (rclc_publisher_init_default)
F:\Project\Dissertation\Firmware\bbb_firmware\pico\micro_ros_raspberrypi_pico_sdk\libmicroros\libmicroros.a(librclc-sleep.c.obj)
[...]
Memory Configuration

Name             Origin             Length             Attributes
FLASH            0x10000000         0x00200000         xr
RAM              0x20000000         0x00040000         xrw
SCRATCH_X        0x20040000         0x00001000         xrw
SCRATCH_Y        0x20041000         0x00001000         xrw
*default*        0x00000000         0xffffffff

Linker script and memory map

LOAD c:/progra~2/gnuarm~1/102021~1.10/bin/../lib/gcc/arm-none-eabi/10.3.1/thumb/v6-m/nofp/crti.o
LOAD c:/progra~2/gnuarm~1/102021~1.10/bin/../lib/gcc/arm-none-eabi/10.3.1/thumb/v6-m/nofp/crtbegin.o
LOAD c:/progra~2/gnuarm~1/102021~1.10/bin/../lib/gcc/arm-none-eabi/10.3.1/../../../../arm-none-eabi/lib/thumb/v6-m/nofp/crt0.o

.flash_begin    0x10000000        0x0
                0x10000000                __flash_binary_start = .

.boot2          0x10000000      0x100
                0x10000000                __boot2_start__ = .
 *(.boot2)
 .boot2         0x10000000      0x100 C:\Users\84935\AppData\Local\Temp\ccmENbI7.o
                0x10000100                __boot2_end__ = .
                0x00000001                ASSERT (((__boot2_end__ - __boot2_start__) == 0x100), ERROR: Pico second stage bootloader must be 256 bytes in size)

.text           0x10000100    0x176a8
                0x10000100                __logical_binary_start = .
 *(.vectors)
 .vectors       0x10000100       0xd4 CMakeFiles/bbbfw.dir/C_/pico/pico-sdk/src/rp2_common/pico_standard_link/crt0.S.obj
                0x10000100                __VECTOR_TABLE
                0x10000100                __vectors
                0x100001c0                isr_invalid
                0x100001c0                __default_isrs_start
                0x100001c2                isr_nmi
                0x100001c4                isr_hardfault
                0x100001c6                isr_svcall
                0x100001c8                isr_pendsv
                0x100001ca                isr_systick
                0x100001cc                isr_irq23
                0x100001cc                isr_irq18
                0x100001cc                isr_irq11
                0x100001cc                isr_irq28
                0x100001cc                isr_irq19
                0x100001cc                isr_irq0
                0x100001cc                isr_irq6
                0x100001cc                isr_irq5
                0x100001cc                isr_irq12
                0x100001cc                isr_irq22
                0x100001cc                isr_irq31
                0x100001cc                isr_irq17
                0x100001cc                isr_irq27
                0x100001cc                isr_irq30
                0x100001cc                isr_irq2
                0x100001cc                isr_irq10
                0x100001cc                isr_irq8
                0x100001cc                isr_irq24
                0x100001cc                isr_irq1
                0x100001cc                isr_irq7
                0x100001cc                isr_irq21
                0x100001cc                isr_irq20
                0x100001cc                isr_irq15
                0x100001cc                isr_irq25
                0x100001cc                isr_irq13
                0x100001cc                __unhandled_user_irq
                0x100001cc                isr_irq4
                0x100001cc                isr_irq16
                0x100001cc                isr_irq29
                0x100001cc                isr_irq26
                0x100001cc                __default_isrs_end
                0x100001cc                isr_irq3
                0x100001cc                isr_irq14
                0x100001cc                isr_irq9
                0x100001d2                unhandled_user_irq_num_in_r0
 *(.binary_info_header)
 .binary_info_header
                0x100001d4       0x14 CMakeFiles/bbbfw.dir/C_/pico/pico-sdk/src/rp2_common/pico_standard_link/crt0.S.obj
                0x100001e8                __binary_info_header_end = .
 *(.reset)
 .reset         0x100001e8       0xa0 CMakeFiles/bbbfw.dir/C_/pico/pico-sdk/src/rp2_common/pico_standard_link/crt0.S.obj
                0x100001e8                _entry_point
 .reset         0x10000288       0x30 CMakeFiles/bbbfw.dir/C_/pico/pico-sdk/src/rp2_common/pico_standard_link/binary_info.c.obj
 *(.init)
 .init          0x100002b8        0x4 c:/progra~2/gnuarm~1/102021~1.10/bin/../lib/gcc/arm-none-eabi/10.3.1/thumb/v6-m/nofp/crti.o
                0x100002b8                _init
 *(EXCLUDE_FILE(*libm.a: *libc.a:*lib_a-mem*.o *libgcc.a:) .text*)
 .text          0x100002bc       0x48 c:/progra~2/gnuarm~1/102021~1.10/bin/../lib/gcc/arm-none-eabi/10.3.1/thumb/v6-m/nofp/crtbegin.o
 .text._Z41__static_initialization_and_destruction_0ii
                0x10000304       0x64 CMakeFiles/bbbfw.dir/main.cpp.obj
 .text._Z21subscription_callbackPKv
                0x10000368       0x28 CMakeFiles/bbbfw.dir/main.cpp.obj
                0x10000368                subscription_callback(void const*)
 .text.main     0x10000390      0x130 CMakeFiles/bbbfw.dir/main.cpp.obj
                0x10000390                main
 .text._GLOBAL__sub_I_node_components
                0x100004c0       0x10 CMakeFiles/bbbfw.dir/main.cpp.obj
 .text.gpio_set_function
                0x100004d0       0x30 CMakeFiles/bbbfw.dir/C_/pico/pico-sdk/src/rp2_common/hardware_gpio/gpio.c.obj
                0x100004d0                gpio_set_function
 .text.gpio_set_pulls
                0x10000500       0x34 CMakeFiles/bbbfw.dir/C_/pico/pico-sdk/src/rp2_common/hardware_gpio/gpio.c.obj
                0x10000500                gpio_set_pulls
 .text.running_on_fpga
                0x10000534       0x14 CMakeFiles/bbbfw.dir/C_/pico/pico-sdk/src/rp2_common/pico_platform/platform.c.obj
                0x10000534                running_on_fpga
 .text.hw_claim_lock
                0x10000548       0x18 CMakeFiles/bbbfw.dir/C_/pico/pico-sdk/src/rp2_common/hardware_claim/claim.c.obj
                0x10000548                hw_claim_lock
 .text.hw_claim_unlock
                0x10000560       0x14 CMakeFiles/bbbfw.dir/C_/pico/pico-sdk/src/rp2_common/hardware_claim/claim.c.obj
                0x10000560                hw_claim_unlock
 .text.hw_claim_or_assert
                0x10000574       0x32 CMakeFiles/bbbfw.dir/C_/pico/pico-sdk/src/rp2_common/hardware_claim/claim.c.obj
                0x10000574                hw_claim_or_assert
 .text.hw_claim_unused_from_range
                0x100005a6       0x50 CMakeFiles/bbbfw.dir/C_/pico/pico-sdk/src/rp2_common/hardware_claim/claim.c.obj
                0x100005a6                hw_claim_unused_from_range
 *fill*         0x100005f6        0x2 
 .text.spin_locks_reset
                0x100005f8       0x20 CMakeFiles/bbbfw.dir/C_/pico/pico-sdk/src/rp2_common/hardware_sync/sync.c.obj
                0x100005f8                spin_locks_reset
 .text.next_striped_spin_lock_num
                0x10000618       0x1c CMakeFiles/bbbfw.dir/C_/pico/pico-sdk/src/rp2_common/hardware_sync/sync.c.obj
                0x10000618                next_striped_spin_lock_num
 .text.spin_lock_claim_unused
                0x10000634       0x20 CMakeFiles/bbbfw.dir/C_/pico/pico-sdk/src/rp2_common/hardware_sync/sync.c.obj
                0x10000634                spin_lock_claim_unused
 .text.set_raw_irq_handler_and_unlock
                0x10000654       0x28 CMakeFiles/bbbfw.dir/C_/pico/pico-sdk/src/rp2_common/hardware_irq/irq.c.obj
 .text.make_branch
                0x1000067c       0x48 CMakeFiles/bbbfw.dir/C_/pico/pico-sdk/src/rp2_common/hardware_irq/irq.c.obj
 .text.insert_branch_and_link
                0x100006c4       0x40 CMakeFiles/bbbfw.dir/C_/pico/pico-sdk/src/rp2_common/hardware_irq/irq.c.obj
 .text.irq_is_enabled
                0x10000704       0x18 CMakeFiles/bbbfw.dir/C_/pico/pico-sdk/src/rp2_common/hardware_irq/irq.c.obj
                0x10000704                irq_is_enabled
 .text.irq_set_mask_enabled
                0x1000071c       0x20 CMakeFiles/bbbfw.dir/C_/pico/pico-sdk/src/rp2_common/hardware_irq/irq.c.obj
                0x1000071c                irq_set_mask_enabled
 .text.irq_set_enabled
                0x1000073c        0xe CMakeFiles/bbbfw.dir/C_/pico/pico-sdk/src/rp2_common/hardware_irq/irq.c.obj
                0x1000073c                irq_set_enabled
 *fill*         0x1000074a        0x2 
 .text.irq_set_pending
                0x1000074c       0x10 CMakeFiles/bbbfw.dir/C_/pico/pico-sdk/src/rp2_common/hardware_irq/irq.c.obj
                0x1000074c                irq_set_pending
 .text.irq_get_vtable_handler
                0x1000075c       0x10 CMakeFiles/bbbfw.dir/C_/pico/pico-sdk/src/rp2_common/hardware_irq/irq.c.obj
                0x1000075c                irq_get_vtable_handler
 .text.irq_has_shared_handler
                0x1000076c       0x24 CMakeFiles/bbbfw.dir/C_/pico/pico-sdk/src/rp2_common/hardware_irq/irq.c.obj
                0x1000076c                irq_has_shared_handler
 .text.irq_set_exclusive_handler
                0x10000790       0x54 CMakeFiles/bbbfw.dir/C_/pico/pico-sdk/src/rp2_common/hardware_irq/irq.c.obj
                0x10000790                irq_set_exclusive_handler
 .text.irq_add_shared_handler
                0x100007e4      0x234 CMakeFiles/bbbfw.dir/C_/pico/pico-sdk/src/rp2_common/hardware_irq/irq.c.obj
                0x100007e4                irq_add_shared_handler
 .text.irq_remove_handler
                0x10000a18      0x1ac CMakeFiles/bbbfw.dir/C_/pico/pico-sdk/src/rp2_common/hardware_irq/irq.c.obj
                0x10000a18                irq_remove_handler
 .text.irq_add_tail_to_free_list
                0x10000bc4       0xf0 CMakeFiles/bbbfw.dir/C_/pico/pico-sdk/src/rp2_common/hardware_irq/irq.c.obj
                0x10000bc4                irq_add_tail_to_free_list
 .text.irq_init_priorities
                0x10000cb4       0x1c CMakeFiles/bbbfw.dir/C_/pico/pico-sdk/src/rp2_common/hardware_irq/irq.c.obj
                0x10000cb4                irq_init_priorities
 .text.user_irq_claim_unused
                0x10000cd0       0x28 CMakeFiles/bbbfw.dir/C_/pico/pico-sdk/src/rp2_common/hardware_irq/irq.c.obj
                0x10000cd0                user_irq_claim_unused
 .text.lock_init
                0x10000cf8       0x10 CMakeFiles/bbbfw.dir/C_/pico/pico-sdk/src/common/pico_sync/lock_core.c.obj
                0x10000cf8                lock_init
 .text.mutex_init
                0x10000d08       0x1a CMakeFiles/bbbfw.dir/C_/pico/pico-sdk/src/common/pico_sync/mutex.c.obj
                0x10000d08                mutex_init
 .text.recursive_mutex_init
                0x10000d22       0x1e CMakeFiles/bbbfw.dir/C_/pico/pico-sdk/src/common/pico_sync/mutex.c.obj
                0x10000d22                recursive_mutex_init
 .text.critical_section_init_with_lock_num
                0x10000d40       0x14 CMakeFiles/bbbfw.dir/C_/pico/pico-sdk/src/common/pico_sync/critical_section.c.obj
                0x10000d40                critical_section_init_with_lock_num
 .text.critical_section_init
                0x10000d54       0x14 CMakeFiles/bbbfw.dir/C_/pico/pico-sdk/src/common/pico_sync/critical_section.c.obj
                0x10000d54                critical_section_init
 .text.repeating_timer_callback
                0x10000d68       0x40 CMakeFiles/bbbfw.dir/C_/pico/pico-sdk/src/common/pico_time/time.c.obj
 .text.alarm_pool_post_alloc_init
                0x10000da8       0x40 CMakeFiles/bbbfw.dir/C_/pico/pico-sdk/src/common/pico_time/time.c.obj
 .text.sleep_until_callback
                0x10000de8       0x30 CMakeFiles/bbbfw.dir/C_/pico/pico-sdk/src/common/pico_time/time.c.obj
 .text.timer_pool_entry_comparator
                0x10000e18       0x7c CMakeFiles/bbbfw.dir/C_/pico/pico-sdk/src/common/pico_time/time.c.obj
                0x10000e18                timer_pool_entry_comparator
 .text.ph_add_child_node
                0x10000e94       0xa4 CMakeFiles/bbbfw.dir/C_/pico/pico-sdk/src/common/pico_time/time.c.obj
 .text.ph_merge_nodes
                0x10000f38       0x3e CMakeFiles/bbbfw.dir/C_/pico/pico-sdk/src/common/pico_time/time.c.obj
 *fill*         0x10000f76        0x2 
 .text.add_alarm_under_lock
                0x10000f78      0x174 CMakeFiles/bbbfw.dir/C_/pico/pico-sdk/src/common/pico_time/time.c.obj
 .text.alarm_pool_alarm_callback
                0x100010ec      0x33c CMakeFiles/bbbfw.dir/C_/pico/pico-sdk/src/common/pico_time/time.c.obj
 .text.alarm_pool_init_default
                0x10001428       0x40 CMakeFiles/bbbfw.dir/C_/pico/pico-sdk/src/common/pico_time/time.c.obj
                0x10001428                alarm_pool_init_default
 .text.alarm_pool_get_default
                0x10001468       0x2c CMakeFiles/bbbfw.dir/C_/pico/pico-sdk/src/common/pico_time/time.c.obj
                0x10001468                alarm_pool_get_default
 .text.alarm_pool_add_alarm_at
                0x10001494      0x168 CMakeFiles/bbbfw.dir/C_/pico/pico-sdk/src/common/pico_time/time.c.obj
                0x10001494                alarm_pool_add_alarm_at
 .text.alarm_pool_cancel_alarm
                0x100015fc       0xf0 CMakeFiles/bbbfw.dir/C_/pico/pico-sdk/src/common/pico_time/time.c.obj
                0x100015fc                alarm_pool_cancel_alarm
 .text.alarm_pool_core_num
                0x100016ec        0x4 CMakeFiles/bbbfw.dir/C_/pico/pico-sdk/src/common/pico_time/time.c.obj
                0x100016ec                alarm_pool_core_num
 .text.alarm_pool_add_repeating_timer_us
                0x100016f0       0x98 CMakeFiles/bbbfw.dir/C_/pico/pico-sdk/src/common/pico_time/time.c.obj
                0x100016f0                alarm_pool_add_repeating_timer_us
 .text.best_effort_wfe_or_timeout
                0x10001788       0xac CMakeFiles/bbbfw.dir/C_/pico/pico-sdk/src/common/pico_time/time.c.obj
                0x10001788                best_effort_wfe_or_timeout
 .text.hardware_alarm_irq_handler
                0x10001834       0x90 CMakeFiles/bbbfw.dir/C_/pico/pico-sdk/src/rp2_common/hardware_timer/timer.c.obj
 .text.hardware_alarm_claim
                0x100018c4       0x18 CMakeFiles/bbbfw.dir/C_/pico/pico-sdk/src/rp2_common/hardware_timer/timer.c.obj
                0x100018c4                hardware_alarm_claim
 .text.time_us_64
                0x100018dc       0x18 CMakeFiles/bbbfw.dir/C_/pico/pico-sdk/src/rp2_common/hardware_timer/timer.c.obj
                0x100018dc                time_us_64
 .text.busy_wait_until
                0x100018f4       0x28 CMakeFiles/bbbfw.dir/C_/pico/pico-sdk/src/rp2_common/hardware_timer/timer.c.obj
                0x100018f4                busy_wait_until
 .text.busy_wait_us
                0x1000191c       0x48 CMakeFiles/bbbfw.dir/C_/pico/pico-sdk/src/rp2_common/hardware_timer/timer.c.obj
                0x1000191c                busy_wait_us
 .text.hardware_alarm_set_callback
                0x10001964       0x90 CMakeFiles/bbbfw.dir/C_/pico/pico-sdk/src/rp2_common/hardware_timer/timer.c.obj
                0x10001964                hardware_alarm_set_callback
 .text.hardware_alarm_set_target
                0x100019f4       0xe8 CMakeFiles/bbbfw.dir/C_/pico/pico-sdk/src/rp2_common/hardware_timer/timer.c.obj
                0x100019f4                hardware_alarm_set_target
 .text.hardware_alarm_cancel
                0x10001adc       0x40 CMakeFiles/bbbfw.dir/C_/pico/pico-sdk/src/rp2_common/hardware_timer/timer.c.obj
                0x10001adc                hardware_alarm_cancel
 .text.ph_add_child_node
                0x10001b1c       0xa4 CMakeFiles/bbbfw.dir/C_/pico/pico-sdk/src/common/pico_util/pheap.c.obj
 .text.ph_merge_nodes
                0x10001bc0       0x3e CMakeFiles/bbbfw.dir/C_/pico/pico-sdk/src/common/pico_util/pheap.c.obj
 *fill*         0x10001bfe        0x2 
 .text.ph_clear
                0x10001c00       0x70 CMakeFiles/bbbfw.dir/C_/pico/pico-sdk/src/common/pico_util/pheap.c.obj
                0x10001c00                ph_clear
 .text.ph_post_alloc_init
                0x10001c70        0xe CMakeFiles/bbbfw.dir/C_/pico/pico-sdk/src/common/pico_util/pheap.c.obj
                0x10001c70                ph_post_alloc_init
 *fill*         0x10001c7e        0x2 
 .text.ph_merge_two_pass
                0x10001c80       0xa8 CMakeFiles/bbbfw.dir/C_/pico/pico-sdk/src/common/pico_util/pheap.c.obj
                0x10001c80                ph_merge_two_pass
 .text.ph_remove_any_head
                0x10001d28      0x128 CMakeFiles/bbbfw.dir/C_/pico/pico-sdk/src/common/pico_util/pheap.c.obj
 .text.ph_remove_head
                0x10001e50       0x14 CMakeFiles/bbbfw.dir/C_/pico/pico-sdk/src/common/pico_util/pheap.c.obj
                0x10001e50                ph_remove_head
 .text.ph_remove_and_free_node
                0x10001e64       0xf8 CMakeFiles/bbbfw.dir/C_/pico/pico-sdk/src/common/pico_util/pheap.c.obj
                0x10001e64                ph_remove_and_free_node
 .text.clock_configure
                0x10001f5c      0x104 CMakeFiles/bbbfw.dir/C_/pico/pico-sdk/src/rp2_common/hardware_clocks/clocks.c.obj
                0x10001f5c                clock_configure
 .text.clocks_init
                0x10002060      0x100 CMakeFiles/bbbfw.dir/C_/pico/pico-sdk/src/rp2_common/hardware_clocks/clocks.c.obj
                0x10002060                clocks_init
 .text.pll_init
                0x10002160      0x12c CMakeFiles/bbbfw.dir/C_/pico/pico-sdk/src/rp2_common/hardware_pll/pll.c.obj
                0x10002160                pll_init
 .text.watchdog_start_tick
                0x1000228c       0x10 CMakeFiles/bbbfw.dir/C_/pico/pico-sdk/src/rp2_common/hardware_watchdog/watchdog.c.obj
                0x1000228c                watchdog_start_tick
 .text.watchdog_update
                0x1000229c       0x14 CMakeFiles/bbbfw.dir/C_/pico/pico-sdk/src/rp2_common/hardware_watchdog/watchdog.c.obj
                0x1000229c                watchdog_update
 .text._watchdog_enable
                0x100022b0       0x78 CMakeFiles/bbbfw.dir/C_/pico/pico-sdk/src/rp2_common/hardware_watchdog/watchdog.c.obj
                0x100022b0                _watchdog_enable
 .text.watchdog_reboot
                0x10002328       0x48 CMakeFiles/bbbfw.dir/C_/pico/pico-sdk/src/rp2_common/hardware_watchdog/watchdog.c.obj
                0x10002328                watchdog_reboot
 .text.xosc_init
                0x10002370       0x28 CMakeFiles/bbbfw.dir/C_/pico/pico-sdk/src/rp2_common/hardware_xosc/xosc.c.obj
                0x10002370                xosc_init
 .text._exit    0x10002398        0x4 CMakeFiles/bbbfw.dir/C_/pico/pico-sdk/src/rp2_common/pico_runtime/runtime.c.obj
                0x10002398                _exit
 .text._sbrk    0x1000239c       0x38 CMakeFiles/bbbfw.dir/C_/pico/pico-sdk/src/rp2_common/pico_runtime/runtime.c.obj
                0x1000239c                _sbrk
 .text.exit     0x100023d4        0x6 CMakeFiles/bbbfw.dir/C_/pico/pico-sdk/src/rp2_common/pico_runtime/runtime.c.obj
                0x100023d4                exit
 *fill*         0x100023da        0x2 
 .text.__assert_func
                0x100023dc       0x3c CMakeFiles/bbbfw.dir/C_/pico/pico-sdk/src/rp2_common/pico_runtime/runtime.c.obj
                0x100023dc                __assert_func
 .text.runtime_init
                0x10002418       0xf8 CMakeFiles/bbbfw.dir/C_/pico/pico-sdk/src/rp2_common/pico_runtime/runtime.c.obj
                0x10002418                runtime_init
 .text.panic    0x10002510       0x30 CMakeFiles/bbbfw.dir/C_/pico/pico-sdk/src/rp2_common/pico_runtime/runtime.c.obj
                0x10002510                panic
 .text._out_buffer
                0x10002540        0x8 CMakeFiles/bbbfw.dir/C_/pico/pico-sdk/src/rp2_common/pico_printf/printf.c.obj
 .text._out_null
                0x10002548        0x2 CMakeFiles/bbbfw.dir/C_/pico/pico-sdk/src/rp2_common/pico_printf/printf.c.obj
 .text._out_fct
                0x1000254a        0xe CMakeFiles/bbbfw.dir/C_/pico/pico-sdk/src/rp2_common/pico_printf/printf.c.obj
 .text._atoi    0x10002558       0x24 CMakeFiles/bbbfw.dir/C_/pico/pico-sdk/src/rp2_common/pico_printf/printf.c.obj
 .text._out_rev
                0x1000257c       0xae CMakeFiles/bbbfw.dir/C_/pico/pico-sdk/src/rp2_common/pico_printf/printf.c.obj
 .text._ntoa_format
                0x1000262a      0x112 CMakeFiles/bbbfw.dir/C_/pico/pico-sdk/src/rp2_common/pico_printf/printf.c.obj
 .text._ntoa_long
                0x1000273c       0xbc CMakeFiles/bbbfw.dir/C_/pico/pico-sdk/src/rp2_common/pico_printf/printf.c.obj
 .text._ntoa_long_long
                0x100027f8       0xe2 CMakeFiles/bbbfw.dir/C_/pico/pico-sdk/src/rp2_common/pico_printf/printf.c.obj
 *fill*         0x100028da        0x2 
 .text._etoa    0x100028dc      0x414 CMakeFiles/bbbfw.dir/C_/pico/pico-sdk/src/rp2_common/pico_printf/printf.c.obj
 .text._ftoa    0x10002cf0      0x354 CMakeFiles/bbbfw.dir/C_/pico/pico-sdk/src/rp2_common/pico_printf/printf.c.obj
 .text._vsnprintf
                0x10003044      0x624 CMakeFiles/bbbfw.dir/C_/pico/pico-sdk/src/rp2_common/pico_printf/printf.c.obj
 .text.__wrap_snprintf
                0x10003668       0x28 CMakeFiles/bbbfw.dir/C_/pico/pico-sdk/src/rp2_common/pico_printf/printf.c.obj
                0x10003668                __wrap_snprintf
 .text.__wrap_vsnprintf
                0x10003690       0x1c CMakeFiles/bbbfw.dir/C_/pico/pico-sdk/src/rp2_common/pico_printf/printf.c.obj
                0x10003690                __wrap_vsnprintf
 .text.vfctprintf
                0x100036ac       0x20 CMakeFiles/bbbfw.dir/C_/pico/pico-sdk/src/rp2_common/pico_printf/printf.c.obj
                0x100036ac                vfctprintf
 .text          0x100036cc       0x10 CMakeFiles/bbbfw.dir/C_/pico/pico-sdk/src/rp2_common/pico_bit_ops/bit_ops_aeabi.S.obj
 .text.rom_func_lookup
                0x100036dc       0x10 CMakeFiles/bbbfw.dir/C_/pico/pico-sdk/src/rp2_common/pico_bootrom/bootrom.c.obj
                0x100036dc                rom_func_lookup
 .text.rom_data_lookup
                0x100036ec       0x10 CMakeFiles/bbbfw.dir/C_/pico/pico-sdk/src/rp2_common/pico_bootrom/bootrom.c.obj
                0x100036ec                rom_data_lookup
 .text.rom_funcs_lookup
                0x100036fc       0x36 CMakeFiles/bbbfw.dir/C_/pico/pico-sdk/src/rp2_common/pico_bootrom/bootrom.c.obj
                0x100036fc                rom_funcs_lookup
 *fill*         0x10003732        0x2 
 .text.__wrap___aeabi_idiv
                0x10003734       0x50 CMakeFiles/bbbfw.dir/C_/pico/pico-sdk/src/rp2_common/pico_divider/divider.S.obj
                0x10003734                __wrap___aeabi_idivmod
                0x10003734                divmod_s32s32
                0x10003734                div_s32s32
                0x10003734                __wrap___aeabi_idiv
                0x1000373c                divmod_s32s32_unsafe
                0x10003768                divmod_s32s32_savestate
 .text.__wrap___aeabi_uidiv
                0x10003784       0x4c CMakeFiles/bbbfw.dir/C_/pico/pico-sdk/src/rp2_common/pico_divider/divider.S.obj
                0x10003784                __wrap___aeabi_uidiv
                0x10003784                __wrap___aeabi_uidivmod
                0x10003784                div_u32u32
                0x10003784                divmod_u32u32
                0x1000378c                divmod_u32u32_unsafe
                0x100037b4                divmod_u32u32_savestate
 .text.__wrap___aeabi_ldiv
                0x100037d0      0x424 CMakeFiles/bbbfw.dir/C_/pico/pico-sdk/src/rp2_common/pico_divider/divider.S.obj
                0x100037d0                div_s64s64
                0x100037d0                divmod_s64s64
                0x100037d0                __wrap___aeabi_ldivmod
                0x10003800                divmod_u64u64
                0x10003800                div_u64u64
                0x10003800                __wrap___aeabi_uldivmod
                0x10003810                divmod_u64u64_savestate
                0x10003830                divmod_s64s64_unsafe
                0x100038b8                divmod_u64u64_unsafe
 .text.__wrap___aeabi_darithmetic
                0x10003bf4       0x80 CMakeFiles/bbbfw.dir/C_/pico/pico-sdk/src/rp2_common/pico_double/double_aeabi.S.obj
                0x10003bf4                __wrap___aeabi_drsub
                0x10003bfa                __wrap___aeabi_dsub
                0x10003c0c                __wrap___aeabi_dadd
                0x10003c1e                __wrap___aeabi_ddiv
                0x10003c5a                __wrap___aeabi_dmul
 .text.__wrap___aeabi_cdcmple
                0x10003c74       0x6c CMakeFiles/bbbfw.dir/C_/pico/pico-sdk/src/rp2_common/pico_double/double_aeabi.S.obj
                0x10003c74                __wrap___aeabi_cdrcmple
                0x10003c84                __wrap___aeabi_cdcmpeq
                0x10003c84                __wrap___aeabi_cdcmple
 .text.__wrap___aeabi_dcmplt
                0x10003ce0        0xc CMakeFiles/bbbfw.dir/C_/pico/pico-sdk/src/rp2_common/pico_double/double_aeabi.S.obj
                0x10003ce0                __wrap___aeabi_dcmplt
 .text.__wrap___aeabi_dcmple
                0x10003cec       0x10 CMakeFiles/bbbfw.dir/C_/pico/pico-sdk/src/rp2_common/pico_double/double_aeabi.S.obj
                0x10003cec                __wrap___aeabi_dcmple
 .text.__wrap___aeabi_dcmpge
                0x10003cfc       0x10 CMakeFiles/bbbfw.dir/C_/pico/pico-sdk/src/rp2_common/pico_double/double_aeabi.S.obj
                0x10003cfc                __wrap___aeabi_dcmpge
 .text.__wrap___aeabi_dcmpgt
                0x10003d0c        0xa CMakeFiles/bbbfw.dir/C_/pico/pico-sdk/src/rp2_common/pico_double/double_aeabi.S.obj
                0x10003d0c                __wrap___aeabi_dcmpgt
 .text.__wrap___aeabi_dcmpun
                0x10003d16       0x1c CMakeFiles/bbbfw.dir/C_/pico/pico-sdk/src/rp2_common/pico_double/double_aeabi.S.obj
                0x10003d16                __wrap___aeabi_dcmpun
 *fill*         0x10003d32        0x2 
 .text.__wrap___aeabi_i2d
                0x10003d34       0x38 CMakeFiles/bbbfw.dir/C_/pico/pico-sdk/src/rp2_common/pico_double/double_aeabi.S.obj
                0x10003d34                __wrap___aeabi_ui2d
                0x10003d3c                __wrap___aeabi_i2d
 .text.__wrap___aeabi_d2iz
                0x10003d6c       0x48 CMakeFiles/bbbfw.dir/C_/pico/pico-sdk/src/rp2_common/pico_double/double_aeabi.S.obj
                0x10003d6c                double2int_z
                0x10003d6c                __wrap___aeabi_d2iz
 .text.__wrap___aeabi_d2uiz
                0x10003db4       0x18 CMakeFiles/bbbfw.dir/C_/pico/pico-sdk/src/rp2_common/pico_double/double_aeabi.S.obj
                0x10003db4                __wrap___aeabi_d2uiz
                0x10003db4                double2uint
 .text.__wrap___aeabi_d2f
                0x10003dcc       0x18 CMakeFiles/bbbfw.dir/C_/pico/pico-sdk/src/rp2_common/pico_double/double_aeabi.S.obj
                0x10003dcc                __wrap___aeabi_d2f
 .text.__aeabi_double_init
                0x10003de4       0xc8 CMakeFiles/bbbfw.dir/C_/pico/pico-sdk/src/rp2_common/pico_double/double_init_rom.c.obj
                0x10003de4                __aeabi_double_init
 .text.double_table_shim_on_use_helper
                0x10003eac       0x34 CMakeFiles/bbbfw.dir/C_/pico/pico-sdk/src/rp2_common/pico_double/double_v1_rom_shim.S.obj
                0x10003eac                double_table_shim_on_use_helper
 .text.__wrap___aeabi_dsub
                0x10003ee0       0x10 CMakeFiles/bbbfw.dir/C_/pico/pico-sdk/src/rp2_common/pico_double/double_v1_rom_shim.S.obj
                0x10003ee0                drsub_shim
                0x10003ee6                dsub_shim
 .text.dadd_shim
                0x10003ef0      0x15c CMakeFiles/bbbfw.dir/C_/pico/pico-sdk/src/rp2_common/pico_double/double_v1_rom_shim.S.obj
                0x10003ef0                dadd_shim
 .text.dmul_shim
                0x1000404c      0x15c CMakeFiles/bbbfw.dir/C_/pico/pico-sdk/src/rp2_common/pico_double/double_v1_rom_shim.S.obj
                0x1000404c                dmul_shim
 .text.ddiv_shim
                0x100041a8      0x1b0 CMakeFiles/bbbfw.dir/C_/pico/pico-sdk/src/rp2_common/pico_double/double_v1_rom_shim.S.obj
                0x100041a8                ddiv_shim
 .text.double2uint_shim
                0x10004358        0xe CMakeFiles/bbbfw.dir/C_/pico/pico-sdk/src/rp2_common/pico_double/double_v1_rom_shim.S.obj
                0x10004358                double2uint_shim
                0x1000435a                double2ufix_shim
 *fill*         0x10004366        0x2 
 .text.double2uint64_shim
                0x10004368       0x70 CMakeFiles/bbbfw.dir/C_/pico/pico-sdk/src/rp2_common/pico_double/double_v1_rom_shim.S.obj
                0x10004368                double2uint64_shim
                0x1000436a                double2ufix64_shim
                0x1000438a                d2fix_a
 .text.double2float_shim
                0x100043d8       0x5c CMakeFiles/bbbfw.dir/C_/pico/pico-sdk/src/rp2_common/pico_double/double_v1_rom_shim.S.obj
                0x100043d8                double2float_shim
 .text.dunpacks
                0x10004434       0x3c CMakeFiles/bbbfw.dir/C_/pico/pico-sdk/src/rp2_common/pico_double/double_v1_rom_shim.S.obj
                0x10004434                dunpacks
 .text.__aeabi_lmul
                0x10004470       0x32 CMakeFiles/bbbfw.dir/C_/pico/pico-sdk/src/rp2_common/pico_int64_ops/pico_int64_ops_aeabi.S.obj
                0x10004470                __wrap___aeabi_lmul
 *fill*         0x100044a2        0x2 
 .text.__wrap___aeabi_farithmetic
                0x100044a4       0x58 CMakeFiles/bbbfw.dir/C_/pico/pico-sdk/src/rp2_common/pico_float/float_aeabi.S.obj
                0x100044a4                __wrap___aeabi_frsub
                0x100044aa                __wrap___aeabi_fsub
                0x100044b4                __wrap___aeabi_fadd
                0x100044be                __wrap___aeabi_fdiv
                0x100044ea                __wrap___aeabi_fmul
 .text.__wrap___aeabi_cfcmple
                0x100044fc       0x50 CMakeFiles/bbbfw.dir/C_/pico/pico-sdk/src/rp2_common/pico_float/float_aeabi.S.obj
                0x100044fc                __wrap___aeabi_cfrcmple
                0x10004508                __wrap___aeabi_cfcmple
                0x10004508                __wrap___aeabi_cfcmpeq
 .text.__wrap___aeabi_fcmplt
                0x1000454c        0xc CMakeFiles/bbbfw.dir/C_/pico/pico-sdk/src/rp2_common/pico_float/float_aeabi.S.obj
                0x1000454c                __wrap___aeabi_fcmplt
 .text.__wrap___aeabi_fcmpge
                0x10004558       0x10 CMakeFiles/bbbfw.dir/C_/pico/pico-sdk/src/rp2_common/pico_float/float_aeabi.S.obj
                0x10004558                __wrap___aeabi_fcmpge
 .text.__wrap___aeabi_ui2f
                0x10004568        0xa CMakeFiles/bbbfw.dir/C_/pico/pico-sdk/src/rp2_common/pico_float/float_aeabi.S.obj
                0x10004568                __wrap___aeabi_ui2f
 *fill*         0x10004572        0x2 
 .text.__wrap___aeabi_i2f
                0x10004574       0x44 CMakeFiles/bbbfw.dir/C_/pico/pico-sdk/src/rp2_common/pico_float/float_aeabi.S.obj
                0x10004574                __wrap___aeabi_i2f
 .text.__wrap___aeabi_f2iz
                0x100045b8       0x4e CMakeFiles/bbbfw.dir/C_/pico/pico-sdk/src/rp2_common/pico_float/float_aeabi.S.obj
                0x100045b8                float2int_z
                0x100045b8                __wrap___aeabi_f2iz
 *fill*         0x10004606        0x2 
 .text.float2int
                0x10004608       0x14 CMakeFiles/bbbfw.dir/C_/pico/pico-sdk/src/rp2_common/pico_float/float_aeabi.S.obj
                0x10004608                float2int
 .text.__wrap___aeabi_f2uiz
                0x1000461c       0x10 CMakeFiles/bbbfw.dir/C_/pico/pico-sdk/src/rp2_common/pico_float/float_aeabi.S.obj
                0x1000461c                __wrap___aeabi_f2uiz
 .text.__wrap___aeabi_f2d
                0x1000462c       0x14 CMakeFiles/bbbfw.dir/C_/pico/pico-sdk/src/rp2_common/pico_float/float_aeabi.S.obj
                0x1000462c                __wrap___aeabi_f2d
 .text.__aeabi_float_init
                0x10004640       0xfc CMakeFiles/bbbfw.dir/C_/pico/pico-sdk/src/rp2_common/pico_float/float_init_rom.c.obj
                0x10004640                __aeabi_float_init
 .text.float_table_shim_on_use_helper
                0x1000473c       0x34 CMakeFiles/bbbfw.dir/C_/pico/pico-sdk/src/rp2_common/pico_float/float_v1_rom_shim.S.obj
                0x1000473c                float_table_shim_on_use_helper
 .text.float232_shims
                0x10004770       0x18 CMakeFiles/bbbfw.dir/C_/pico/pico-sdk/src/rp2_common/pico_float/float_v1_rom_shim.S.obj
                0x10004770                float2int_shim
                0x10004772                float2fix_shim
 .text.float2double_shim
                0x10004788       0x30 CMakeFiles/bbbfw.dir/C_/pico/pico-sdk/src/rp2_common/pico_float/float_v1_rom_shim.S.obj
                0x10004788                float2double_shim
 .text.__wrap_malloc
                0x100047b8       0x3c CMakeFiles/bbbfw.dir/C_/pico/pico-sdk/src/rp2_common/pico_malloc/pico_malloc.c.obj
                0x100047b8                __wrap_malloc
 .text.__wrap_calloc
                0x100047f4       0x40 CMakeFiles/bbbfw.dir/C_/pico/pico-sdk/src/rp2_common/pico_malloc/pico_malloc.c.obj
                0x100047f4                __wrap_calloc
 .text.__wrap_realloc
                0x10004834       0x40 CMakeFiles/bbbfw.dir/C_/pico/pico-sdk/src/rp2_common/pico_malloc/pico_malloc.c.obj
                0x10004834                __wrap_realloc
 .text.__wrap_free
                0x10004874       0x20 CMakeFiles/bbbfw.dir/C_/pico/pico-sdk/src/rp2_common/pico_malloc/pico_malloc.c.obj
                0x10004874                __wrap_free
 .text          0x10004894       0x10 CMakeFiles/bbbfw.dir/C_/pico/pico-sdk/src/rp2_common/pico_mem_ops/mem_ops_aeabi.S.obj
                0x10004894                __aeabi_mem_init
 .text.memset   0x100048a4        0xc CMakeFiles/bbbfw.dir/C_/pico/pico-sdk/src/rp2_common/pico_mem_ops/mem_ops_aeabi.S.obj
                0x100048a4                __wrap_memset
 .text.memcpy   0x100048b0        0xc CMakeFiles/bbbfw.dir/C_/pico/pico-sdk/src/rp2_common/pico_mem_ops/mem_ops_aeabi.S.obj
                0x100048b0                __wrap_memcpy
                0x100048b0                __wrap___aeabi_memcpy
 .text.stdio_out_chars_no_crlf
                0x100048bc        0xe CMakeFiles/bbbfw.dir/C_/pico/pico-sdk/src/rp2_common/pico_stdio/stdio.c.obj
 .text.stdio_out_chars_crlf
                0x100048ca        0xe CMakeFiles/bbbfw.dir/C_/pico/pico-sdk/src/rp2_common/pico_stdio/stdio.c.obj
 .text.stdio_stack_buffer_flush
                0x100048d8       0x44 CMakeFiles/bbbfw.dir/C_/pico/pico-sdk/src/rp2_common/pico_stdio/stdio.c.obj
 .text.stdio_buffered_printer
                0x1000491c       0x20 CMakeFiles/bbbfw.dir/C_/pico/pico-sdk/src/rp2_common/pico_stdio/stdio.c.obj
 .text.stdio_get_until
                0x1000493c       0x80 CMakeFiles/bbbfw.dir/C_/pico/pico-sdk/src/rp2_common/pico_stdio/stdio.c.obj
 .text.stdout_serialize_begin
                0x100049bc       0x5c CMakeFiles/bbbfw.dir/C_/pico/pico-sdk/src/rp2_common/pico_stdio/stdio.c.obj
                0x100049bc                stdout_serialize_begin
 .text.stdout_serialize_end
                0x10004a18       0x10 CMakeFiles/bbbfw.dir/C_/pico/pico-sdk/src/rp2_common/pico_stdio/stdio.c.obj
                0x10004a18                stdout_serialize_end
 .text.stdio_put_string
                0x10004a28       0x98 CMakeFiles/bbbfw.dir/C_/pico/pico-sdk/src/rp2_common/pico_stdio/stdio.c.obj
 .text.__wrap_putchar
                0x10004ac0       0x1c CMakeFiles/bbbfw.dir/C_/pico/pico-sdk/src/rp2_common/pico_stdio/stdio.c.obj
                0x10004ac0                __wrap_putchar
 .text.stdio_set_driver_enabled
                0x10004adc       0x2c CMakeFiles/bbbfw.dir/C_/pico/pico-sdk/src/rp2_common/pico_stdio/stdio.c.obj
                0x10004adc                stdio_set_driver_enabled
 .text.stdio_flush
                0x10004b08       0x20 CMakeFiles/bbbfw.dir/C_/pico/pico-sdk/src/rp2_common/pico_stdio/stdio.c.obj
                0x10004b08                stdio_flush
 .text.__wrap_puts
                0x10004b28       0x1e CMakeFiles/bbbfw.dir/C_/pico/pico-sdk/src/rp2_common/pico_stdio/stdio.c.obj
                0x10004b28                __wrap_puts
 *fill*         0x10004b46        0x2 
 .text.__wrap_vprintf
                0x10004b48       0x40 CMakeFiles/bbbfw.dir/C_/pico/pico-sdk/src/rp2_common/pico_stdio/stdio.c.obj
                0x10004b48                __wrap_vprintf
 .text.__wrap_printf
                0x10004b88       0x18 CMakeFiles/bbbfw.dir/C_/pico/pico-sdk/src/rp2_common/pico_stdio/stdio.c.obj
                0x10004b88                __wrap_printf
 .text.stdio_init_all
                0x10004ba0        0x8 CMakeFiles/bbbfw.dir/C_/pico/pico-sdk/src/rp2_common/pico_stdio/stdio.c.obj
                0x10004ba0                stdio_init_all
 .text.getchar_timeout_us
                0x10004ba8       0x80 CMakeFiles/bbbfw.dir/C_/pico/pico-sdk/src/rp2_common/pico_stdio/stdio.c.obj
                0x10004ba8                getchar_timeout_us
 .text.resetd_init
                0x10004c28        0x2 CMakeFiles/bbbfw.dir/C_/pico/pico-sdk/src/rp2_common/pico_stdio_usb/reset_interface.c.obj
 *fill*         0x10004c2a        0x2 
 .text.resetd_reset
                0x10004c2c        0xc CMakeFiles/bbbfw.dir/C_/pico/pico-sdk/src/rp2_common/pico_stdio_usb/reset_interface.c.obj
 .text.resetd_open
                0x10004c38       0x34 CMakeFiles/bbbfw.dir/C_/pico/pico-sdk/src/rp2_common/pico_stdio_usb/reset_interface.c.obj
 .text.resetd_xfer_cb
                0x10004c6c        0x4 CMakeFiles/bbbfw.dir/C_/pico/pico-sdk/src/rp2_common/pico_stdio_usb/reset_interface.c.obj
 .text.reset_usb_boot
                0x10004c70       0x18 CMakeFiles/bbbfw.dir/C_/pico/pico-sdk/src/rp2_common/pico_stdio_usb/reset_interface.c.obj
 .text.resetd_control_xfer_cb
                0x10004c88       0x5c CMakeFiles/bbbfw.dir/C_/pico/pico-sdk/src/rp2_common/pico_stdio_usb/reset_interface.c.obj
 .text.usbd_app_driver_get_cb
                0x10004ce4        0xc CMakeFiles/bbbfw.dir/C_/pico/pico-sdk/src/rp2_common/pico_stdio_usb/reset_interface.c.obj
                0x10004ce4                usbd_app_driver_get_cb
 .text.tud_cdc_line_coding_cb
                0x10004cf0       0x28 CMakeFiles/bbbfw.dir/C_/pico/pico-sdk/src/rp2_common/pico_stdio_usb/reset_interface.c.obj
                0x10004cf0                tud_cdc_line_coding_cb
 .text.stdio_usb_set_chars_available_callback
                0x10004d18       0x14 CMakeFiles/bbbfw.dir/C_/pico/pico-sdk/src/rp2_common/pico_stdio_usb/stdio_usb.c.obj
                0x10004d18                stdio_usb_set_chars_available_callback
 .text.usb_irq  0x10004d2c       0x10 CMakeFiles/bbbfw.dir/C_/pico/pico-sdk/src/rp2_common/pico_stdio_usb/stdio_usb.c.obj
 .text.timer_task
                0x10004d3c       0x58 CMakeFiles/bbbfw.dir/C_/pico/pico-sdk/src/rp2_common/pico_stdio_usb/stdio_usb.c.obj
 .text.low_priority_worker_irq
                0x10004d94       0xd8 CMakeFiles/bbbfw.dir/C_/pico/pico-sdk/src/rp2_common/pico_stdio_usb/stdio_usb.c.obj
 .text.tud_cdc_rx_cb
                0x10004e6c       0x20 CMakeFiles/bbbfw.dir/C_/pico/pico-sdk/src/rp2_common/pico_stdio_usb/stdio_usb.c.obj
                0x10004e6c                tud_cdc_rx_cb
 .text.stdio_usb_init
                0x10004e8c      0x12c CMakeFiles/bbbfw.dir/C_/pico/pico-sdk/src/rp2_common/pico_stdio_usb/stdio_usb.c.obj
                0x10004e8c                stdio_usb_init
 .text.stdio_usb_connected
                0x10004fb8        0xa CMakeFiles/bbbfw.dir/C_/pico/pico-sdk/src/rp2_common/pico_stdio_usb/stdio_usb.c.obj
                0x10004fb8                stdio_usb_connected
 *fill*         0x10004fc2        0x2 
 .text.stdio_usb_in_chars
                0x10004fc4       0xc4 CMakeFiles/bbbfw.dir/C_/pico/pico-sdk/src/rp2_common/pico_stdio_usb/stdio_usb.c.obj
                0x10004fc4                stdio_usb_in_chars
 .text.stdio_usb_out_chars
                0x10005088      0x114 CMakeFiles/bbbfw.dir/C_/pico/pico-sdk/src/rp2_common/pico_stdio_usb/stdio_usb.c.obj
 .text.tud_descriptor_device_cb
                0x1000519c        0x8 CMakeFiles/bbbfw.dir/C_/pico/pico-sdk/src/rp2_common/pico_stdio_usb/stdio_usb_descriptors.c.obj
                0x1000519c                tud_descriptor_device_cb
 .text.tud_descriptor_configuration_cb
                0x100051a4        0x8 CMakeFiles/bbbfw.dir/C_/pico/pico-sdk/src/rp2_common/pico_stdio_usb/stdio_usb_descriptors.c.obj
                0x100051a4                tud_descriptor_configuration_cb
 .text.tud_descriptor_string_cb
                0x100051ac       0x6c CMakeFiles/bbbfw.dir/C_/pico/pico-sdk/src/rp2_common/pico_stdio_usb/stdio_usb_descriptors.c.obj
                0x100051ac                tud_descriptor_string_cb
 .text._retrieve_unique_id_on_boot
                0x10005218       0x10 CMakeFiles/bbbfw.dir/C_/pico/pico-sdk/src/rp2_common/pico_unique_id/unique_id.c.obj
 .text.pico_get_unique_board_id_string
                0x10005228       0x60 CMakeFiles/bbbfw.dir/C_/pico/pico-sdk/src/rp2_common/pico_unique_id/unique_id.c.obj
                0x10005228                pico_get_unique_board_id_string
 .text.flash_get_unique_id
                0x10005288       0x46 CMakeFiles/bbbfw.dir/C_/pico/pico-sdk/src/rp2_common/hardware_flash/flash.c.obj
                0x10005288                flash_get_unique_id
 *fill*         0x100052ce        0x2 
 .text.hw_endpoint_get_by_addr
                0x100052d0       0x18 CMakeFiles/bbbfw.dir/C_/pico/pico-sdk/lib/tinyusb/src/portable/raspberrypi/rp2040/dcd_rp2040.c.obj
 .text._hw_endpoint_alloc
                0x100052e8       0x70 CMakeFiles/bbbfw.dir/C_/pico/pico-sdk/lib/tinyusb/src/portable/raspberrypi/rp2040/dcd_rp2040.c.obj
 .text.hw_endpoint_init
                0x10005358       0x88 CMakeFiles/bbbfw.dir/C_/pico/pico-sdk/lib/tinyusb/src/portable/raspberrypi/rp2040/dcd_rp2040.c.obj
 .text.hw_endpoint_xfer
                0x100053e0       0x14 CMakeFiles/bbbfw.dir/C_/pico/pico-sdk/lib/tinyusb/src/portable/raspberrypi/rp2040/dcd_rp2040.c.obj
 .text.dcd_int_enable
                0x100053f4       0x2c CMakeFiles/bbbfw.dir/C_/pico/pico-sdk/lib/tinyusb/src/portable/raspberrypi/rp2040/dcd_rp2040.c.obj
                0x100053f4                dcd_int_enable
 .text.dcd_set_address
                0x10005420       0x2c CMakeFiles/bbbfw.dir/C_/pico/pico-sdk/lib/tinyusb/src/portable/raspberrypi/rp2040/dcd_rp2040.c.obj
                0x10005420                dcd_set_address
 .text.dcd_connect
                0x1000544c       0x10 CMakeFiles/bbbfw.dir/C_/pico/pico-sdk/lib/tinyusb/src/portable/raspberrypi/rp2040/dcd_rp2040.c.obj
                0x1000544c                dcd_connect
 .text.dcd_init
                0x1000545c       0x80 CMakeFiles/bbbfw.dir/C_/pico/pico-sdk/lib/tinyusb/src/portable/raspberrypi/rp2040/dcd_rp2040.c.obj
                0x1000545c                dcd_init
 .text.dcd_edpt0_status_complete
                0x100054dc       0x1c CMakeFiles/bbbfw.dir/C_/pico/pico-sdk/lib/tinyusb/src/portable/raspberrypi/rp2040/dcd_rp2040.c.obj
                0x100054dc                dcd_edpt0_status_complete
 .text.dcd_edpt_open
                0x100054f8       0x40 CMakeFiles/bbbfw.dir/C_/pico/pico-sdk/lib/tinyusb/src/portable/raspberrypi/rp2040/dcd_rp2040.c.obj
                0x100054f8                dcd_edpt_open
 .text.dcd_edpt_close_all
                0x10005538        0x8 CMakeFiles/bbbfw.dir/C_/pico/pico-sdk/lib/tinyusb/src/portable/raspberrypi/rp2040/dcd_rp2040.c.obj
                0x10005538                dcd_edpt_close_all
 .text.dcd_edpt_xfer
                0x10005540       0x34 CMakeFiles/bbbfw.dir/C_/pico/pico-sdk/lib/tinyusb/src/portable/raspberrypi/rp2040/dcd_rp2040.c.obj
                0x10005540                dcd_edpt_xfer
 .text.dcd_edpt_stall
                0x10005574       0x2c CMakeFiles/bbbfw.dir/C_/pico/pico-sdk/lib/tinyusb/src/portable/raspberrypi/rp2040/dcd_rp2040.c.obj
                0x10005574                dcd_edpt_stall
 .text.dcd_edpt_clear_stall
                0x100055a0       0x20 CMakeFiles/bbbfw.dir/C_/pico/pico-sdk/lib/tinyusb/src/portable/raspberrypi/rp2040/dcd_rp2040.c.obj
                0x100055a0                dcd_edpt_clear_stall
 .text.rp2040_usb_init
                0x100055c0       0x4c CMakeFiles/bbbfw.dir/C_/pico/pico-sdk/lib/tinyusb/src/portable/raspberrypi/rp2040/rp2040_usb.c.obj
                0x100055c0                rp2040_usb_init
 .text.hw_endpoint_xfer_start
                0x1000560c       0x50 CMakeFiles/bbbfw.dir/C_/pico/pico-sdk/lib/tinyusb/src/portable/raspberrypi/rp2040/rp2040_usb.c.obj
                0x1000560c                hw_endpoint_xfer_start
 .text.configuration_reset
                0x1000565c       0x84 CMakeFiles/bbbfw.dir/C_/pico/pico-sdk/lib/tinyusb/src/device/usbd.c.obj
 .text.usbd_reset
                0x100056e0        0xc CMakeFiles/bbbfw.dir/C_/pico/pico-sdk/lib/tinyusb/src/device/usbd.c.obj
 .text.invoke_class_control
                0x100056ec       0x1a CMakeFiles/bbbfw.dir/C_/pico/pico-sdk/lib/tinyusb/src/device/usbd.c.obj
 *fill*         0x10005706        0x2 
 .text.process_set_config
                0x10005708      0x178 CMakeFiles/bbbfw.dir/C_/pico/pico-sdk/lib/tinyusb/src/device/usbd.c.obj
 .text.process_get_descriptor
                0x10005880       0xdc CMakeFiles/bbbfw.dir/C_/pico/pico-sdk/lib/tinyusb/src/device/usbd.c.obj
 .text.tud_mounted
                0x1000595c       0x10 CMakeFiles/bbbfw.dir/C_/pico/pico-sdk/lib/tinyusb/src/device/usbd.c.obj
                0x1000595c                tud_mounted
 .text.tud_suspended
                0x1000596c       0x10 CMakeFiles/bbbfw.dir/C_/pico/pico-sdk/lib/tinyusb/src/device/usbd.c.obj
                0x1000596c                tud_suspended
 .text.tud_inited
                0x1000597c       0x14 CMakeFiles/bbbfw.dir/C_/pico/pico-sdk/lib/tinyusb/src/device/usbd.c.obj
                0x1000597c                tud_inited
 .text.tud_init
                0x10005990       0xcc CMakeFiles/bbbfw.dir/C_/pico/pico-sdk/lib/tinyusb/src/device/usbd.c.obj
                0x10005990                tud_init
 .text.usbd_defer_func
                0x10005a5c       0x2a CMakeFiles/bbbfw.dir/C_/pico/pico-sdk/lib/tinyusb/src/device/usbd.c.obj
                0x10005a5c                usbd_defer_func
 *fill*         0x10005a86        0x2 
 .text.usbd_edpt_open
                0x10005a88       0x34 CMakeFiles/bbbfw.dir/C_/pico/pico-sdk/lib/tinyusb/src/device/usbd.c.obj
                0x10005a88                usbd_edpt_open
 .text.usbd_open_edpt_pair
                0x10005abc       0x62 CMakeFiles/bbbfw.dir/C_/pico/pico-sdk/lib/tinyusb/src/device/usbd.c.obj
                0x10005abc                usbd_open_edpt_pair
 *fill*         0x10005b1e        0x2 
 .text.usbd_edpt_claim
                0x10005b20       0x28 CMakeFiles/bbbfw.dir/C_/pico/pico-sdk/lib/tinyusb/src/device/usbd.c.obj
                0x10005b20                usbd_edpt_claim
 .text.usbd_edpt_release
                0x10005b48       0x28 CMakeFiles/bbbfw.dir/C_/pico/pico-sdk/lib/tinyusb/src/device/usbd.c.obj
                0x10005b48                usbd_edpt_release
 .text.usbd_edpt_xfer
                0x10005b70       0x78 CMakeFiles/bbbfw.dir/C_/pico/pico-sdk/lib/tinyusb/src/device/usbd.c.obj
                0x10005b70                usbd_edpt_xfer
 .text.usbd_edpt_stall
                0x10005be8       0x48 CMakeFiles/bbbfw.dir/C_/pico/pico-sdk/lib/tinyusb/src/device/usbd.c.obj
                0x10005be8                usbd_edpt_stall
 .text.usbd_edpt_clear_stall
                0x10005c30       0x48 CMakeFiles/bbbfw.dir/C_/pico/pico-sdk/lib/tinyusb/src/device/usbd.c.obj
                0x10005c30                usbd_edpt_clear_stall
 .text.usbd_edpt_stalled
                0x10005c78       0x1c CMakeFiles/bbbfw.dir/C_/pico/pico-sdk/lib/tinyusb/src/device/usbd.c.obj
                0x10005c78                usbd_edpt_stalled
 .text.process_control_request
                0x10005c94      0x37c CMakeFiles/bbbfw.dir/C_/pico/pico-sdk/lib/tinyusb/src/device/usbd.c.obj
 .text.tud_task_ext
                0x10006010      0x1b4 CMakeFiles/bbbfw.dir/C_/pico/pico-sdk/lib/tinyusb/src/device/usbd.c.obj
                0x10006010                tud_task_ext
 .text._data_stage_xact
                0x100061c4       0x58 CMakeFiles/bbbfw.dir/C_/pico/pico-sdk/lib/tinyusb/src/device/usbd_control.c.obj
 .text.tud_control_status
                0x1000621c       0x38 CMakeFiles/bbbfw.dir/C_/pico/pico-sdk/lib/tinyusb/src/device/usbd_control.c.obj
                0x1000621c                tud_control_status
 .text.tud_control_xfer
                0x10006254       0x74 CMakeFiles/bbbfw.dir/C_/pico/pico-sdk/lib/tinyusb/src/device/usbd_control.c.obj
                0x10006254                tud_control_xfer
 .text.usbd_control_reset
                0x100062c8       0x14 CMakeFiles/bbbfw.dir/C_/pico/pico-sdk/lib/tinyusb/src/device/usbd_control.c.obj
                0x100062c8                usbd_control_reset
 .text.usbd_control_set_complete_callback
                0x100062dc        0xc CMakeFiles/bbbfw.dir/C_/pico/pico-sdk/lib/tinyusb/src/device/usbd_control.c.obj
                0x100062dc                usbd_control_set_complete_callback
 .text.usbd_control_set_request
                0x100062e8       0x1c CMakeFiles/bbbfw.dir/C_/pico/pico-sdk/lib/tinyusb/src/device/usbd_control.c.obj
                0x100062e8                usbd_control_set_request
 .text.usbd_control_xfer_cb
                0x10006304       0xcc CMakeFiles/bbbfw.dir/C_/pico/pico-sdk/lib/tinyusb/src/device/usbd_control.c.obj
                0x10006304                usbd_control_xfer_cb
 .text._prep_out_transaction
                0x100063d0       0x4a CMakeFiles/bbbfw.dir/C_/pico/pico-sdk/lib/tinyusb/src/class/cdc/cdc_device.c.obj
 *fill*         0x1000641a        0x2 
 .text.tud_cdc_n_connected
                0x1000641c       0x44 CMakeFiles/bbbfw.dir/C_/pico/pico-sdk/lib/tinyusb/src/class/cdc/cdc_device.c.obj
                0x1000641c                tud_cdc_n_connected
 .text.tud_cdc_n_available
                0x10006460       0x18 CMakeFiles/bbbfw.dir/C_/pico/pico-sdk/lib/tinyusb/src/class/cdc/cdc_device.c.obj
                0x10006460                tud_cdc_n_available
 .text.tud_cdc_n_read
                0x10006478       0x28 CMakeFiles/bbbfw.dir/C_/pico/pico-sdk/lib/tinyusb/src/class/cdc/cdc_device.c.obj
                0x10006478                tud_cdc_n_read
 .text.tud_cdc_n_write_flush
                0x100064a0       0xb8 CMakeFiles/bbbfw.dir/C_/pico/pico-sdk/lib/tinyusb/src/class/cdc/cdc_device.c.obj
                0x100064a0                tud_cdc_n_write_flush
 .text.tud_cdc_n_write
                0x10006558       0x38 CMakeFiles/bbbfw.dir/C_/pico/pico-sdk/lib/tinyusb/src/class/cdc/cdc_device.c.obj
                0x10006558                tud_cdc_n_write
 .text.tud_cdc_n_write_available
                0x10006590       0x1c CMakeFiles/bbbfw.dir/C_/pico/pico-sdk/lib/tinyusb/src/class/cdc/cdc_device.c.obj
                0x10006590                tud_cdc_n_write_available
 .text.cdcd_init
                0x100065ac       0xbc CMakeFiles/bbbfw.dir/C_/pico/pico-sdk/lib/tinyusb/src/class/cdc/cdc_device.c.obj
                0x100065ac                cdcd_init
 .text.cdcd_reset
                0x10006668       0x44 CMakeFiles/bbbfw.dir/C_/pico/pico-sdk/lib/tinyusb/src/class/cdc/cdc_device.c.obj
                0x10006668                cdcd_reset
 .text.cdcd_open
                0x100066ac       0xcc CMakeFiles/bbbfw.dir/C_/pico/pico-sdk/lib/tinyusb/src/class/cdc/cdc_device.c.obj
                0x100066ac                cdcd_open
 .text.cdcd_control_xfer_cb
                0x10006778      0x134 CMakeFiles/bbbfw.dir/C_/pico/pico-sdk/lib/tinyusb/src/class/cdc/cdc_device.c.obj
                0x10006778                cdcd_control_xfer_cb
 .text.cdcd_xfer_cb
                0x100068ac      0x130 CMakeFiles/bbbfw.dir/C_/pico/pico-sdk/lib/tinyusb/src/class/cdc/cdc_device.c.obj
                0x100068ac                cdcd_xfer_cb
 .text.tusb_init
                0x100069dc        0xa CMakeFiles/bbbfw.dir/C_/pico/pico-sdk/lib/tinyusb/src/tusb.c.obj
                0x100069dc                tusb_init
 .text.tusb_inited
                0x100069e6        0xe CMakeFiles/bbbfw.dir/C_/pico/pico-sdk/lib/tinyusb/src/tusb.c.obj
                0x100069e6                tusb_inited
 .text.tu_edpt_claim
                0x100069f4       0x50 CMakeFiles/bbbfw.dir/C_/pico/pico-sdk/lib/tinyusb/src/tusb.c.obj
                0x100069f4                tu_edpt_claim
 .text.tu_edpt_release
                0x10006a44       0x3c CMakeFiles/bbbfw.dir/C_/pico/pico-sdk/lib/tinyusb/src/tusb.c.obj
                0x10006a44                tu_edpt_release
 .text.tu_edpt_validate
                0x10006a80       0x78 CMakeFiles/bbbfw.dir/C_/pico/pico-sdk/lib/tinyusb/src/tusb.c.obj
                0x10006a80                tu_edpt_validate
 .text.tu_edpt_bind_driver
                0x10006af8       0x26 CMakeFiles/bbbfw.dir/C_/pico/pico-sdk/lib/tinyusb/src/tusb.c.obj
                0x10006af8                tu_edpt_bind_driver
 .text.advance_index
                0x10006b1e       0x1a CMakeFiles/bbbfw.dir/C_/pico/pico-sdk/lib/tinyusb/src/common/tusb_fifo.c.obj
 .text._tu_fifo_peek
                0x10006b38       0x56 CMakeFiles/bbbfw.dir/C_/pico/pico-sdk/lib/tinyusb/src/common/tusb_fifo.c.obj
 .text._ff_pull_const_addr
                0x10006b8e       0x4c CMakeFiles/bbbfw.dir/C_/pico/pico-sdk/lib/tinyusb/src/common/tusb_fifo.c.obj
 .text._ff_pull_n
                0x10006bda      0x110 CMakeFiles/bbbfw.dir/C_/pico/pico-sdk/lib/tinyusb/src/common/tusb_fifo.c.obj
 .text._tu_fifo_peek_n
                0x10006cea       0x6a CMakeFiles/bbbfw.dir/C_/pico/pico-sdk/lib/tinyusb/src/common/tusb_fifo.c.obj
 .text._tu_fifo_read_n
                0x10006d54       0x4e CMakeFiles/bbbfw.dir/C_/pico/pico-sdk/lib/tinyusb/src/common/tusb_fifo.c.obj
 .text._ff_push_const_addr
                0x10006da2       0x40 CMakeFiles/bbbfw.dir/C_/pico/pico-sdk/lib/tinyusb/src/common/tusb_fifo.c.obj
 .text._ff_push_n
                0x10006de2      0x10c CMakeFiles/bbbfw.dir/C_/pico/pico-sdk/lib/tinyusb/src/common/tusb_fifo.c.obj
 .text._tu_fifo_write_n
                0x10006eee       0xf0 CMakeFiles/bbbfw.dir/C_/pico/pico-sdk/lib/tinyusb/src/common/tusb_fifo.c.obj
 .text.tu_fifo_config
                0x10006fde       0x7c CMakeFiles/bbbfw.dir/C_/pico/pico-sdk/lib/tinyusb/src/common/tusb_fifo.c.obj
                0x10006fde                tu_fifo_config
 .text.tu_fifo_count
                0x1000705a       0x2a CMakeFiles/bbbfw.dir/C_/pico/pico-sdk/lib/tinyusb/src/common/tusb_fifo.c.obj
                0x1000705a                tu_fifo_count
 .text.tu_fifo_empty
                0x10007084       0x10 CMakeFiles/bbbfw.dir/C_/pico/pico-sdk/lib/tinyusb/src/common/tusb_fifo.c.obj
                0x10007084                tu_fifo_empty
 .text.tu_fifo_full
                0x10007094       0x28 CMakeFiles/bbbfw.dir/C_/pico/pico-sdk/lib/tinyusb/src/common/tusb_fifo.c.obj
                0x10007094                tu_fifo_full
 .text.tu_fifo_remaining
                0x100070bc       0x2c CMakeFiles/bbbfw.dir/C_/pico/pico-sdk/lib/tinyusb/src/common/tusb_fifo.c.obj
                0x100070bc                tu_fifo_remaining
 .text.tu_fifo_read
                0x100070e8       0x42 CMakeFiles/bbbfw.dir/C_/pico/pico-sdk/lib/tinyusb/src/common/tusb_fifo.c.obj
                0x100070e8                tu_fifo_read
 .text.tu_fifo_read_n
                0x1000712a        0xa CMakeFiles/bbbfw.dir/C_/pico/pico-sdk/lib/tinyusb/src/common/tusb_fifo.c.obj
                0x1000712a                tu_fifo_read_n
 .text.tu_fifo_write
                0x10007134       0x64 CMakeFiles/bbbfw.dir/C_/pico/pico-sdk/lib/tinyusb/src/common/tusb_fifo.c.obj
                0x10007134                tu_fifo_write
 .text.tu_fifo_write_n
                0x10007198        0xa CMakeFiles/bbbfw.dir/C_/pico/pico-sdk/lib/tinyusb/src/common/tusb_fifo.c.obj
                0x10007198                tu_fifo_write_n
 .text.tu_fifo_clear
                0x100071a2       0x3e CMakeFiles/bbbfw.dir/C_/pico/pico-sdk/lib/tinyusb/src/common/tusb_fifo.c.obj
                0x100071a2                tu_fifo_clear
 .text.tu_fifo_set_overwritable
                0x100071e0       0x46 CMakeFiles/bbbfw.dir/C_/pico/pico-sdk/lib/tinyusb/src/common/tusb_fifo.c.obj
                0x100071e0                tu_fifo_set_overwritable
 *fill*         0x10007226        0x2 
 .text._pio_can_add_program_at_offset
                0x10007228       0x3c CMakeFiles/bbbfw.dir/C_/pico/pico-sdk/src/rp2_common/hardware_pio/pio.c.obj
 .text._pio_find_offset_for_program
                0x10007264       0x7c CMakeFiles/bbbfw.dir/C_/pico/pico-sdk/src/rp2_common/hardware_pio/pio.c.obj
 .text._pio_add_program_at_offset
                0x100072e0       0x78 CMakeFiles/bbbfw.dir/C_/pico/pico-sdk/src/rp2_common/hardware_pio/pio.c.obj
 .text.pio_add_program
                0x10007358       0x38 CMakeFiles/bbbfw.dir/C_/pico/pico-sdk/src/rp2_common/hardware_pio/pio.c.obj
                0x10007358                pio_add_program
 .text.pio_sm_set_consecutive_pindirs
                0x10007390       0xa4 CMakeFiles/bbbfw.dir/C_/pico/pico-sdk/src/rp2_common/hardware_pio/pio.c.obj
                0x10007390                pio_sm_set_consecutive_pindirs
 .text.pio_sm_init
                0x10007434       0xe4 CMakeFiles/bbbfw.dir/C_/pico/pico-sdk/src/rp2_common/hardware_pio/pio.c.obj
                0x10007434                pio_sm_init
 .text.clock_gettime
                0x10007518       0x3c src\ros_comm\libbbb_ros_comm.a(pico_uart_transport.c.obj)
                0x10007518                clock_gettime
 .text.pico_serial_transport_open
                0x10007554        0xa src\ros_comm\libbbb_ros_comm.a(pico_uart_transport.c.obj)
                0x10007554                pico_serial_transport_open
 .text.pico_serial_transport_close
                0x1000755e        0x4 src\ros_comm\libbbb_ros_comm.a(pico_uart_transport.c.obj)
                0x1000755e                pico_serial_transport_close
 .text.pico_serial_transport_write
                0x10007562       0x2e src\ros_comm\libbbb_ros_comm.a(pico_uart_transport.c.obj)
                0x10007562                pico_serial_transport_write
 .text.pico_serial_transport_read
                0x10007590       0x82 src\ros_comm\libbbb_ros_comm.a(pico_uart_transport.c.obj)
                0x10007590                pico_serial_transport_read
 *fill*         0x10007612        0x2 
 .text.rosidl_typesupport_c__get_message_type_support_handle__geometry_msgs__msg__Twist
                0x10007614       0x1c F:\Project\Dissertation\Firmware\bbb_firmware\pico\micro_ros_raspberrypi_pico_sdk\libmicroros\libmicroros.a(libgeometry_msgs__rosidl_typesupport_c-twist__type_support.cpp.obj)
                0x10007614                rosidl_typesupport_c__get_message_type_support_handle__geometry_msgs__msg__Twist
 .text.startup._GLOBAL__sub_I_rosidl_typesupport_c__get_message_type_support_handle__geometry_msgs__msg__Twist
                0x10007630       0x14 F:\Project\Dissertation\Firmware\bbb_firmware\pico\micro_ros_raspberrypi_pico_sdk\libmicroros\libmicroros.a(libgeometry_msgs__rosidl_typesupport_c-twist__type_support.cpp.obj)
 .text.geometry_msgs__msg__Twist__rosidl_typesupport_introspection_c__Twist_init_function
                0x10007644        0x8 F:\Project\Dissertation\Firmware\bbb_firmware\pico\micro_ros_raspberrypi_pico_sdk\libmicroros\libmicroros.a(libgeometry_msgs__rosidl_typesupport_introspection_c-twist__type_support.c.obj)
                0x10007644                geometry_msgs__msg__Twist__rosidl_typesupport_introspection_c__Twist_init_function
 .text.geometry_msgs__msg__Twist__rosidl_typesupport_introspection_c__Twist_fini_function
                0x1000764c        0x8 F:\Project\Dissertation\Firmware\bbb_firmware\pico\micro_ros_raspberrypi_pico_sdk\libmicroros\libmicroros.a(libgeometry_msgs__rosidl_typesupport_introspection_c-twist__type_support.c.obj)
                0x1000764c                geometry_msgs__msg__Twist__rosidl_typesupport_introspection_c__Twist_fini_function
 .text.rosidl_typesupport_introspection_c__get_message_type_support_handle__geometry_msgs__msg__Twist
                0x10007654       0x30 F:\Project\Dissertation\Firmware\bbb_firmware\pico\micro_ros_raspberrypi_pico_sdk\libmicroros\libmicroros.a(libgeometry_msgs__rosidl_typesupport_introspection_c-twist__type_support.c.obj)
                0x10007654                rosidl_typesupport_introspection_c__get_message_type_support_handle__geometry_msgs__msg__Twist
 .text.geometry_msgs__msg__Vector3__rosidl_typesupport_introspection_c__Vector3_init_function
                0x10007684        0x8 F:\Project\Dissertation\Firmware\bbb_firmware\pico\micro_ros_raspberrypi_pico_sdk\libmicroros\libmicroros.a(libgeometry_msgs__rosidl_typesupport_introspection_c-vector3__type_support.c.obj)
                0x10007684                geometry_msgs__msg__Vector3__rosidl_typesupport_introspection_c__Vector3_init_function
 .text.geometry_msgs__msg__Vector3__rosidl_typesupport_introspection_c__Vector3_fini_function
                0x1000768c        0x8 F:\Project\Dissertation\Firmware\bbb_firmware\pico\micro_ros_raspberrypi_pico_sdk\libmicroros\libmicroros.a(libgeometry_msgs__rosidl_typesupport_introspection_c-vector3__type_support.c.obj)
                0x1000768c                geometry_msgs__msg__Vector3__rosidl_typesupport_introspection_c__Vector3_fini_function
 .text.rosidl_typesupport_introspection_c__get_message_type_support_handle__geometry_msgs__msg__Vector3
                0x10007694       0x1c F:\Project\Dissertation\Firmware\bbb_firmware\pico\micro_ros_raspberrypi_pico_sdk\libmicroros\libmicroros.a(libgeometry_msgs__rosidl_typesupport_introspection_c-vector3__type_support.c.obj)
                0x10007694                rosidl_typesupport_introspection_c__get_message_type_support_handle__geometry_msgs__msg__Vector3
 .text.get_serialized_size_geometry_msgs__msg__Twist
                0x100076b0       0x24 F:\Project\Dissertation\Firmware\bbb_firmware\pico\micro_ros_raspberrypi_pico_sdk\libmicroros\libmicroros.a(libgeometry_msgs__rosidl_typesupport_microxrcedds_c-twist__type_support_c.c.obj)
                0x100076b0                get_serialized_size_geometry_msgs__msg__Twist
 .text._Twist__cdr_deserialize
                0x100076d4       0x2c F:\Project\Dissertation\Firmware\bbb_firmware\pico\micro_ros_raspberrypi_pico_sdk\libmicroros\libmicroros.a(libgeometry_msgs__rosidl_typesupport_microxrcedds_c-twist__type_support_c.c.obj)
 .text._Twist__cdr_serialize
                0x10007700       0x30 F:\Project\Dissertation\Firmware\bbb_firmware\pico\micro_ros_raspberrypi_pico_sdk\libmicroros\libmicroros.a(libgeometry_msgs__rosidl_typesupport_microxrcedds_c-twist__type_support_c.c.obj)
 .text._Twist__get_serialized_size
                0x10007730       0x20 F:\Project\Dissertation\Firmware\bbb_firmware\pico\micro_ros_raspberrypi_pico_sdk\libmicroros\libmicroros.a(libgeometry_msgs__rosidl_typesupport_microxrcedds_c-twist__type_support_c.c.obj)
 .text._Twist__max_serialized_size
                0x10007750       0x24 F:\Project\Dissertation\Firmware\bbb_firmware\pico\micro_ros_raspberrypi_pico_sdk\libmicroros\libmicroros.a(libgeometry_msgs__rosidl_typesupport_microxrcedds_c-twist__type_support_c.c.obj)
 .text.rosidl_typesupport_microxrcedds_c__get_message_type_support_handle__geometry_msgs__msg__Twist
                0x10007774        0x8 F:\Project\Dissertation\Firmware\bbb_firmware\pico\micro_ros_raspberrypi_pico_sdk\libmicroros\libmicroros.a(libgeometry_msgs__rosidl_typesupport_microxrcedds_c-twist__type_support_c.c.obj)
                0x10007774                rosidl_typesupport_microxrcedds_c__get_message_type_support_handle__geometry_msgs__msg__Twist
 .text.get_serialized_size_geometry_msgs__msg__Vector3
                0x1000777c       0x38 F:\Project\Dissertation\Firmware\bbb_firmware\pico\micro_ros_raspberrypi_pico_sdk\libmicroros\libmicroros.a(libgeometry_msgs__rosidl_typesupport_microxrcedds_c-vector3__type_support_c.c.obj)
                0x1000777c                get_serialized_size_geometry_msgs__msg__Vector3
 .text._Vector3__cdr_deserialize
                0x100077b4       0x28 F:\Project\Dissertation\Firmware\bbb_firmware\pico\micro_ros_raspberrypi_pico_sdk\libmicroros\libmicroros.a(libgeometry_msgs__rosidl_typesupport_microxrcedds_c-vector3__type_support_c.c.obj)
 .text._Vector3__cdr_serialize
                0x100077dc       0x30 F:\Project\Dissertation\Firmware\bbb_firmware\pico\micro_ros_raspberrypi_pico_sdk\libmicroros\libmicroros.a(libgeometry_msgs__rosidl_typesupport_microxrcedds_c-vector3__type_support_c.c.obj)
 .text._Vector3__get_serialized_size
                0x1000780c       0x30 F:\Project\Dissertation\Firmware\bbb_firmware\pico\micro_ros_raspberrypi_pico_sdk\libmicroros\libmicroros.a(libgeometry_msgs__rosidl_typesupport_microxrcedds_c-vector3__type_support_c.c.obj)
 .text._Vector3__max_serialized_size
                0x1000783c       0x28 F:\Project\Dissertation\Firmware\bbb_firmware\pico\micro_ros_raspberrypi_pico_sdk\libmicroros\libmicroros.a(libgeometry_msgs__rosidl_typesupport_microxrcedds_c-vector3__type_support_c.c.obj)
 .text.max_serialized_size_geometry_msgs__msg__Vector3
                0x10007864       0x34 F:\Project\Dissertation\Firmware\bbb_firmware\pico\micro_ros_raspberrypi_pico_sdk\libmicroros\libmicroros.a(libgeometry_msgs__rosidl_typesupport_microxrcedds_c-vector3__type_support_c.c.obj)
                0x10007864                max_serialized_size_geometry_msgs__msg__Vector3
 .text.rosidl_typesupport_microxrcedds_c__get_message_type_support_handle__geometry_msgs__msg__Vector3
                0x10007898        0x8 F:\Project\Dissertation\Firmware\bbb_firmware\pico\micro_ros_raspberrypi_pico_sdk\libmicroros\libmicroros.a(libgeometry_msgs__rosidl_typesupport_microxrcedds_c-vector3__type_support_c.c.obj)
                0x10007898                rosidl_typesupport_microxrcedds_c__get_message_type_support_handle__geometry_msgs__msg__Vector3
 .text.ucdr_serialize_bool
                0x100078a0       0x2c F:\Project\Dissertation\Firmware\bbb_firmware\pico\micro_ros_raspberrypi_pico_sdk\libmicroros\libmicroros.a(libmicrocdr-basic.c.obj)
                0x100078a0                ucdr_serialize_bool
 .text.ucdr_deserialize_bool
                0x100078cc       0x30 F:\Project\Dissertation\Firmware\bbb_firmware\pico\micro_ros_raspberrypi_pico_sdk\libmicroros\libmicroros.a(libmicrocdr-basic.c.obj)
                0x100078cc                ucdr_deserialize_bool
 .text.ucdr_serialize_uint8_t
                0x100078fc       0x2c F:\Project\Dissertation\Firmware\bbb_firmware\pico\micro_ros_raspberrypi_pico_sdk\libmicroros\libmicroros.a(libmicrocdr-basic.c.obj)
                0x100078fc                ucdr_serialize_uint8_t
 .text.ucdr_deserialize_uint8_t
                0x10007928       0x30 F:\Project\Dissertation\Firmware\bbb_firmware\pico\micro_ros_raspberrypi_pico_sdk\libmicroros\libmicroros.a(libmicrocdr-basic.c.obj)
                0x10007928                ucdr_deserialize_uint8_t
 .text.ucdr_serialize_uint16_t
                0x10007958       0xf4 F:\Project\Dissertation\Firmware\bbb_firmware\pico\micro_ros_raspberrypi_pico_sdk\libmicroros\libmicroros.a(libmicrocdr-basic.c.obj)
                0x10007958                ucdr_serialize_uint16_t
 .text.ucdr_serialize_endian_uint16_t
                0x10007a4c      0x100 F:\Project\Dissertation\Firmware\bbb_firmware\pico\micro_ros_raspberrypi_pico_sdk\libmicroros\libmicroros.a(libmicrocdr-basic.c.obj)
                0x10007a4c                ucdr_serialize_endian_uint16_t
 .text.ucdr_deserialize_uint16_t
                0x10007b4c       0xec F:\Project\Dissertation\Firmware\bbb_firmware\pico\micro_ros_raspberrypi_pico_sdk\libmicroros\libmicroros.a(libmicrocdr-basic.c.obj)
                0x10007b4c                ucdr_deserialize_uint16_t
 .text.ucdr_deserialize_endian_uint16_t
                0x10007c38       0xf8 F:\Project\Dissertation\Firmware\bbb_firmware\pico\micro_ros_raspberrypi_pico_sdk\libmicroros\libmicroros.a(libmicrocdr-basic.c.obj)
                0x10007c38                ucdr_deserialize_endian_uint16_t
 .text.ucdr_serialize_uint32_t
                0x10007d30      0x11c F:\Project\Dissertation\Firmware\bbb_firmware\pico\micro_ros_raspberrypi_pico_sdk\libmicroros\libmicroros.a(libmicrocdr-basic.c.obj)
                0x10007d30                ucdr_serialize_uint32_t
 .text.ucdr_serialize_endian_uint32_t
                0x10007e4c      0x11c F:\Project\Dissertation\Firmware\bbb_firmware\pico\micro_ros_raspberrypi_pico_sdk\libmicroros\libmicroros.a(libmicrocdr-basic.c.obj)
                0x10007e4c                ucdr_serialize_endian_uint32_t
 .text.ucdr_deserialize_uint32_t
                0x10007f68      0x11c F:\Project\Dissertation\Firmware\bbb_firmware\pico\micro_ros_raspberrypi_pico_sdk\libmicroros\libmicroros.a(libmicrocdr-basic.c.obj)
                0x10007f68                ucdr_deserialize_uint32_t
 .text.ucdr_deserialize_endian_uint32_t
                0x10008084      0x12c F:\Project\Dissertation\Firmware\bbb_firmware\pico\micro_ros_raspberrypi_pico_sdk\libmicroros\libmicroros.a(libmicrocdr-basic.c.obj)
                0x10008084                ucdr_deserialize_endian_uint32_t
 .text.ucdr_serialize_uint64_t
                0x100081b0      0x170 F:\Project\Dissertation\Firmware\bbb_firmware\pico\micro_ros_raspberrypi_pico_sdk\libmicroros\libmicroros.a(libmicrocdr-basic.c.obj)
                0x100081b0                ucdr_serialize_uint64_t
 .text.ucdr_serialize_int16_t
                0x10008320       0xf4 F:\Project\Dissertation\Firmware\bbb_firmware\pico\micro_ros_raspberrypi_pico_sdk\libmicroros\libmicroros.a(libmicrocdr-basic.c.obj)
                0x10008320                ucdr_serialize_int16_t
 .text.ucdr_deserialize_int16_t
                0x10008414       0xec F:\Project\Dissertation\Firmware\bbb_firmware\pico\micro_ros_raspberrypi_pico_sdk\libmicroros\libmicroros.a(libmicrocdr-basic.c.obj)
                0x10008414                ucdr_deserialize_int16_t
 .text.ucdr_serialize_int32_t
                0x10008500      0x11c F:\Project\Dissertation\Firmware\bbb_firmware\pico\micro_ros_raspberrypi_pico_sdk\libmicroros\libmicroros.a(libmicrocdr-basic.c.obj)
                0x10008500                ucdr_serialize_int32_t
 .text.ucdr_deserialize_int32_t
                0x1000861c      0x11c F:\Project\Dissertation\Firmware\bbb_firmware\pico\micro_ros_raspberrypi_pico_sdk\libmicroros\libmicroros.a(libmicrocdr-basic.c.obj)
                0x1000861c                ucdr_deserialize_int32_t
 .text.ucdr_serialize_double
                0x10008738      0x170 F:\Project\Dissertation\Firmware\bbb_firmware\pico\micro_ros_raspberrypi_pico_sdk\libmicroros\libmicroros.a(libmicrocdr-basic.c.obj)
                0x10008738                ucdr_serialize_double
 .text.ucdr_deserialize_double
                0x100088a8      0x180 F:\Project\Dissertation\Firmware\bbb_firmware\pico\micro_ros_raspberrypi_pico_sdk\libmicroros\libmicroros.a(libmicrocdr-basic.c.obj)
                0x100088a8                ucdr_deserialize_double
 .text.ucdr_check_buffer_available_for
                0x10008a28       0x1c F:\Project\Dissertation\Firmware\bbb_firmware\pico\micro_ros_raspberrypi_pico_sdk\libmicroros\libmicroros.a(libmicrocdr-common.c.obj)
                0x10008a28                ucdr_check_buffer_available_for
 .text.ucdr_check_final_buffer_behavior
                0x10008a44       0x38 F:\Project\Dissertation\Firmware\bbb_firmware\pico\micro_ros_raspberrypi_pico_sdk\libmicroros\libmicroros.a(libmicrocdr-common.c.obj)
                0x10008a44                ucdr_check_final_buffer_behavior
 .text.ucdr_set_on_full_buffer_callback
                0x10008a7c        0x8 F:\Project\Dissertation\Firmware\bbb_firmware\pico\micro_ros_raspberrypi_pico_sdk\libmicroros\libmicroros.a(libmicrocdr-common.c.obj)
                0x10008a7c                ucdr_set_on_full_buffer_callback
 .text.ucdr_init_buffer_origin_offset_endian
                0x10008a84       0x28 F:\Project\Dissertation\Firmware\bbb_firmware\pico\micro_ros_raspberrypi_pico_sdk\libmicroros\libmicroros.a(libmicrocdr-common.c.obj)
                0x10008a84                ucdr_init_buffer_origin_offset_endian
 .text.ucdr_init_buffer_origin_offset
                0x10008aac       0x14 F:\Project\Dissertation\Firmware\bbb_firmware\pico\micro_ros_raspberrypi_pico_sdk\libmicroros\libmicroros.a(libmicrocdr-common.c.obj)
                0x10008aac                ucdr_init_buffer_origin_offset
 .text.ucdr_init_buffer_origin
                0x10008ac0       0x10 F:\Project\Dissertation\Firmware\bbb_firmware\pico\micro_ros_raspberrypi_pico_sdk\libmicroros\libmicroros.a(libmicrocdr-common.c.obj)
                0x10008ac0                ucdr_init_buffer_origin
 .text.ucdr_init_buffer
                0x10008ad0        0xc F:\Project\Dissertation\Firmware\bbb_firmware\pico\micro_ros_raspberrypi_pico_sdk\libmicroros\libmicroros.a(libmicrocdr-common.c.obj)
                0x10008ad0                ucdr_init_buffer
 .text.ucdr_alignment
                0x10008adc       0x10 F:\Project\Dissertation\Firmware\bbb_firmware\pico\micro_ros_raspberrypi_pico_sdk\libmicroros\libmicroros.a(libmicrocdr-common.c.obj)
                0x10008adc                ucdr_alignment
 .text.ucdr_buffer_alignment
                0x10008aec       0x1c F:\Project\Dissertation\Firmware\bbb_firmware\pico\micro_ros_raspberrypi_pico_sdk\libmicroros\libmicroros.a(libmicrocdr-common.c.obj)
                0x10008aec                ucdr_buffer_alignment
 .text.ucdr_align_to
                0x10008b08       0x24 F:\Project\Dissertation\Firmware\bbb_firmware\pico\micro_ros_raspberrypi_pico_sdk\libmicroros\libmicroros.a(libmicrocdr-common.c.obj)
                0x10008b08                ucdr_align_to
 .text.ucdr_buffer_length
                0x10008b2c        0x8 F:\Project\Dissertation\Firmware\bbb_firmware\pico\micro_ros_raspberrypi_pico_sdk\libmicroros\libmicroros.a(libmicrocdr-common.c.obj)
                0x10008b2c                ucdr_buffer_length
 .text.ucdr_buffer_remaining
                0x10008b34        0x8 F:\Project\Dissertation\Firmware\bbb_firmware\pico\micro_ros_raspberrypi_pico_sdk\libmicroros\libmicroros.a(libmicrocdr-common.c.obj)
                0x10008b34                ucdr_buffer_remaining
 .text.ucdr_check_final_buffer_behavior_array
                0x10008b3c       0x44 F:\Project\Dissertation\Firmware\bbb_firmware\pico\micro_ros_raspberrypi_pico_sdk\libmicroros\libmicroros.a(libmicrocdr-common.c.obj)
                0x10008b3c                ucdr_check_final_buffer_behavior_array
 .text.ucdr_advance_buffer
                0x10008b80       0x44 F:\Project\Dissertation\Firmware\bbb_firmware\pico\micro_ros_raspberrypi_pico_sdk\libmicroros\libmicroros.a(libmicrocdr-common.c.obj)
                0x10008b80                ucdr_advance_buffer
 .text.rcl_get_zero_initialized_publisher
                0x10008bc4        0xc F:\Project\Dissertation\Firmware\bbb_firmware\pico\micro_ros_raspberrypi_pico_sdk\libmicroros\libmicroros.a(librcl-publisher.c.obj)
                0x10008bc4                rcl_get_zero_initialized_publisher
 .text.rcl_publisher_init
                0x10008bd0      0x13c F:\Project\Dissertation\Firmware\bbb_firmware\pico\micro_ros_raspberrypi_pico_sdk\libmicroros\libmicroros.a(librcl-publisher.c.obj)
                0x10008bd0                rcl_publisher_init
 .text.rcl_publisher_get_default_options
                0x10008d0c       0x7c F:\Project\Dissertation\Firmware\bbb_firmware\pico\micro_ros_raspberrypi_pico_sdk\libmicroros\libmicroros.a(librcl-publisher.c.obj)
                0x10008d0c                rcl_publisher_get_default_options
 .text.rcl_publish
                0x10008d88       0x4c F:\Project\Dissertation\Firmware\bbb_firmware\pico\micro_ros_raspberrypi_pico_sdk\libmicroros\libmicroros.a(librcl-publisher.c.obj)
                0x10008d88                rcl_publish
 .text.rcl_publisher_is_valid
                0x10008dd4       0x30 F:\Project\Dissertation\Firmware\bbb_firmware\pico\micro_ros_raspberrypi_pico_sdk\libmicroros\libmicroros.a(librcl-publisher.c.obj)
                0x10008dd4                rcl_publisher_is_valid
 .text.rcl_publisher_is_valid_except_context
                0x10008e04       0x1c F:\Project\Dissertation\Firmware\bbb_firmware\pico\micro_ros_raspberrypi_pico_sdk\libmicroros\libmicroros.a(librcl-publisher.c.obj)
                0x10008e04                rcl_publisher_is_valid_except_context
 .text._rclc_check_for_new_data
                0x10008e20       0x90 F:\Project\Dissertation\Firmware\bbb_firmware\pico\micro_ros_raspberrypi_pico_sdk\libmicroros\libmicroros.a(librclc-executor.c.obj)
 .text._rclc_take_new_data
                0x10008eb0      0x2c8 F:\Project\Dissertation\Firmware\bbb_firmware\pico\micro_ros_raspberrypi_pico_sdk\libmicroros\libmicroros.a(librclc-executor.c.obj)
 .text._rclc_execute.part.0
                0x10009178      0x29c F:\Project\Dissertation\Firmware\bbb_firmware\pico\micro_ros_raspberrypi_pico_sdk\libmicroros\libmicroros.a(librclc-executor.c.obj)
 .text.rclc_executor_trigger_any
                0x10009414       0x7c F:\Project\Dissertation\Firmware\bbb_firmware\pico\micro_ros_raspberrypi_pico_sdk\libmicroros\libmicroros.a(librclc-executor.c.obj)
                0x10009414                rclc_executor_trigger_any
 .text.rclc_executor_init
                0x10009490       0xc4 F:\Project\Dissertation\Firmware\bbb_firmware\pico\micro_ros_raspberrypi_pico_sdk\libmicroros\libmicroros.a(librclc-executor.c.obj)
                0x10009490                rclc_executor_init
 .text.rclc_executor_add_subscription
                0x10009554       0x74 F:\Project\Dissertation\Firmware\bbb_firmware\pico\micro_ros_raspberrypi_pico_sdk\libmicroros\libmicroros.a(librclc-executor.c.obj)
                0x10009554                rclc_executor_add_subscription
 .text.rclc_executor_prepare
                0x100095c8       0x88 F:\Project\Dissertation\Firmware\bbb_firmware\pico\micro_ros_raspberrypi_pico_sdk\libmicroros\libmicroros.a(librclc-executor.c.obj)
                0x100095c8                rclc_executor_prepare
 .text.rclc_executor_spin_some.part.0
                0x10009650      0x384 F:\Project\Dissertation\Firmware\bbb_firmware\pico\micro_ros_raspberrypi_pico_sdk\libmicroros\libmicroros.a(librclc-executor.c.obj)
 .text.rclc_executor_spin_some
                0x100099d4       0x30 F:\Project\Dissertation\Firmware\bbb_firmware\pico\micro_ros_raspberrypi_pico_sdk\libmicroros\libmicroros.a(librclc-executor.c.obj)
                0x100099d4                rclc_executor_spin_some
 .text.rclc_executor_handle_counters_zero_init
                0x10009a04       0x18 F:\Project\Dissertation\Firmware\bbb_firmware\pico\micro_ros_raspberrypi_pico_sdk\libmicroros\libmicroros.a(librclc-executor_handle.c.obj)
                0x10009a04                rclc_executor_handle_counters_zero_init
 .text.rclc_executor_handle_init
                0x10009a1c       0x28 F:\Project\Dissertation\Firmware\bbb_firmware\pico\micro_ros_raspberrypi_pico_sdk\libmicroros\libmicroros.a(librclc-executor_handle.c.obj)
                0x10009a1c                rclc_executor_handle_init
 .text.rclc_support_init
                0x10009a44       0x94 F:\Project\Dissertation\Firmware\bbb_firmware\pico\micro_ros_raspberrypi_pico_sdk\libmicroros\libmicroros.a(librclc-init.c.obj)
                0x10009a44                rclc_support_init
 .text.rclc_node_init_default
                0x10009ad8       0x74 F:\Project\Dissertation\Firmware\bbb_firmware\pico\micro_ros_raspberrypi_pico_sdk\libmicroros\libmicroros.a(librclc-node.c.obj)
                0x10009ad8                rclc_node_init_default
 .text.rclc_publisher_init_default
                0x10009b4c       0x68 F:\Project\Dissertation\Firmware\bbb_firmware\pico\micro_ros_raspberrypi_pico_sdk\libmicroros\libmicroros.a(librclc-publisher.c.obj)
                0x10009b4c                rclc_publisher_init_default
 .text.rclc_subscription_init_default
                0x10009bb4       0x68 F:\Project\Dissertation\Firmware\bbb_firmware\pico\micro_ros_raspberrypi_pico_sdk\libmicroros\libmicroros.a(librclc-subscription.c.obj)
                0x10009bb4                rclc_subscription_init_default
 .text.__default_zero_allocate
                0x10009c1c        0x8 F:\Project\Dissertation\Firmware\bbb_firmware\pico\micro_ros_raspberrypi_pico_sdk\libmicroros\libmicroros.a(librcutils-allocator.c.obj)
 .text.__default_reallocate
                0x10009c24        0x8 F:\Project\Dissertation\Firmware\bbb_firmware\pico\micro_ros_raspberrypi_pico_sdk\libmicroros\libmicroros.a(librcutils-allocator.c.obj)
 .text.__default_deallocate
                0x10009c2c        0x8 F:\Project\Dissertation\Firmware\bbb_firmware\pico\micro_ros_raspberrypi_pico_sdk\libmicroros\libmicroros.a(librcutils-allocator.c.obj)
 .text.__default_allocate
                0x10009c34        0x8 F:\Project\Dissertation\Firmware\bbb_firmware\pico\micro_ros_raspberrypi_pico_sdk\libmicroros\libmicroros.a(librcutils-allocator.c.obj)
 .text.rcutils_get_zero_initialized_allocator
                0x10009c3c       0x14 F:\Project\Dissertation\Firmware\bbb_firmware\pico\micro_ros_raspberrypi_pico_sdk\libmicroros\libmicroros.a(librcutils-allocator.c.obj)
                0x10009c3c                rcutils_get_zero_initialized_allocator
 .text.rcutils_get_default_allocator
                0x10009c50       0x14 F:\Project\Dissertation\Firmware\bbb_firmware\pico\micro_ros_raspberrypi_pico_sdk\libmicroros\libmicroros.a(librcutils-allocator.c.obj)
                0x10009c50                rcutils_get_default_allocator
 .text.rcutils_allocator_is_valid
                0x10009c64       0x24 F:\Project\Dissertation\Firmware\bbb_firmware\pico\micro_ros_raspberrypi_pico_sdk\libmicroros\libmicroros.a(librcutils-allocator.c.obj)
                0x10009c64                rcutils_allocator_is_valid
 .text.rcutils_get_error_string
                0x10009c88       0x34 F:\Project\Dissertation\Firmware\bbb_firmware\pico\micro_ros_raspberrypi_pico_sdk\libmicroros\libmicroros.a(librcutils-error_handling.c.obj)
                0x10009c88                rcutils_get_error_string
 .text.rcutils_reset_error
                0x10009cbc       0x38 F:\Project\Dissertation\Firmware\bbb_firmware\pico\micro_ros_raspberrypi_pico_sdk\libmicroros\libmicroros.a(librcutils-error_handling.c.obj)
                0x10009cbc                rcutils_reset_error
 .text.rcutils_system_time_now
                0x10009cf4       0x58 F:\Project\Dissertation\Firmware\bbb_firmware\pico\micro_ros_raspberrypi_pico_sdk\libmicroros\libmicroros.a(librcutils-time_unix.c.obj)
                0x10009cf4                rcutils_system_time_now
 .text.rcutils_steady_time_now
                0x10009d4c       0x58 F:\Project\Dissertation\Firmware\bbb_firmware\pico\micro_ros_raspberrypi_pico_sdk\libmicroros\libmicroros.a(librcutils-time_unix.c.obj)
                0x10009d4c                rcutils_steady_time_now
 .text.rmw_get_default_publisher_options
                0x10009da4        0x8 F:\Project\Dissertation\Firmware\bbb_firmware\pico\micro_ros_raspberrypi_pico_sdk\libmicroros\libmicroros.a(librmw-publisher_options.c.obj)
                0x10009da4                rmw_get_default_publisher_options
 .text.rmw_uros_set_custom_transport
                0x10009dac       0x34 F:\Project\Dissertation\Firmware\bbb_firmware\pico\micro_ros_raspberrypi_pico_sdk\libmicroros\libmicroros.a(librmw_microxrcedds-custom_transport.c.obj)
                0x10009dac                rmw_uros_set_custom_transport
 .text.flush_session
                0x10009de0        0xc F:\Project\Dissertation\Firmware\bbb_firmware\pico\micro_ros_raspberrypi_pico_sdk\libmicroros\libmicroros.a(librmw_microxrcedds-rmw_publish.c.obj)
                0x10009de0                flush_session
 .text.rmw_publish
                0x10009dec       0xd8 F:\Project\Dissertation\Firmware\bbb_firmware\pico\micro_ros_raspberrypi_pico_sdk\libmicroros\libmicroros.a(librmw_microxrcedds-rmw_publish.c.obj)
                0x10009dec                rmw_publish
 .text.rmw_create_publisher
                0x10009ec4      0x20c F:\Project\Dissertation\Firmware\bbb_firmware\pico\micro_ros_raspberrypi_pico_sdk\libmicroros\libmicroros.a(librmw_microxrcedds-rmw_publisher.c.obj)
                0x10009ec4                rmw_create_publisher
 .text.rmw_publisher_get_actual_qos
                0x1000a0d0       0x20 F:\Project\Dissertation\Firmware\bbb_firmware\pico\micro_ros_raspberrypi_pico_sdk\libmicroros\libmicroros.a(librmw_microxrcedds-rmw_publisher.c.obj)
                0x1000a0d0                rmw_publisher_get_actual_qos
 .text.rmw_destroy_publisher
                0x1000a0f0       0xf4 F:\Project\Dissertation\Firmware\bbb_firmware\pico\micro_ros_raspberrypi_pico_sdk\libmicroros\libmicroros.a(librmw_microxrcedds-rmw_publisher.c.obj)
                0x1000a0f0                rmw_destroy_publisher
 .text.rmw_uxrce_init_service_memory
                0x1000a1e4       0x48 F:\Project\Dissertation\Firmware\bbb_firmware\pico\micro_ros_raspberrypi_pico_sdk\libmicroros\libmicroros.a(librmw_microxrcedds-types.c.obj)
                0x1000a1e4                rmw_uxrce_init_service_memory
 .text.rmw_uxrce_init_client_memory
                0x1000a22c       0x48 F:\Project\Dissertation\Firmware\bbb_firmware\pico\micro_ros_raspberrypi_pico_sdk\libmicroros\libmicroros.a(librmw_microxrcedds-types.c.obj)
                0x1000a22c                rmw_uxrce_init_client_memory
 .text.rmw_uxrce_init_publisher_memory
                0x1000a274       0x48 F:\Project\Dissertation\Firmware\bbb_firmware\pico\micro_ros_raspberrypi_pico_sdk\libmicroros\libmicroros.a(librmw_microxrcedds-types.c.obj)
                0x1000a274                rmw_uxrce_init_publisher_memory
 .text.rmw_uxrce_init_subscription_memory
                0x1000a2bc       0x48 F:\Project\Dissertation\Firmware\bbb_firmware\pico\micro_ros_raspberrypi_pico_sdk\libmicroros\libmicroros.a(librmw_microxrcedds-types.c.obj)
                0x1000a2bc                rmw_uxrce_init_subscription_memory
 .text.rmw_uxrce_init_node_memory
                0x1000a304       0x48 F:\Project\Dissertation\Firmware\bbb_firmware\pico\micro_ros_raspberrypi_pico_sdk\libmicroros\libmicroros.a(librmw_microxrcedds-types.c.obj)
                0x1000a304                rmw_uxrce_init_node_memory
 .text.rmw_uxrce_init_session_memory
                0x1000a34c       0x50 F:\Project\Dissertation\Firmware\bbb_firmware\pico\micro_ros_raspberrypi_pico_sdk\libmicroros\libmicroros.a(librmw_microxrcedds-types.c.obj)
                0x1000a34c                rmw_uxrce_init_session_memory
 .text.rmw_uxrce_init_topic_memory
                0x1000a39c       0x48 F:\Project\Dissertation\Firmware\bbb_firmware\pico\micro_ros_raspberrypi_pico_sdk\libmicroros\libmicroros.a(librmw_microxrcedds-types.c.obj)
                0x1000a39c                rmw_uxrce_init_topic_memory
 .text.rmw_uxrce_init_static_input_buffer_memory
                0x1000a3e4       0x50 F:\Project\Dissertation\Firmware\bbb_firmware\pico\micro_ros_raspberrypi_pico_sdk\libmicroros\libmicroros.a(librmw_microxrcedds-types.c.obj)
                0x1000a3e4                rmw_uxrce_init_static_input_buffer_memory
 .text.rmw_uxrce_init_init_options_impl_memory
                0x1000a434       0x48 F:\Project\Dissertation\Firmware\bbb_firmware\pico\micro_ros_raspberrypi_pico_sdk\libmicroros\libmicroros.a(librmw_microxrcedds-types.c.obj)
                0x1000a434                rmw_uxrce_init_init_options_impl_memory
 .text.rmw_uxrce_init_wait_set_memory
                0x1000a47c       0x48 F:\Project\Dissertation\Firmware\bbb_firmware\pico\micro_ros_raspberrypi_pico_sdk\libmicroros\libmicroros.a(librmw_microxrcedds-types.c.obj)
                0x1000a47c                rmw_uxrce_init_wait_set_memory
 .text.rmw_uxrce_init_guard_condition_memory
                0x1000a4c4       0x48 F:\Project\Dissertation\Firmware\bbb_firmware\pico\micro_ros_raspberrypi_pico_sdk\libmicroros\libmicroros.a(librmw_microxrcedds-types.c.obj)
                0x1000a4c4                rmw_uxrce_init_guard_condition_memory
 .text.rmw_uxrce_fini_session_memory
                0x1000a50c       0x10 F:\Project\Dissertation\Firmware\bbb_firmware\pico\micro_ros_raspberrypi_pico_sdk\libmicroros\libmicroros.a(librmw_microxrcedds-types.c.obj)
                0x1000a50c                rmw_uxrce_fini_session_memory
 .text.rmw_uxrce_fini_node_memory
                0x1000a51c       0x34 F:\Project\Dissertation\Firmware\bbb_firmware\pico\micro_ros_raspberrypi_pico_sdk\libmicroros\libmicroros.a(librmw_microxrcedds-types.c.obj)
                0x1000a51c                rmw_uxrce_fini_node_memory
 .text.rmw_uxrce_fini_publisher_memory
                0x1000a550       0x34 F:\Project\Dissertation\Firmware\bbb_firmware\pico\micro_ros_raspberrypi_pico_sdk\libmicroros\libmicroros.a(librmw_microxrcedds-types.c.obj)
                0x1000a550                rmw_uxrce_fini_publisher_memory
 .text.rmw_uxrce_fini_subscription_memory
                0x1000a584       0x34 F:\Project\Dissertation\Firmware\bbb_firmware\pico\micro_ros_raspberrypi_pico_sdk\libmicroros\libmicroros.a(librmw_microxrcedds-types.c.obj)
                0x1000a584                rmw_uxrce_fini_subscription_memory
 .text.rmw_uxrce_fini_service_memory
                0x1000a5b8       0x34 F:\Project\Dissertation\Firmware\bbb_firmware\pico\micro_ros_raspberrypi_pico_sdk\libmicroros\libmicroros.a(librmw_microxrcedds-types.c.obj)
                0x1000a5b8                rmw_uxrce_fini_service_memory
 .text.rmw_uxrce_fini_client_memory
                0x1000a5ec       0x34 F:\Project\Dissertation\Firmware\bbb_firmware\pico\micro_ros_raspberrypi_pico_sdk\libmicroros\libmicroros.a(librmw_microxrcedds-types.c.obj)
                0x1000a5ec                rmw_uxrce_fini_client_memory
 .text.rmw_uxrce_fini_topic_memory
                0x1000a620       0x18 F:\Project\Dissertation\Firmware\bbb_firmware\pico\micro_ros_raspberrypi_pico_sdk\libmicroros\libmicroros.a(librmw_microxrcedds-types.c.obj)
                0x1000a620                rmw_uxrce_fini_topic_memory
 .text.rmw_uxrce_get_static_input_buffer_for_entity
                0x1000a638       0xbc F:\Project\Dissertation\Firmware\bbb_firmware\pico\micro_ros_raspberrypi_pico_sdk\libmicroros\libmicroros.a(librmw_microxrcedds-types.c.obj)
                0x1000a638                rmw_uxrce_get_static_input_buffer_for_entity
 .text.rmw_uxrce_find_static_input_buffer_by_owner
                0x1000a6f4       0x5c F:\Project\Dissertation\Firmware\bbb_firmware\pico\micro_ros_raspberrypi_pico_sdk\libmicroros\libmicroros.a(librmw_microxrcedds-types.c.obj)
                0x1000a6f4                rmw_uxrce_find_static_input_buffer_by_owner
 .text.rmw_uxrce_clean_expired_static_input_buffer
                0x1000a750       0xfc F:\Project\Dissertation\Firmware\bbb_firmware\pico\micro_ros_raspberrypi_pico_sdk\libmicroros\libmicroros.a(librmw_microxrcedds-types.c.obj)
                0x1000a750                rmw_uxrce_clean_expired_static_input_buffer
 .text.run_xrce_session
                0x1000a84c       0x40 F:\Project\Dissertation\Firmware\bbb_firmware\pico\micro_ros_raspberrypi_pico_sdk\libmicroros\libmicroros.a(librmw_microxrcedds-utils.c.obj)
                0x1000a84c                run_xrce_session
 .text.convert_qos_profile
                0x1000a88c       0x2c F:\Project\Dissertation\Firmware\bbb_firmware\pico\micro_ros_raspberrypi_pico_sdk\libmicroros\libmicroros.a(librmw_microxrcedds-utils.c.obj)
                0x1000a88c                convert_qos_profile
 .text.generate_type_name
                0x1000a8b8       0x68 F:\Project\Dissertation\Firmware\bbb_firmware\pico\micro_ros_raspberrypi_pico_sdk\libmicroros\libmicroros.a(librmw_microxrcedds-utils.c.obj)
                0x1000a8b8                generate_type_name
 .text.generate_topic_name
                0x1000a920       0x38 F:\Project\Dissertation\Firmware\bbb_firmware\pico\micro_ros_raspberrypi_pico_sdk\libmicroros\libmicroros.a(librmw_microxrcedds-utils.c.obj)
                0x1000a920                generate_topic_name
 .text.is_uxrce_rmw_identifier_valid
                0x1000a958       0x20 F:\Project\Dissertation\Firmware\bbb_firmware\pico\micro_ros_raspberrypi_pico_sdk\libmicroros\libmicroros.a(librmw_microxrcedds-utils.c.obj)
                0x1000a958                is_uxrce_rmw_identifier_valid
 .text.get_message_typesupport_handle
                0x1000a978        0x8 F:\Project\Dissertation\Firmware\bbb_firmware\pico\micro_ros_raspberrypi_pico_sdk\libmicroros\libmicroros.a(librosidl_runtime_c-message_type_support.c.obj)
                0x1000a978                get_message_typesupport_handle
 .text.get_message_typesupport_handle_function
                0x1000a980       0x18 F:\Project\Dissertation\Firmware\bbb_firmware\pico\micro_ros_raspberrypi_pico_sdk\libmicroros\libmicroros.a(librosidl_runtime_c-message_type_support.c.obj)
                0x1000a980                get_message_typesupport_handle_function
 .text.rosidl_typesupport_c__get_message_typesupport_handle_function
                0x1000a998       0x64 F:\Project\Dissertation\Firmware\bbb_firmware\pico\micro_ros_raspberrypi_pico_sdk\libmicroros\libmicroros.a(librosidl_typesupport_c-message_type_support_dispatch.cpp.obj)
                0x1000a998                rosidl_typesupport_c__get_message_typesupport_handle_function
 .text.geometry_msgs__msg__Twist__get_type_hash
                0x1000a9fc        0x8 F:\Project\Dissertation\Firmware\bbb_firmware\pico\micro_ros_raspberrypi_pico_sdk\libmicroros\libmicroros.a(libgeometry_msgs__rosidl_generator_c-twist__description.c.obj)
                0x1000a9fc                geometry_msgs__msg__Twist__get_type_hash
 .text.geometry_msgs__msg__Twist__get_type_description