Archive member included to satisfy reference by file (symbol)

/home/nvhmh/micro_ros_ws/src/micro_ros_raspberrypi_pico_sdk/libmicroros/libmicroros.a(librcl-publisher.c.obj)
                              CMakeFiles/pico_micro_ros_example.dir/pico_micro_ros_example.c.obj (rcl_publish)
/home/nvhmh/micro_ros_ws/src/micro_ros_raspberrypi_pico_sdk/libmicroros/libmicroros.a(librclc-executor.c.obj)
                              CMakeFiles/pico_micro_ros_example.dir/pico_micro_ros_example.c.obj (rclc_executor_init)
/home/nvhmh/micro_ros_ws/src/micro_ros_raspberrypi_pico_sdk/libmicroros/libmicroros.a(librclc-executor_handle.c.obj)
                              /home/nvhmh/micro_ros_ws/src/micro_ros_raspberrypi_pico_sdk/libmicroros/libmicroros.a(librclc-executor.c.obj) (rclc_executor_handle_counters_zero_init)
/home/nvhmh/micro_ros_ws/src/micro_ros_raspberrypi_pico_sdk/libmicroros/libmicroros.a(librclc-init.c.obj)
                              CMakeFiles/pico_micro_ros_example.dir/pico_micro_ros_example.c.obj (rclc_support_init)
/home/nvhmh/micro_ros_ws/src/micro_ros_raspberrypi_pico_sdk/libmicroros/libmicroros.a(librclc-node.c.obj)
                              CMakeFiles/pico_micro_ros_example.dir/pico_micro_ros_example.c.obj (rclc_node_init_default)
/home/nvhmh/micro_ros_ws/src/micro_ros_raspberrypi_pico_sdk/libmicroros/libmicroros.a(librclc-publisher.c.obj)
                              CMakeFiles/pico_micro_ros_example.dir/pico_micro_ros_example.c.obj (rclc_publisher_init_default)
/home/nvhmh/micro_ros_ws/src/micro_ros_raspberrypi_pico_sdk/libmicroros/libmicroros.a(librclc-sleep.c.obj)
                              /home/nvhmh/micro_ros_ws/src/micro_ros_raspberrypi_pico_sdk/libmicroros/libmicroros.a(librclc-executor.c.obj) (rclc_sleep_ms)
/home/nvhmh/micro_ros_ws/src/micro_ros_raspberrypi_pico_sdk/libmicroros/libmicroros.a(librclc-timer.c.obj)
                              CMakeFiles/pico_micro_ros_example.dir/pico_micro_ros_example.c.obj (rclc_timer_init_default)
/home/nvhmh/micro_ros_ws/src/micro_ros_raspberrypi_pico_sdk/libmicroros/libmicroros.a(librcutils-allocator.c.obj)
                              CMakeFiles/pico_micro_ros_example.dir/pico_micro_ros_example.c.obj (rcutils_get_default_allocator)
/home/nvhmh/micro_ros_ws/src/micro_ros_raspberrypi_pico_sdk/libmicroros/libmicroros.a(librcutils-error_handling.c.obj)
                              /home/nvhmh/micro_ros_ws/src/micro_ros_raspberrypi_pico_sdk/libmicroros/libmicroros.a(librcl-publisher.c.obj) (rcutils_reset_error)
/home/nvhmh/micro_ros_ws/src/micro_ros_raspberrypi_pico_sdk/libmicroros/libmicroros.a(librcutils-time_unix.c.obj)
                              /home/nvhmh/micro_ros_ws/src/micro_ros_raspberrypi_pico_sdk/libmicroros/libmicroros.a(librclc-executor.c.obj) (rcutils_system_time_now)
/home/nvhmh/micro_ros_ws/src/micro_ros_raspberrypi_pico_sdk/libmicroros/libmicroros.a(librmw-publisher_options.c.obj)
                              /home/nvhmh/micro_ros_ws/src/micro_ros_raspberrypi_pico_sdk/libmicroros/libmicroros.a(librcl-publisher.c.obj) (rmw_get_default_publisher_options)
/home/nvhmh/micro_ros_ws/src/micro_ros_raspberrypi_pico_sdk/libmicroros/libmicroros.a(librmw_microxrcedds-custom_transport.c.obj)
                              CMakeFiles/pico_micro_ros_example.dir/pico_micro_ros_example.c.obj (rmw_uros_set_custom_transport)
/home/nvhmh/micro_ros_ws/src/micro_ros_raspberrypi_pico_sdk/libmicroros/libmicroros.a(librmw_microxrcedds-ping.c.obj)
                              CMakeFiles/pico_micro_ros_example.dir/pico_micro_ros_example.c.obj (rmw_uros_ping_agent)
/home/nvhmh/micro_ros_ws/src/micro_ros_raspberrypi_pico_sdk/libmicroros/libmicroros.a(librmw_microxrcedds-rmw_publish.c.obj)
                              /home/nvhmh/micro_ros_ws/src/micro_ros_raspberrypi_pico_sdk/libmicroros/libmicroros.a(librcl-publisher.c.obj) (rmw_publish)
/home/nvhmh/micro_ros_ws/src/micro_ros_raspberrypi_pico_sdk/libmicroros/libmicroros.a(librmw_microxrcedds-rmw_publisher.c.obj)
                              /home/nvhmh/micro_ros_ws/src/micro_ros_raspberrypi_pico_sdk/libmicroros/libmicroros.a(librcl-publisher.c.obj) (rmw_create_publisher)
/home/nvhmh/micro_ros_ws/src/micro_ros_raspberrypi_pico_sdk/libmicroros/libmicroros.a(librmw_microxrcedds-rmw_uxrce_transports.c.obj)
                              /home/nvhmh/micro_ros_ws/src/micro_ros_raspberrypi_pico_sdk/libmicroros/libmicroros.a(librmw_microxrcedds-ping.c.obj) (rmw_uxrce_transport_init)
/home/nvhmh/micro_ros_ws/src/micro_ros_raspberrypi_pico_sdk/libmicroros/libmicroros.a(librmw_microxrcedds-types.c.obj)
                              /home/nvhmh/micro_ros_ws/src/micro_ros_raspberrypi_pico_sdk/libmicroros/libmicroros.a(librmw_microxrcedds-rmw_publisher.c.obj) (rmw_uxrce_fini_publisher_memory)
/home/nvhmh/micro_ros_ws/src/micro_ros_raspberrypi_pico_sdk/libmicroros/libmicroros.a(librmw_microxrcedds-utils.c.obj)
[...]
Memory Configuration

Name             Origin             Length             Attributes
FLASH            0x0000000010000000 0x0000000000200000 xr
RAM              0x0000000020000000 0x0000000000040000 xrw
SCRATCH_X        0x0000000020040000 0x0000000000001000 xrw
SCRATCH_Y        0x0000000020041000 0x0000000000001000 xrw
*default*        0x0000000000000000 0xffffffffffffffff

Linker script and memory map

LOAD /usr/lib/gcc/arm-none-eabi/10.3.1/thumb/v6-m/nofp/crti.o
LOAD /usr/lib/gcc/arm-none-eabi/10.3.1/thumb/v6-m/nofp/crtbegin.o
LOAD /usr/lib/gcc/arm-none-eabi/10.3.1/../../../arm-none-eabi/lib/thumb/v6-m/nofp/crt0.o

.flash_begin    0x0000000010000000        0x0
                0x0000000010000000                __flash_binary_start = .

.boot2          0x0000000010000000      0x100
                0x0000000010000000                __boot2_start__ = .
 *(.boot2)
 .boot2         0x0000000010000000      0x100 /tmp/ccDcKBaA.o
                0x0000000010000100                __boot2_end__ = .
                0x0000000000000001                ASSERT (((__boot2_end__ - __boot2_start__) == 0x100), ERROR: Pico second stage bootloader must be 256 bytes in size)

.text           0x0000000010000100    0x15888
                0x0000000010000100                __logical_binary_start = .
 *(.vectors)
 .vectors       0x0000000010000100       0xd4 CMakeFiles/pico_micro_ros_example.dir/home/nvhmh/micro_ros_ws/src/pico-sdk/src/rp2_common/pico_standard_link/crt0.S.obj
                0x0000000010000100                __vectors
                0x0000000010000100                __VECTOR_TABLE
                0x00000000100001c0                isr_invalid
                0x00000000100001c0                __default_isrs_start
                0x00000000100001c2                isr_nmi
                0x00000000100001c4                isr_hardfault
                0x00000000100001c6                isr_svcall
                0x00000000100001c8                isr_pendsv
                0x00000000100001ca                isr_systick
                0x00000000100001cc                isr_irq30
                0x00000000100001cc                __unhandled_user_irq
                0x00000000100001cc                isr_irq13
                0x00000000100001cc                isr_irq27
                0x00000000100001cc                isr_irq31
                0x00000000100001cc                isr_irq5
                0x00000000100001cc                isr_irq11
                0x00000000100001cc                isr_irq23
                0x00000000100001cc                isr_irq18
                0x00000000100001cc                isr_irq28
                0x00000000100001cc                isr_irq19
                0x00000000100001cc                isr_irq0
                0x00000000100001cc                isr_irq6
                0x00000000100001cc                isr_irq22
                0x00000000100001cc                isr_irq17
                0x00000000100001cc                isr_irq14
                0x00000000100001cc                isr_irq2
                0x00000000100001cc                isr_irq10
                0x00000000100001cc                isr_irq8
                0x00000000100001cc                isr_irq24
                0x00000000100001cc                isr_irq1
                0x00000000100001cc                isr_irq7
                0x00000000100001cc                isr_irq21
                0x00000000100001cc                isr_irq20
                0x00000000100001cc                isr_irq15
                0x00000000100001cc                isr_irq25
                0x00000000100001cc                isr_irq4
                0x00000000100001cc                isr_irq16
                0x00000000100001cc                isr_irq29
                0x00000000100001cc                isr_irq26
                0x00000000100001cc                __default_isrs_end
                0x00000000100001cc                isr_irq3
                0x00000000100001cc                isr_irq12
                0x00000000100001cc                isr_irq9
                0x00000000100001d2                unhandled_user_irq_num_in_r0
 *(.binary_info_header)
 .binary_info_header
                0x00000000100001d4       0x14 CMakeFiles/pico_micro_ros_example.dir/home/nvhmh/micro_ros_ws/src/pico-sdk/src/rp2_common/pico_standard_link/crt0.S.obj
                0x00000000100001e8                __binary_info_header_end = .
 *(.reset)
 .reset         0x00000000100001e8       0xa0 CMakeFiles/pico_micro_ros_example.dir/home/nvhmh/micro_ros_ws/src/pico-sdk/src/rp2_common/pico_standard_link/crt0.S.obj
                0x00000000100001e8                _entry_point
 .reset         0x0000000010000288       0x30 CMakeFiles/pico_micro_ros_example.dir/home/nvhmh/micro_ros_ws/src/pico-sdk/src/rp2_common/pico_standard_link/binary_info.c.obj
 *(.init)
 .init          0x00000000100002b8        0x4 /usr/lib/gcc/arm-none-eabi/10.3.1/thumb/v6-m/nofp/crti.o
                0x00000000100002b8                _init
 *(EXCLUDE_FILE(*libm.a: *libc.a:*lib_a-mem*.o *libgcc.a:) .text*)
 .text          0x00000000100002bc       0x98 /usr/lib/gcc/arm-none-eabi/10.3.1/thumb/v6-m/nofp/crtbegin.o
 .text.timer_callback
                0x0000000010000354       0x20 CMakeFiles/pico_micro_ros_example.dir/pico_micro_ros_example.c.obj
                0x0000000010000354                timer_callback
 .text.startup.main
                0x0000000010000374       0xdc CMakeFiles/pico_micro_ros_example.dir/pico_micro_ros_example.c.obj
                0x0000000010000374                main
 .text.clock_gettime
                0x0000000010000450       0x3c CMakeFiles/pico_micro_ros_example.dir/pico_uart_transport.c.obj
                0x0000000010000450                clock_gettime
 .text.pico_serial_transport_open
                0x000000001000048c        0xc CMakeFiles/pico_micro_ros_example.dir/pico_uart_transport.c.obj
                0x000000001000048c                pico_serial_transport_open
 .text.pico_serial_transport_close
                0x0000000010000498        0x4 CMakeFiles/pico_micro_ros_example.dir/pico_uart_transport.c.obj
                0x0000000010000498                pico_serial_transport_close
 .text.pico_serial_transport_write
                0x000000001000049c       0x38 CMakeFiles/pico_micro_ros_example.dir/pico_uart_transport.c.obj
                0x000000001000049c                pico_serial_transport_write
 .text.pico_serial_transport_read
                0x00000000100004d4       0x64 CMakeFiles/pico_micro_ros_example.dir/pico_uart_transport.c.obj
                0x00000000100004d4                pico_serial_transport_read
 .text.gpio_init
                0x0000000010000538       0x3c CMakeFiles/pico_micro_ros_example.dir/home/nvhmh/micro_ros_ws/src/pico-sdk/src/rp2_common/hardware_gpio/gpio.c.obj
                0x0000000010000538                gpio_init
 .text.running_on_fpga
                0x0000000010000574       0x10 CMakeFiles/pico_micro_ros_example.dir/home/nvhmh/micro_ros_ws/src/pico-sdk/src/rp2_common/pico_platform/platform.c.obj
                0x0000000010000574                running_on_fpga
 .text.hw_claim_or_assert
                0x0000000010000584       0x44 CMakeFiles/pico_micro_ros_example.dir/home/nvhmh/micro_ros_ws/src/pico-sdk/src/rp2_common/hardware_claim/claim.c.obj
                0x0000000010000584                hw_claim_or_assert
 .text.hw_claim_unused_from_range
                0x00000000100005c8       0x9c CMakeFiles/pico_micro_ros_example.dir/home/nvhmh/micro_ros_ws/src/pico-sdk/src/rp2_common/hardware_claim/claim.c.obj
                0x00000000100005c8                hw_claim_unused_from_range
 .text.spin_locks_reset
                0x0000000010000664       0x1c CMakeFiles/pico_micro_ros_example.dir/home/nvhmh/micro_ros_ws/src/pico-sdk/src/rp2_common/hardware_sync/sync.c.obj
                0x0000000010000664                spin_locks_reset
 .text.next_striped_spin_lock_num
                0x0000000010000680       0x18 CMakeFiles/pico_micro_ros_example.dir/home/nvhmh/micro_ros_ws/src/pico-sdk/src/rp2_common/hardware_sync/sync.c.obj
                0x0000000010000680                next_striped_spin_lock_num
 .text.spin_lock_claim_unused
                0x0000000010000698       0x20 CMakeFiles/pico_micro_ros_example.dir/home/nvhmh/micro_ros_ws/src/pico-sdk/src/rp2_common/hardware_sync/sync.c.obj
                0x0000000010000698                spin_lock_claim_unused
 .text.irq_set_enabled
                0x00000000100006b8       0x24 CMakeFiles/pico_micro_ros_example.dir/home/nvhmh/micro_ros_ws/src/pico-sdk/src/rp2_common/hardware_irq/irq.c.obj
                0x00000000100006b8                irq_set_enabled
 .text.irq_set_pending
                0x00000000100006dc       0x10 CMakeFiles/pico_micro_ros_example.dir/home/nvhmh/micro_ros_ws/src/pico-sdk/src/rp2_common/hardware_irq/irq.c.obj
                0x00000000100006dc                irq_set_pending
 .text.irq_has_shared_handler
                0x00000000100006ec       0x2c CMakeFiles/pico_micro_ros_example.dir/home/nvhmh/micro_ros_ws/src/pico-sdk/src/rp2_common/hardware_irq/irq.c.obj
                0x00000000100006ec                irq_has_shared_handler
 .text.irq_get_vtable_handler
                0x0000000010000718       0x10 CMakeFiles/pico_micro_ros_example.dir/home/nvhmh/micro_ros_ws/src/pico-sdk/src/rp2_common/hardware_irq/irq.c.obj
                0x0000000010000718                irq_get_vtable_handler
 .text.irq_set_exclusive_handler
                0x0000000010000728       0x54 CMakeFiles/pico_micro_ros_example.dir/home/nvhmh/micro_ros_ws/src/pico-sdk/src/rp2_common/hardware_irq/irq.c.obj
                0x0000000010000728                irq_set_exclusive_handler
 .text.irq_add_shared_handler
                0x000000001000077c      0x1e8 CMakeFiles/pico_micro_ros_example.dir/home/nvhmh/micro_ros_ws/src/pico-sdk/src/rp2_common/hardware_irq/irq.c.obj
                0x000000001000077c                irq_add_shared_handler
 .text.irq_remove_handler
                0x0000000010000964      0x1b0 CMakeFiles/pico_micro_ros_example.dir/home/nvhmh/micro_ros_ws/src/pico-sdk/src/rp2_common/hardware_irq/irq.c.obj
                0x0000000010000964                irq_remove_handler
 .text.irq_add_tail_to_free_list
                0x0000000010000b14       0xb4 CMakeFiles/pico_micro_ros_example.dir/home/nvhmh/micro_ros_ws/src/pico-sdk/src/rp2_common/hardware_irq/irq.c.obj
                0x0000000010000b14                irq_add_tail_to_free_list
 .text.irq_init_priorities
                0x0000000010000bc8       0x24 CMakeFiles/pico_micro_ros_example.dir/home/nvhmh/micro_ros_ws/src/pico-sdk/src/rp2_common/hardware_irq/irq.c.obj
                0x0000000010000bc8                irq_init_priorities
 .text.user_irq_claim_unused
                0x0000000010000bec       0x28 CMakeFiles/pico_micro_ros_example.dir/home/nvhmh/micro_ros_ws/src/pico-sdk/src/rp2_common/hardware_irq/irq.c.obj
                0x0000000010000bec                user_irq_claim_unused
 .text.lock_init
                0x0000000010000c14       0x10 CMakeFiles/pico_micro_ros_example.dir/home/nvhmh/micro_ros_ws/src/pico-sdk/src/common/pico_sync/lock_core.c.obj
                0x0000000010000c14                lock_init
 .text.mutex_init
                0x0000000010000c24       0x1c CMakeFiles/pico_micro_ros_example.dir/home/nvhmh/micro_ros_ws/src/pico-sdk/src/common/pico_sync/mutex.c.obj
                0x0000000010000c24                mutex_init
 .text.recursive_mutex_init
                0x0000000010000c40       0x1c CMakeFiles/pico_micro_ros_example.dir/home/nvhmh/micro_ros_ws/src/pico-sdk/src/common/pico_sync/mutex.c.obj
                0x0000000010000c40                recursive_mutex_init
 .text.critical_section_init
                0x0000000010000c5c       0x20 CMakeFiles/pico_micro_ros_example.dir/home/nvhmh/micro_ros_ws/src/pico-sdk/src/common/pico_sync/critical_section.c.obj
                0x0000000010000c5c                critical_section_init
 .text.critical_section_init_with_lock_num
                0x0000000010000c7c       0x14 CMakeFiles/pico_micro_ros_example.dir/home/nvhmh/micro_ros_ws/src/pico-sdk/src/common/pico_sync/critical_section.c.obj
                0x0000000010000c7c                critical_section_init_with_lock_num
 .text.timer_pool_entry_comparator
                0x0000000010000c90       0x34 CMakeFiles/pico_micro_ros_example.dir/home/nvhmh/micro_ros_ws/src/pico-sdk/src/common/pico_time/time.c.obj
                0x0000000010000c90                timer_pool_entry_comparator
 .text.sleep_until_callback
                0x0000000010000cc4       0x30 CMakeFiles/pico_micro_ros_example.dir/home/nvhmh/micro_ros_ws/src/pico-sdk/src/common/pico_time/time.c.obj
 .text.add_alarm_under_lock.isra.0
                0x0000000010000cf4      0x100 CMakeFiles/pico_micro_ros_example.dir/home/nvhmh/micro_ros_ws/src/pico-sdk/src/common/pico_time/time.c.obj
 .text.alarm_pool_alarm_callback
                0x0000000010000df4      0x1bc CMakeFiles/pico_micro_ros_example.dir/home/nvhmh/micro_ros_ws/src/pico-sdk/src/common/pico_time/time.c.obj
 .text.alarm_pool_init_default
                0x0000000010000fb0       0x6c CMakeFiles/pico_micro_ros_example.dir/home/nvhmh/micro_ros_ws/src/pico-sdk/src/common/pico_time/time.c.obj
                0x0000000010000fb0                alarm_pool_init_default
 .text.alarm_pool_get_default
                0x000000001000101c        0x8 CMakeFiles/pico_micro_ros_example.dir/home/nvhmh/micro_ros_ws/src/pico-sdk/src/common/pico_time/time.c.obj
                0x000000001000101c                alarm_pool_get_default
 .text.alarm_pool_add_alarm_at
                0x0000000010001024      0x178 CMakeFiles/pico_micro_ros_example.dir/home/nvhmh/micro_ros_ws/src/pico-sdk/src/common/pico_time/time.c.obj
                0x0000000010001024                alarm_pool_add_alarm_at
 .text.alarm_pool_core_num
                0x000000001000119c        0x4 CMakeFiles/pico_micro_ros_example.dir/home/nvhmh/micro_ros_ws/src/pico-sdk/src/common/pico_time/time.c.obj
                0x000000001000119c                alarm_pool_core_num
 .text.best_effort_wfe_or_timeout
                0x00000000100011a0       0xd4 CMakeFiles/pico_micro_ros_example.dir/home/nvhmh/micro_ros_ws/src/pico-sdk/src/common/pico_time/time.c.obj
                0x00000000100011a0                best_effort_wfe_or_timeout
 .text.hardware_alarm_irq_handler
                0x0000000010001274       0xbc CMakeFiles/pico_micro_ros_example.dir/home/nvhmh/micro_ros_ws/src/pico-sdk/src/rp2_common/hardware_timer/timer.c.obj
 .text.hardware_alarm_claim
                0x0000000010001330       0x18 CMakeFiles/pico_micro_ros_example.dir/home/nvhmh/micro_ros_ws/src/pico-sdk/src/rp2_common/hardware_timer/timer.c.obj
                0x0000000010001330                hardware_alarm_claim
 .text.time_us_64
                0x0000000010001348       0x14 CMakeFiles/pico_micro_ros_example.dir/home/nvhmh/micro_ros_ws/src/pico-sdk/src/rp2_common/hardware_timer/timer.c.obj
                0x0000000010001348                time_us_64
 .text.busy_wait_us
                0x000000001000135c       0x54 CMakeFiles/pico_micro_ros_example.dir/home/nvhmh/micro_ros_ws/src/pico-sdk/src/rp2_common/hardware_timer/timer.c.obj
                0x000000001000135c                busy_wait_us
 .text.hardware_alarm_set_callback
                0x00000000100013b0       0x8c CMakeFiles/pico_micro_ros_example.dir/home/nvhmh/micro_ros_ws/src/pico-sdk/src/rp2_common/hardware_timer/timer.c.obj
                0x00000000100013b0                hardware_alarm_set_callback
 .text.hardware_alarm_set_target
                0x000000001000143c       0xd4 CMakeFiles/pico_micro_ros_example.dir/home/nvhmh/micro_ros_ws/src/pico-sdk/src/rp2_common/hardware_timer/timer.c.obj
                0x000000001000143c                hardware_alarm_set_target
 .text.hardware_alarm_cancel
                0x0000000010001510       0x3c CMakeFiles/pico_micro_ros_example.dir/home/nvhmh/micro_ros_ws/src/pico-sdk/src/rp2_common/hardware_timer/timer.c.obj
                0x0000000010001510                hardware_alarm_cancel
 .text.ph_merge_nodes
                0x000000001000154c       0x68 CMakeFiles/pico_micro_ros_example.dir/home/nvhmh/micro_ros_ws/src/pico-sdk/src/common/pico_util/pheap.c.obj
 .text.ph_post_alloc_init
                0x00000000100015b4       0x3c CMakeFiles/pico_micro_ros_example.dir/home/nvhmh/micro_ros_ws/src/pico-sdk/src/common/pico_util/pheap.c.obj
                0x00000000100015b4                ph_post_alloc_init
 .text.ph_merge_two_pass
                0x00000000100015f0       0x90 CMakeFiles/pico_micro_ros_example.dir/home/nvhmh/micro_ros_ws/src/pico-sdk/src/common/pico_util/pheap.c.obj
                0x00000000100015f0                ph_merge_two_pass
 .text.ph_remove_any_head
                0x0000000010001680      0x100 CMakeFiles/pico_micro_ros_example.dir/home/nvhmh/micro_ros_ws/src/pico-sdk/src/common/pico_util/pheap.c.obj
 .text.ph_remove_head
                0x0000000010001780      0x104 CMakeFiles/pico_micro_ros_example.dir/home/nvhmh/micro_ros_ws/src/pico-sdk/src/common/pico_util/pheap.c.obj
                0x0000000010001780                ph_remove_head
 .text.ph_remove_and_free_node
                0x0000000010001884       0x7c CMakeFiles/pico_micro_ros_example.dir/home/nvhmh/micro_ros_ws/src/pico-sdk/src/common/pico_util/pheap.c.obj
                0x0000000010001884                ph_remove_and_free_node
 .text.clocks_init
                0x0000000010001900      0x2d0 CMakeFiles/pico_micro_ros_example.dir/home/nvhmh/micro_ros_ws/src/pico-sdk/src/rp2_common/hardware_clocks/clocks.c.obj
                0x0000000010001900                clocks_init
 .text.pll_init
                0x0000000010001bd0       0xa0 CMakeFiles/pico_micro_ros_example.dir/home/nvhmh/micro_ros_ws/src/pico-sdk/src/rp2_common/hardware_pll/pll.c.obj
                0x0000000010001bd0                pll_init
 .text.watchdog_start_tick
                0x0000000010001c70       0x10 CMakeFiles/pico_micro_ros_example.dir/home/nvhmh/micro_ros_ws/src/pico-sdk/src/rp2_common/hardware_watchdog/watchdog.c.obj
                0x0000000010001c70                watchdog_start_tick
 .text.watchdog_reboot
                0x0000000010001c80       0x98 CMakeFiles/pico_micro_ros_example.dir/home/nvhmh/micro_ros_ws/src/pico-sdk/src/rp2_common/hardware_watchdog/watchdog.c.obj
                0x0000000010001c80                watchdog_reboot
 .text.xosc_init
                0x0000000010001d18       0x28 CMakeFiles/pico_micro_ros_example.dir/home/nvhmh/micro_ros_ws/src/pico-sdk/src/rp2_common/hardware_xosc/xosc.c.obj
                0x0000000010001d18                xosc_init
 .text.runtime_init
                0x0000000010001d40       0xf0 CMakeFiles/pico_micro_ros_example.dir/home/nvhmh/micro_ros_ws/src/pico-sdk/src/rp2_common/pico_runtime/runtime.c.obj
                0x0000000010001d40                runtime_init
 .text._exit    0x0000000010001e30        0x4 CMakeFiles/pico_micro_ros_example.dir/home/nvhmh/micro_ros_ws/src/pico-sdk/src/rp2_common/pico_runtime/runtime.c.obj
                0x0000000010001e30                _exit
 .text._sbrk    0x0000000010001e34       0x34 CMakeFiles/pico_micro_ros_example.dir/home/nvhmh/micro_ros_ws/src/pico-sdk/src/rp2_common/pico_runtime/runtime.c.obj
                0x0000000010001e34                _sbrk
 .text.exit     0x0000000010001e68        0x8 CMakeFiles/pico_micro_ros_example.dir/home/nvhmh/micro_ros_ws/src/pico-sdk/src/rp2_common/pico_runtime/runtime.c.obj
                0x0000000010001e68                exit
 .text.panic    0x0000000010001e70       0x30 CMakeFiles/pico_micro_ros_example.dir/home/nvhmh/micro_ros_ws/src/pico-sdk/src/rp2_common/pico_runtime/runtime.c.obj
                0x0000000010001e70                panic
 .text.hard_assertion_failure
                0x0000000010001ea0        0xc CMakeFiles/pico_micro_ros_example.dir/home/nvhmh/micro_ros_ws/src/pico-sdk/src/rp2_common/pico_runtime/runtime.c.obj
                0x0000000010001ea0                hard_assertion_failure
 .text._out_buffer
                0x0000000010001eac        0x8 CMakeFiles/pico_micro_ros_example.dir/home/nvhmh/micro_ros_ws/src/pico-sdk/src/rp2_common/pico_printf/printf.c.obj
 .text._out_null
                0x0000000010001eb4        0x4 CMakeFiles/pico_micro_ros_example.dir/home/nvhmh/micro_ros_ws/src/pico-sdk/src/rp2_common/pico_printf/printf.c.obj
 .text._out_rev
                0x0000000010001eb8       0x9c CMakeFiles/pico_micro_ros_example.dir/home/nvhmh/micro_ros_ws/src/pico-sdk/src/rp2_common/pico_printf/printf.c.obj
 .text._ntoa_format
                0x0000000010001f54      0x1cc CMakeFiles/pico_micro_ros_example.dir/home/nvhmh/micro_ros_ws/src/pico-sdk/src/rp2_common/pico_printf/printf.c.obj
 .text._out_char
                0x0000000010002120       0x10 CMakeFiles/pico_micro_ros_example.dir/home/nvhmh/micro_ros_ws/src/pico-sdk/src/rp2_common/pico_printf/printf.c.obj
 .text._etoa    0x0000000010002130      0x44c CMakeFiles/pico_micro_ros_example.dir/home/nvhmh/micro_ros_ws/src/pico-sdk/src/rp2_common/pico_printf/printf.c.obj
 .text._ftoa    0x000000001000257c      0x398 CMakeFiles/pico_micro_ros_example.dir/home/nvhmh/micro_ros_ws/src/pico-sdk/src/rp2_common/pico_printf/printf.c.obj
 .text._vsnprintf
                0x0000000010002914      0xb04 CMakeFiles/pico_micro_ros_example.dir/home/nvhmh/micro_ros_ws/src/pico-sdk/src/rp2_common/pico_printf/printf.c.obj
 .text.__wrap_snprintf
                0x0000000010003418       0x28 CMakeFiles/pico_micro_ros_example.dir/home/nvhmh/micro_ros_ws/src/pico-sdk/src/rp2_common/pico_printf/printf.c.obj
                0x0000000010003418                __wrap_snprintf
 .text.__wrap_vsnprintf
                0x0000000010003440       0x1c CMakeFiles/pico_micro_ros_example.dir/home/nvhmh/micro_ros_ws/src/pico-sdk/src/rp2_common/pico_printf/printf.c.obj
                0x0000000010003440                __wrap_vsnprintf
 .text.weak_raw_vprintf
                0x000000001000345c       0x30 CMakeFiles/pico_micro_ros_example.dir/home/nvhmh/micro_ros_ws/src/pico-sdk/src/rp2_common/pico_printf/printf.c.obj
                0x000000001000345c                weak_raw_vprintf
 .text          0x000000001000348c       0x10 CMakeFiles/pico_micro_ros_example.dir/home/nvhmh/micro_ros_ws/src/pico-sdk/src/rp2_common/pico_bit_ops/bit_ops_aeabi.S.obj
 .text.rom_func_lookup
                0x000000001000349c       0x10 CMakeFiles/pico_micro_ros_example.dir/home/nvhmh/micro_ros_ws/src/pico-sdk/src/rp2_common/pico_bootrom/bootrom.c.obj
                0x000000001000349c                rom_func_lookup
 .text.rom_data_lookup
                0x00000000100034ac       0x10 CMakeFiles/pico_micro_ros_example.dir/home/nvhmh/micro_ros_ws/src/pico-sdk/src/rp2_common/pico_bootrom/bootrom.c.obj
                0x00000000100034ac                rom_data_lookup
 .text.rom_funcs_lookup
                0x00000000100034bc       0x44 CMakeFiles/pico_micro_ros_example.dir/home/nvhmh/micro_ros_ws/src/pico-sdk/src/rp2_common/pico_bootrom/bootrom.c.obj
                0x00000000100034bc                rom_funcs_lookup
 .text.__wrap___aeabi_idiv
                0x0000000010003500       0x50 CMakeFiles/pico_micro_ros_example.dir/home/nvhmh/micro_ros_ws/src/pico-sdk/src/rp2_common/pico_divider/divider.S.obj
                0x0000000010003500                __wrap___aeabi_idivmod
                0x0000000010003500                divmod_s32s32
                0x0000000010003500                div_s32s32
                0x0000000010003500                __wrap___aeabi_idiv
                0x0000000010003508                divmod_s32s32_unsafe
                0x0000000010003534                divmod_s32s32_savestate
 .text.__wrap___aeabi_uidiv
                0x0000000010003550       0x4c CMakeFiles/pico_micro_ros_example.dir/home/nvhmh/micro_ros_ws/src/pico-sdk/src/rp2_common/pico_divider/divider.S.obj
                0x0000000010003550                __wrap___aeabi_uidiv
                0x0000000010003550                __wrap___aeabi_uidivmod
                0x0000000010003550                div_u32u32
                0x0000000010003550                divmod_u32u32
                0x0000000010003558                divmod_u32u32_unsafe
                0x0000000010003580                divmod_u32u32_savestate
 .text.__wrap___aeabi_ldiv
                0x000000001000359c      0x424 CMakeFiles/pico_micro_ros_example.dir/home/nvhmh/micro_ros_ws/src/pico-sdk/src/rp2_common/pico_divider/divider.S.obj
                0x000000001000359c                div_s64s64
                0x000000001000359c                divmod_s64s64
                0x000000001000359c                __wrap___aeabi_ldivmod
                0x00000000100035cc                div_u64u64
                0x00000000100035cc                divmod_u64u64
                0x00000000100035cc                __wrap___aeabi_uldivmod
                0x00000000100035dc                divmod_u64u64_savestate
                0x00000000100035fc                divmod_s64s64_unsafe
                0x0000000010003684                divmod_u64u64_unsafe
 .text.__wrap___aeabi_darithmetic
                0x00000000100039c0       0x80 CMakeFiles/pico_micro_ros_example.dir/home/nvhmh/micro_ros_ws/src/pico-sdk/src/rp2_common/pico_double/double_aeabi.S.obj
                0x00000000100039c0                __wrap___aeabi_drsub
                0x00000000100039c6                __wrap___aeabi_dsub
                0x00000000100039d8                __wrap___aeabi_dadd
                0x00000000100039ea                __wrap___aeabi_ddiv
                0x0000000010003a26                __wrap___aeabi_dmul
 .text.__wrap___aeabi_cdcmple
                0x0000000010003a40       0x6c CMakeFiles/pico_micro_ros_example.dir/home/nvhmh/micro_ros_ws/src/pico-sdk/src/rp2_common/pico_double/double_aeabi.S.obj
                0x0000000010003a40                __wrap___aeabi_cdrcmple
                0x0000000010003a50                __wrap___aeabi_cdcmple
                0x0000000010003a50                __wrap___aeabi_cdcmpeq
 .text.__wrap___aeabi_dcmplt
                0x0000000010003aac        0xc CMakeFiles/pico_micro_ros_example.dir/home/nvhmh/micro_ros_ws/src/pico-sdk/src/rp2_common/pico_double/double_aeabi.S.obj
                0x0000000010003aac                __wrap___aeabi_dcmplt
 .text.__wrap___aeabi_dcmple
                0x0000000010003ab8       0x10 CMakeFiles/pico_micro_ros_example.dir/home/nvhmh/micro_ros_ws/src/pico-sdk/src/rp2_common/pico_double/double_aeabi.S.obj
                0x0000000010003ab8                __wrap___aeabi_dcmple
 .text.__wrap___aeabi_dcmpge
                0x0000000010003ac8       0x10 CMakeFiles/pico_micro_ros_example.dir/home/nvhmh/micro_ros_ws/src/pico-sdk/src/rp2_common/pico_double/double_aeabi.S.obj
                0x0000000010003ac8                __wrap___aeabi_dcmpge
 .text.__wrap___aeabi_dcmpgt
                0x0000000010003ad8        0xa CMakeFiles/pico_micro_ros_example.dir/home/nvhmh/micro_ros_ws/src/pico-sdk/src/rp2_common/pico_double/double_aeabi.S.obj
                0x0000000010003ad8                __wrap___aeabi_dcmpgt
 .text.__wrap___aeabi_dcmpun
                0x0000000010003ae2       0x1c CMakeFiles/pico_micro_ros_example.dir/home/nvhmh/micro_ros_ws/src/pico-sdk/src/rp2_common/pico_double/double_aeabi.S.obj
                0x0000000010003ae2                __wrap___aeabi_dcmpun
 *fill*         0x0000000010003afe        0x2 
 .text.__wrap___aeabi_i2d
                0x0000000010003b00       0x38 CMakeFiles/pico_micro_ros_example.dir/home/nvhmh/micro_ros_ws/src/pico-sdk/src/rp2_common/pico_double/double_aeabi.S.obj
                0x0000000010003b00                __wrap___aeabi_ui2d
                0x0000000010003b08                __wrap___aeabi_i2d
 .text.__wrap___aeabi_d2iz
                0x0000000010003b38       0x48 CMakeFiles/pico_micro_ros_example.dir/home/nvhmh/micro_ros_ws/src/pico-sdk/src/rp2_common/pico_double/double_aeabi.S.obj
                0x0000000010003b38                __wrap___aeabi_d2iz
                0x0000000010003b38                double2int_z
 .text.__wrap___aeabi_d2uiz
                0x0000000010003b80       0x18 CMakeFiles/pico_micro_ros_example.dir/home/nvhmh/micro_ros_ws/src/pico-sdk/src/rp2_common/pico_double/double_aeabi.S.obj
                0x0000000010003b80                double2uint
                0x0000000010003b80                __wrap___aeabi_d2uiz
 .text.__aeabi_double_init
                0x0000000010003b98       0x94 CMakeFiles/pico_micro_ros_example.dir/home/nvhmh/micro_ros_ws/src/pico-sdk/src/rp2_common/pico_double/double_init_rom.c.obj
                0x0000000010003b98                __aeabi_double_init
 .text.double_table_shim_on_use_helper
                0x0000000010003c2c       0x2c CMakeFiles/pico_micro_ros_example.dir/home/nvhmh/micro_ros_ws/src/pico-sdk/src/rp2_common/pico_double/double_v1_rom_shim.S.obj
                0x0000000010003c2c                double_table_shim_on_use_helper
 .text.__wrap___aeabi_dsub
                0x0000000010003c58       0x10 CMakeFiles/pico_micro_ros_example.dir/home/nvhmh/micro_ros_ws/src/pico-sdk/src/rp2_common/pico_double/double_v1_rom_shim.S.obj
                0x0000000010003c58                drsub_shim
                0x0000000010003c5e                dsub_shim
 .text.dadd_shim
                0x0000000010003c68      0x15c CMakeFiles/pico_micro_ros_example.dir/home/nvhmh/micro_ros_ws/src/pico-sdk/src/rp2_common/pico_double/double_v1_rom_shim.S.obj
                0x0000000010003c68                dadd_shim
 .text.dmul_shim
                0x0000000010003dc4      0x15c CMakeFiles/pico_micro_ros_example.dir/home/nvhmh/micro_ros_ws/src/pico-sdk/src/rp2_common/pico_double/double_v1_rom_shim.S.obj
                0x0000000010003dc4                dmul_shim
 .text.ddiv_shim
                0x0000000010003f20      0x1b0 CMakeFiles/pico_micro_ros_example.dir/home/nvhmh/micro_ros_ws/src/pico-sdk/src/rp2_common/pico_double/double_v1_rom_shim.S.obj
                0x0000000010003f20                ddiv_shim
 .text.double2uint_shim
                0x00000000100040d0        0xe CMakeFiles/pico_micro_ros_example.dir/home/nvhmh/micro_ros_ws/src/pico-sdk/src/rp2_common/pico_double/double_v1_rom_shim.S.obj
                0x00000000100040d0                double2uint_shim
                0x00000000100040d2                double2ufix_shim
 *fill*         0x00000000100040de        0x2 
 .text.double2uint64_shim
                0x00000000100040e0       0x70 CMakeFiles/pico_micro_ros_example.dir/home/nvhmh/micro_ros_ws/src/pico-sdk/src/rp2_common/pico_double/double_v1_rom_shim.S.obj
                0x00000000100040e0                double2uint64_shim
                0x00000000100040e2                double2ufix64_shim
                0x0000000010004102                d2fix_a
 .text.dunpacks
                0x0000000010004150       0x3c CMakeFiles/pico_micro_ros_example.dir/home/nvhmh/micro_ros_ws/src/pico-sdk/src/rp2_common/pico_double/double_v1_rom_shim.S.obj
                0x0000000010004150                dunpacks
 .text.__aeabi_lmul
                0x000000001000418c       0x32 CMakeFiles/pico_micro_ros_example.dir/home/nvhmh/micro_ros_ws/src/pico-sdk/src/rp2_common/pico_int64_ops/pico_int64_ops_aeabi.S.obj
                0x000000001000418c                __wrap___aeabi_lmul
 *fill*         0x00000000100041be        0x2 
 .text.__wrap___aeabi_farithmetic
                0x00000000100041c0       0x48 CMakeFiles/pico_micro_ros_example.dir/home/nvhmh/micro_ros_ws/src/pico-sdk/src/rp2_common/pico_float/float_aeabi.S.obj
                0x00000000100041c0                __wrap___aeabi_frsub
                0x00000000100041c6                __wrap___aeabi_fsub
                0x00000000100041cc                __wrap___aeabi_fadd
                0x00000000100041d2                __wrap___aeabi_fdiv
                0x00000000100041fa                __wrap___aeabi_fmul
 .text.__wrap___aeabi_ui2f
                0x0000000010004208        0xa CMakeFiles/pico_micro_ros_example.dir/home/nvhmh/micro_ros_ws/src/pico-sdk/src/rp2_common/pico_float/float_aeabi.S.obj
                0x0000000010004208                __wrap___aeabi_ui2f
 *fill*         0x0000000010004212        0x2 
 .text.__wrap___aeabi_i2f
                0x0000000010004214       0x44 CMakeFiles/pico_micro_ros_example.dir/home/nvhmh/micro_ros_ws/src/pico-sdk/src/rp2_common/pico_float/float_aeabi.S.obj
                0x0000000010004214                __wrap___aeabi_i2f
 .text.__wrap___aeabi_f2iz
                0x0000000010004258       0x4e CMakeFiles/pico_micro_ros_example.dir/home/nvhmh/micro_ros_ws/src/pico-sdk/src/rp2_common/pico_float/float_aeabi.S.obj
                0x0000000010004258                __wrap___aeabi_f2iz
                0x0000000010004258                float2int_z
 *fill*         0x00000000100042a6        0x2 
 .text.float2int
                0x00000000100042a8       0x14 CMakeFiles/pico_micro_ros_example.dir/home/nvhmh/micro_ros_ws/src/pico-sdk/src/rp2_common/pico_float/float_aeabi.S.obj
                0x00000000100042a8                float2int
 .text.__wrap___aeabi_f2uiz
                0x00000000100042bc        0xc CMakeFiles/pico_micro_ros_example.dir/home/nvhmh/micro_ros_ws/src/pico-sdk/src/rp2_common/pico_float/float_aeabi.S.obj
                0x00000000100042bc                __wrap___aeabi_f2uiz
 .text.__aeabi_float_init
                0x00000000100042c8       0x64 CMakeFiles/pico_micro_ros_example.dir/home/nvhmh/micro_ros_ws/src/pico-sdk/src/rp2_common/pico_float/float_init_rom.c.obj
                0x00000000100042c8                __aeabi_float_init
 .text.float_table_shim_on_use_helper
                0x000000001000432c       0x2c CMakeFiles/pico_micro_ros_example.dir/home/nvhmh/micro_ros_ws/src/pico-sdk/src/rp2_common/pico_float/float_v1_rom_shim.S.obj
                0x000000001000432c                float_table_shim_on_use_helper
 .text.float232_shims
                0x0000000010004358       0x18 CMakeFiles/pico_micro_ros_example.dir/home/nvhmh/micro_ros_ws/src/pico-sdk/src/rp2_common/pico_float/float_v1_rom_shim.S.obj
                0x0000000010004358                float2int_shim
                0x000000001000435a                float2fix_shim
 .text.__wrap_malloc
                0x0000000010004370       0x24 CMakeFiles/pico_micro_ros_example.dir/home/nvhmh/micro_ros_ws/src/pico-sdk/src/rp2_common/pico_malloc/pico_malloc.c.obj
                0x0000000010004370                __wrap_malloc
 .text.__wrap_calloc
                0x0000000010004394       0x24 CMakeFiles/pico_micro_ros_example.dir/home/nvhmh/micro_ros_ws/src/pico-sdk/src/rp2_common/pico_malloc/pico_malloc.c.obj
                0x0000000010004394                __wrap_calloc
 .text.__wrap_realloc
                0x00000000100043b8       0x24 CMakeFiles/pico_micro_ros_example.dir/home/nvhmh/micro_ros_ws/src/pico-sdk/src/rp2_common/pico_malloc/pico_malloc.c.obj
                0x00000000100043b8                __wrap_realloc
 .text.__wrap_free
                0x00000000100043dc        0x8 CMakeFiles/pico_micro_ros_example.dir/home/nvhmh/micro_ros_ws/src/pico-sdk/src/rp2_common/pico_malloc/pico_malloc.c.obj
                0x00000000100043dc                __wrap_free
 .text          0x00000000100043e4       0x10 CMakeFiles/pico_micro_ros_example.dir/home/nvhmh/micro_ros_ws/src/pico-sdk/src/rp2_common/pico_mem_ops/mem_ops_aeabi.S.obj
                0x00000000100043e4                __aeabi_mem_init
 .text.memset   0x00000000100043f4        0xc CMakeFiles/pico_micro_ros_example.dir/home/nvhmh/micro_ros_ws/src/pico-sdk/src/rp2_common/pico_mem_ops/mem_ops_aeabi.S.obj
                0x00000000100043f4                __wrap_memset
 .text.memcpy   0x0000000010004400        0xc CMakeFiles/pico_micro_ros_example.dir/home/nvhmh/micro_ros_ws/src/pico-sdk/src/rp2_common/pico_mem_ops/mem_ops_aeabi.S.obj
                0x0000000010004400                __wrap___aeabi_memcpy
                0x0000000010004400                __wrap_memcpy
 .text.stdio_out_chars_no_crlf
                0x000000001000440c       0x10 CMakeFiles/pico_micro_ros_example.dir/home/nvhmh/micro_ros_ws/src/pico-sdk/src/rp2_common/pico_stdio/stdio.c.obj
 .text.stdio_out_chars_crlf
                0x000000001000441c       0x10 CMakeFiles/pico_micro_ros_example.dir/home/nvhmh/micro_ros_ws/src/pico-sdk/src/rp2_common/pico_stdio/stdio.c.obj
 .text.stdio_put_string.isra.0
                0x000000001000442c       0xfc CMakeFiles/pico_micro_ros_example.dir/home/nvhmh/micro_ros_ws/src/pico-sdk/src/rp2_common/pico_stdio/stdio.c.obj
 .text.__wrap_putchar
                0x0000000010004528       0x98 CMakeFiles/pico_micro_ros_example.dir/home/nvhmh/micro_ros_ws/src/pico-sdk/src/rp2_common/pico_stdio/stdio.c.obj
                0x0000000010004528                __wrap_putchar
 .text.__wrap_puts
                0x00000000100045c0       0x3c CMakeFiles/pico_micro_ros_example.dir/home/nvhmh/micro_ros_ws/src/pico-sdk/src/rp2_common/pico_stdio/stdio.c.obj
                0x00000000100045c0                __wrap_puts
 .text.stdio_set_driver_enabled
                0x00000000100045fc       0x30 CMakeFiles/pico_micro_ros_example.dir/home/nvhmh/micro_ros_ws/src/pico-sdk/src/rp2_common/pico_stdio/stdio.c.obj
                0x00000000100045fc                stdio_set_driver_enabled
 .text.stdio_init_all
                0x000000001000462c        0x8 CMakeFiles/pico_micro_ros_example.dir/home/nvhmh/micro_ros_ws/src/pico-sdk/src/rp2_common/pico_stdio/stdio.c.obj
                0x000000001000462c                stdio_init_all
 .text.getchar_timeout_us
                0x0000000010004634       0x98 CMakeFiles/pico_micro_ros_example.dir/home/nvhmh/micro_ros_ws/src/pico-sdk/src/rp2_common/pico_stdio/stdio.c.obj
                0x0000000010004634                getchar_timeout_us
 .text.resetd_init
                0x00000000100046cc        0x4 CMakeFiles/pico_micro_ros_example.dir/home/nvhmh/micro_ros_ws/src/pico-sdk/src/rp2_common/pico_stdio_usb/reset_interface.c.obj
 .text.resetd_reset
                0x00000000100046d0        0xc CMakeFiles/pico_micro_ros_example.dir/home/nvhmh/micro_ros_ws/src/pico-sdk/src/rp2_common/pico_stdio_usb/reset_interface.c.obj
 .text.resetd_open
                0x00000000100046dc       0x28 CMakeFiles/pico_micro_ros_example.dir/home/nvhmh/micro_ros_ws/src/pico-sdk/src/rp2_common/pico_stdio_usb/reset_interface.c.obj
 .text.resetd_xfer_cb
                0x0000000010004704        0x4 CMakeFiles/pico_micro_ros_example.dir/home/nvhmh/micro_ros_ws/src/pico-sdk/src/rp2_common/pico_stdio_usb/reset_interface.c.obj
 .text.resetd_control_xfer_cb
                0x0000000010004708       0x64 CMakeFiles/pico_micro_ros_example.dir/home/nvhmh/micro_ros_ws/src/pico-sdk/src/rp2_common/pico_stdio_usb/reset_interface.c.obj
 .text.usbd_app_driver_get_cb
                0x000000001000476c        0xc CMakeFiles/pico_micro_ros_example.dir/home/nvhmh/micro_ros_ws/src/pico-sdk/src/rp2_common/pico_stdio_usb/reset_interface.c.obj
                0x000000001000476c                usbd_app_driver_get_cb
 .text.tud_cdc_line_coding_cb
                0x0000000010004778       0x34 CMakeFiles/pico_micro_ros_example.dir/home/nvhmh/micro_ros_ws/src/pico-sdk/src/rp2_common/pico_stdio_usb/reset_interface.c.obj
                0x0000000010004778                tud_cdc_line_coding_cb
 .text.stdio_usb_set_chars_available_callback
                0x00000000100047ac       0x14 CMakeFiles/pico_micro_ros_example.dir/home/nvhmh/micro_ros_ws/src/pico-sdk/src/rp2_common/pico_stdio_usb/stdio_usb.c.obj
                0x00000000100047ac                stdio_usb_set_chars_available_callback
 .text.usb_irq  0x00000000100047c0       0x10 CMakeFiles/pico_micro_ros_example.dir/home/nvhmh/micro_ros_ws/src/pico-sdk/src/rp2_common/pico_stdio_usb/stdio_usb.c.obj
 .text.timer_task
                0x00000000100047d0       0x54 CMakeFiles/pico_micro_ros_example.dir/home/nvhmh/micro_ros_ws/src/pico-sdk/src/rp2_common/pico_stdio_usb/stdio_usb.c.obj
 .text.stdio_usb_in_chars
                0x0000000010004824       0x90 CMakeFiles/pico_micro_ros_example.dir/home/nvhmh/micro_ros_ws/src/pico-sdk/src/rp2_common/pico_stdio_usb/stdio_usb.c.obj
                0x0000000010004824                stdio_usb_in_chars
 .text.stdio_usb_out_chars
                0x00000000100048b4      0x100 CMakeFiles/pico_micro_ros_example.dir/home/nvhmh/micro_ros_ws/src/pico-sdk/src/rp2_common/pico_stdio_usb/stdio_usb.c.obj
 .text.low_priority_worker_irq
                0x00000000100049b4       0xa8 CMakeFiles/pico_micro_ros_example.dir/home/nvhmh/micro_ros_ws/src/pico-sdk/src/rp2_common/pico_stdio_usb/stdio_usb.c.obj
 .text.tud_cdc_rx_cb
                0x0000000010004a5c       0x20 CMakeFiles/pico_micro_ros_example.dir/home/nvhmh/micro_ros_ws/src/pico-sdk/src/rp2_common/pico_stdio_usb/stdio_usb.c.obj
                0x0000000010004a5c                tud_cdc_rx_cb
 .text.stdio_usb_init
                0x0000000010004a7c       0xdc CMakeFiles/pico_micro_ros_example.dir/home/nvhmh/micro_ros_ws/src/pico-sdk/src/rp2_common/pico_stdio_usb/stdio_usb.c.obj
                0x0000000010004a7c                stdio_usb_init
 .text.tud_descriptor_device_cb
                0x0000000010004b58        0x8 CMakeFiles/pico_micro_ros_example.dir/home/nvhmh/micro_ros_ws/src/pico-sdk/src/rp2_common/pico_stdio_usb/stdio_usb_descriptors.c.obj
                0x0000000010004b58                tud_descriptor_device_cb
 .text.tud_descriptor_configuration_cb
                0x0000000010004b60        0x8 CMakeFiles/pico_micro_ros_example.dir/home/nvhmh/micro_ros_ws/src/pico-sdk/src/rp2_common/pico_stdio_usb/stdio_usb_descriptors.c.obj
                0x0000000010004b60                tud_descriptor_configuration_cb
 .text.tud_descriptor_string_cb
                0x0000000010004b68       0x74 CMakeFiles/pico_micro_ros_example.dir/home/nvhmh/micro_ros_ws/src/pico-sdk/src/rp2_common/pico_stdio_usb/stdio_usb_descriptors.c.obj
                0x0000000010004b68                tud_descriptor_string_cb
 .text.startup._retrieve_unique_id_on_boot
                0x0000000010004bdc       0x10 CMakeFiles/pico_micro_ros_example.dir/home/nvhmh/micro_ros_ws/src/pico-sdk/src/rp2_common/pico_unique_id/unique_id.c.obj
 .text.pico_get_unique_board_id_string
                0x0000000010004bec      0x1a8 CMakeFiles/pico_micro_ros_example.dir/home/nvhmh/micro_ros_ws/src/pico-sdk/src/rp2_common/pico_unique_id/unique_id.c.obj
                0x0000000010004bec                pico_get_unique_board_id_string
 .text.flash_get_unique_id
                0x0000000010004d94       0x40 CMakeFiles/pico_micro_ros_example.dir/home/nvhmh/micro_ros_ws/src/pico-sdk/src/rp2_common/hardware_flash/flash.c.obj
                0x0000000010004d94                flash_get_unique_id
 .text.dcd_int_enable
                0x0000000010004dd4        0xc CMakeFiles/pico_micro_ros_example.dir/home/nvhmh/micro_ros_ws/src/pico-sdk/lib/tinyusb/src/portable/raspberrypi/rp2040/dcd_rp2040.c.obj
                0x0000000010004dd4                dcd_int_enable
 .text.dcd_set_address
                0x0000000010004de0       0x14 CMakeFiles/pico_micro_ros_example.dir/home/nvhmh/micro_ros_ws/src/pico-sdk/lib/tinyusb/src/portable/raspberrypi/rp2040/dcd_rp2040.c.obj
                0x0000000010004de0                dcd_set_address
 .text.dcd_connect
                0x0000000010004df4       0x10 CMakeFiles/pico_micro_ros_example.dir/home/nvhmh/micro_ros_ws/src/pico-sdk/lib/tinyusb/src/portable/raspberrypi/rp2040/dcd_rp2040.c.obj
                0x0000000010004df4                dcd_connect
 .text.dcd_init
                0x0000000010004e04       0x98 CMakeFiles/pico_micro_ros_example.dir/home/nvhmh/micro_ros_ws/src/pico-sdk/lib/tinyusb/src/portable/raspberrypi/rp2040/dcd_rp2040.c.obj
                0x0000000010004e04                dcd_init
 .text.dcd_edpt0_status_complete
                0x0000000010004e9c       0x1c CMakeFiles/pico_micro_ros_example.dir/home/nvhmh/micro_ros_ws/src/pico-sdk/lib/tinyusb/src/portable/raspberrypi/rp2040/dcd_rp2040.c.obj
                0x0000000010004e9c                dcd_edpt0_status_complete
 .text.dcd_edpt_open
                0x0000000010004eb8      0x108 CMakeFiles/pico_micro_ros_example.dir/home/nvhmh/micro_ros_ws/src/pico-sdk/lib/tinyusb/src/portable/raspberrypi/rp2040/dcd_rp2040.c.obj
                0x0000000010004eb8                dcd_edpt_open
 .text.dcd_edpt_close_all
                0x0000000010004fc0        0x8 CMakeFiles/pico_micro_ros_example.dir/home/nvhmh/micro_ros_ws/src/pico-sdk/lib/tinyusb/src/portable/raspberrypi/rp2040/dcd_rp2040.c.obj
                0x0000000010004fc0                dcd_edpt_close_all
 .text.dcd_edpt_xfer
                0x0000000010004fc8       0x24 CMakeFiles/pico_micro_ros_example.dir/home/nvhmh/micro_ros_ws/src/pico-sdk/lib/tinyusb/src/portable/raspberrypi/rp2040/dcd_rp2040.c.obj
                0x0000000010004fc8                dcd_edpt_xfer
 .text.dcd_edpt_stall
                0x0000000010004fec       0x38 CMakeFiles/pico_micro_ros_example.dir/home/nvhmh/micro_ros_ws/src/pico-sdk/lib/tinyusb/src/portable/raspberrypi/rp2040/dcd_rp2040.c.obj
                0x0000000010004fec                dcd_edpt_stall
 .text.dcd_edpt_clear_stall
                0x0000000010005024       0x30 CMakeFiles/pico_micro_ros_example.dir/home/nvhmh/micro_ros_ws/src/pico-sdk/lib/tinyusb/src/portable/raspberrypi/rp2040/dcd_rp2040.c.obj
                0x0000000010005024                dcd_edpt_clear_stall
 .text.rp2040_usb_init
                0x0000000010005054       0x4c CMakeFiles/pico_micro_ros_example.dir/home/nvhmh/micro_ros_ws/src/pico-sdk/lib/tinyusb/src/portable/raspberrypi/rp2040/rp2040_usb.c.obj
                0x0000000010005054                rp2040_usb_init
 .text.hw_endpoint_xfer_start
                0x00000000100050a0       0x50 CMakeFiles/pico_micro_ros_example.dir/home/nvhmh/micro_ros_ws/src/pico-sdk/lib/tinyusb/src/portable/raspberrypi/rp2040/rp2040_usb.c.obj
                0x00000000100050a0                hw_endpoint_xfer_start
 .text.tud_mounted
                0x00000000100050f0       0x10 CMakeFiles/pico_micro_ros_example.dir/home/nvhmh/micro_ros_ws/src/pico-sdk/lib/tinyusb/src/device/usbd.c.obj
                0x00000000100050f0                tud_mounted
 .text.tud_suspended
                0x0000000010005100       0x10 CMakeFiles/pico_micro_ros_example.dir/home/nvhmh/micro_ros_ws/src/pico-sdk/lib/tinyusb/src/device/usbd.c.obj
                0x0000000010005100                tud_suspended
 .text.tud_inited
                0x0000000010005110       0x14 CMakeFiles/pico_micro_ros_example.dir/home/nvhmh/micro_ros_ws/src/pico-sdk/lib/tinyusb/src/device/usbd.c.obj
                0x0000000010005110                tud_inited
 .text.tud_init
                0x0000000010005124       0xe4 CMakeFiles/pico_micro_ros_example.dir/home/nvhmh/micro_ros_ws/src/pico-sdk/lib/tinyusb/src/device/usbd.c.obj
                0x0000000010005124                tud_init
 .text.tud_task_ext
                0x0000000010005208      0x854 CMakeFiles/pico_micro_ros_example.dir/home/nvhmh/micro_ros_ws/src/pico-sdk/lib/tinyusb/src/device/usbd.c.obj
                0x0000000010005208                tud_task_ext
 .text.usbd_open_edpt_pair
                0x0000000010005a5c       0x9c CMakeFiles/pico_micro_ros_example.dir/home/nvhmh/micro_ros_ws/src/pico-sdk/lib/tinyusb/src/device/usbd.c.obj
                0x0000000010005a5c                usbd_open_edpt_pair
 .text.usbd_defer_func
                0x0000000010005af8       0x48 CMakeFiles/pico_micro_ros_example.dir/home/nvhmh/micro_ros_ws/src/pico-sdk/lib/tinyusb/src/device/usbd.c.obj
                0x0000000010005af8                usbd_defer_func
 .text.usbd_edpt_open
                0x0000000010005b40       0x34 CMakeFiles/pico_micro_ros_example.dir/home/nvhmh/micro_ros_ws/src/pico-sdk/lib/tinyusb/src/device/usbd.c.obj
                0x0000000010005b40                usbd_edpt_open
 .text.usbd_edpt_claim
                0x0000000010005b74       0x28 CMakeFiles/pico_micro_ros_example.dir/home/nvhmh/micro_ros_ws/src/pico-sdk/lib/tinyusb/src/device/usbd.c.obj
                0x0000000010005b74                usbd_edpt_claim
 .text.usbd_edpt_release
                0x0000000010005b9c       0x28 CMakeFiles/pico_micro_ros_example.dir/home/nvhmh/micro_ros_ws/src/pico-sdk/lib/tinyusb/src/device/usbd.c.obj
                0x0000000010005b9c                usbd_edpt_release
 .text.usbd_edpt_xfer
                0x0000000010005bc4       0x4c CMakeFiles/pico_micro_ros_example.dir/home/nvhmh/micro_ros_ws/src/pico-sdk/lib/tinyusb/src/device/usbd.c.obj
                0x0000000010005bc4                usbd_edpt_xfer
 .text.tud_control_status
                0x0000000010005c10       0x30 CMakeFiles/pico_micro_ros_example.dir/home/nvhmh/micro_ros_ws/src/pico-sdk/lib/tinyusb/src/device/usbd_control.c.obj
                0x0000000010005c10                tud_control_status
 .text.tud_control_xfer
                0x0000000010005c40       0xbc CMakeFiles/pico_micro_ros_example.dir/home/nvhmh/micro_ros_ws/src/pico-sdk/lib/tinyusb/src/device/usbd_control.c.obj
                0x0000000010005c40                tud_control_xfer
 .text.usbd_control_reset
                0x0000000010005cfc       0x14 CMakeFiles/pico_micro_ros_example.dir/home/nvhmh/micro_ros_ws/src/pico-sdk/lib/tinyusb/src/device/usbd_control.c.obj
                0x0000000010005cfc                usbd_control_reset
 .text.usbd_control_set_complete_callback
                0x0000000010005d10        0xc CMakeFiles/pico_micro_ros_example.dir/home/nvhmh/micro_ros_ws/src/pico-sdk/lib/tinyusb/src/device/usbd_control.c.obj
                0x0000000010005d10                usbd_control_set_complete_callback
 .text.usbd_control_set_request
                0x0000000010005d1c       0x1c CMakeFiles/pico_micro_ros_example.dir/home/nvhmh/micro_ros_ws/src/pico-sdk/lib/tinyusb/src/device/usbd_control.c.obj
                0x0000000010005d1c                usbd_control_set_request
 .text.usbd_control_xfer_cb
                0x0000000010005d38       0xfc CMakeFiles/pico_micro_ros_example.dir/home/nvhmh/micro_ros_ws/src/pico-sdk/lib/tinyusb/src/device/usbd_control.c.obj
                0x0000000010005d38                usbd_control_xfer_cb
 .text.tud_cdc_n_connected
                0x0000000010005e34       0x30 CMakeFiles/pico_micro_ros_example.dir/home/nvhmh/micro_ros_ws/src/pico-sdk/lib/tinyusb/src/class/cdc/cdc_device.c.obj
                0x0000000010005e34                tud_cdc_n_connected
 .text.tud_cdc_n_available
                0x0000000010005e64       0x18 CMakeFiles/pico_micro_ros_example.dir/home/nvhmh/micro_ros_ws/src/pico-sdk/lib/tinyusb/src/class/cdc/cdc_device.c.obj
                0x0000000010005e64                tud_cdc_n_available
 .text.tud_cdc_n_read
                0x0000000010005e7c       0x70 CMakeFiles/pico_micro_ros_example.dir/home/nvhmh/micro_ros_ws/src/pico-sdk/lib/tinyusb/src/class/cdc/cdc_device.c.obj
                0x0000000010005e7c                tud_cdc_n_read
 .text.tud_cdc_n_write_flush
                0x0000000010005eec       0x78 CMakeFiles/pico_micro_ros_example.dir/home/nvhmh/micro_ros_ws/src/pico-sdk/lib/tinyusb/src/class/cdc/cdc_device.c.obj
                0x0000000010005eec                tud_cdc_n_write_flush
 .text.tud_cdc_n_write
                0x0000000010005f64       0x34 CMakeFiles/pico_micro_ros_example.dir/home/nvhmh/micro_ros_ws/src/pico-sdk/lib/tinyusb/src/class/cdc/cdc_device.c.obj
                0x0000000010005f64                tud_cdc_n_write
 .text.tud_cdc_n_write_available
                0x0000000010005f98       0x18 CMakeFiles/pico_micro_ros_example.dir/home/nvhmh/micro_ros_ws/src/pico-sdk/lib/tinyusb/src/class/cdc/cdc_device.c.obj
                0x0000000010005f98                tud_cdc_n_write_available
 .text.cdcd_init
                0x0000000010005fb0       0x7c CMakeFiles/pico_micro_ros_example.dir/home/nvhmh/micro_ros_ws/src/pico-sdk/lib/tinyusb/src/class/cdc/cdc_device.c.obj
                0x0000000010005fb0                cdcd_init
 .text.cdcd_reset
                0x000000001000602c       0x2c CMakeFiles/pico_micro_ros_example.dir/home/nvhmh/micro_ros_ws/src/pico-sdk/lib/tinyusb/src/class/cdc/cdc_device.c.obj
                0x000000001000602c                cdcd_reset
 .text.cdcd_open
                0x0000000010006058       0xe8 CMakeFiles/pico_micro_ros_example.dir/home/nvhmh/micro_ros_ws/src/pico-sdk/lib/tinyusb/src/class/cdc/cdc_device.c.obj
                0x0000000010006058                cdcd_open
 .text.cdcd_control_xfer_cb
                0x0000000010006140       0xe4 CMakeFiles/pico_micro_ros_example.dir/home/nvhmh/micro_ros_ws/src/pico-sdk/lib/tinyusb/src/class/cdc/cdc_device.c.obj
                0x0000000010006140                cdcd_control_xfer_cb
 .text.cdcd_xfer_cb
                0x0000000010006224      0x148 CMakeFiles/pico_micro_ros_example.dir/home/nvhmh/micro_ros_ws/src/pico-sdk/lib/tinyusb/src/class/cdc/cdc_device.c.obj
                0x0000000010006224                cdcd_xfer_cb
 .text.tusb_init
                0x000000001000636c        0xc CMakeFiles/pico_micro_ros_example.dir/home/nvhmh/micro_ros_ws/src/pico-sdk/lib/tinyusb/src/tusb.c.obj
                0x000000001000636c                tusb_init
 .text.tusb_inited
                0x0000000010006378        0x8 CMakeFiles/pico_micro_ros_example.dir/home/nvhmh/micro_ros_ws/src/pico-sdk/lib/tinyusb/src/tusb.c.obj
                0x0000000010006378                tusb_inited
 .text.tu_edpt_claim
                0x0000000010006380       0x50 CMakeFiles/pico_micro_ros_example.dir/home/nvhmh/micro_ros_ws/src/pico-sdk/lib/tinyusb/src/tusb.c.obj
                0x0000000010006380                tu_edpt_claim
 .text.tu_edpt_release
                0x00000000100063d0       0x38 CMakeFiles/pico_micro_ros_example.dir/home/nvhmh/micro_ros_ws/src/pico-sdk/lib/tinyusb/src/tusb.c.obj
                0x00000000100063d0                tu_edpt_release
 .text.tu_edpt_validate
                0x0000000010006408       0x78 CMakeFiles/pico_micro_ros_example.dir/home/nvhmh/micro_ros_ws/src/pico-sdk/lib/tinyusb/src/tusb.c.obj
                0x0000000010006408                tu_edpt_validate
 .text.tu_edpt_bind_driver
                0x0000000010006480       0x34 CMakeFiles/pico_micro_ros_example.dir/home/nvhmh/micro_ros_ws/src/pico-sdk/lib/tinyusb/src/tusb.c.obj
                0x0000000010006480                tu_edpt_bind_driver
 .text.tu_fifo_config
                0x00000000100064b4       0x70 CMakeFiles/pico_micro_ros_example.dir/home/nvhmh/micro_ros_ws/src/pico-sdk/lib/tinyusb/src/common/tusb_fifo.c.obj
                0x00000000100064b4                tu_fifo_config
 .text.tu_fifo_count
                0x0000000010006524       0x2c CMakeFiles/pico_micro_ros_example.dir/home/nvhmh/micro_ros_ws/src/pico-sdk/lib/tinyusb/src/common/tusb_fifo.c.obj
                0x0000000010006524                tu_fifo_count
 .text.tu_fifo_empty
                0x0000000010006550       0x10 CMakeFiles/pico_micro_ros_example.dir/home/nvhmh/micro_ros_ws/src/pico-sdk/lib/tinyusb/src/common/tusb_fifo.c.obj
                0x0000000010006550                tu_fifo_empty
 .text.tu_fifo_remaining
                0x0000000010006560       0x2c CMakeFiles/pico_micro_ros_example.dir/home/nvhmh/micro_ros_ws/src/pico-sdk/lib/tinyusb/src/common/tusb_fifo.c.obj
                0x0000000010006560                tu_fifo_remaining
 .text.tu_fifo_read
                0x000000001000658c       0xa0 CMakeFiles/pico_micro_ros_example.dir/home/nvhmh/micro_ros_ws/src/pico-sdk/lib/tinyusb/src/common/tusb_fifo.c.obj
                0x000000001000658c                tu_fifo_read
 .text.tu_fifo_read_n
                0x000000001000662c       0xec CMakeFiles/pico_micro_ros_example.dir/home/nvhmh/micro_ros_ws/src/pico-sdk/lib/tinyusb/src/common/tusb_fifo.c.obj
                0x000000001000662c                tu_fifo_read_n
 .text.tu_fifo_write
                0x0000000010006718       0x88 CMakeFiles/pico_micro_ros_example.dir/home/nvhmh/micro_ros_ws/src/pico-sdk/lib/tinyusb/src/common/tusb_fifo.c.obj
                0x0000000010006718                tu_fifo_write
 .text.tu_fifo_write_n
                0x00000000100067a0      0x168 CMakeFiles/pico_micro_ros_example.dir/home/nvhmh/micro_ros_ws/src/pico-sdk/lib/tinyusb/src/common/tusb_fifo.c.obj
                0x00000000100067a0                tu_fifo_write_n
 .text.tu_fifo_clear
                0x0000000010006908       0x40 CMakeFiles/pico_micro_ros_example.dir/home/nvhmh/micro_ros_ws/src/pico-sdk/lib/tinyusb/src/common/tusb_fifo.c.obj
                0x0000000010006908                tu_fifo_clear
 .text.tu_fifo_set_overwritable
                0x0000000010006948       0x48 CMakeFiles/pico_micro_ros_example.dir/home/nvhmh/micro_ros_ws/src/pico-sdk/lib/tinyusb/src/common/tusb_fifo.c.obj
                0x0000000010006948                tu_fifo_set_overwritable
 .text.rcl_get_zero_initialized_publisher
                0x0000000010006990        0xc /home/nvhmh/micro_ros_ws/src/micro_ros_raspberrypi_pico_sdk/libmicroros/libmicroros.a(librcl-publisher.c.obj)
                0x0000000010006990                rcl_get_zero_initialized_publisher
 .text.rcl_publisher_init
                0x000000001000699c      0x13c /home/nvhmh/micro_ros_ws/src/micro_ros_raspberrypi_pico_sdk/libmicroros/libmicroros.a(librcl-publisher.c.obj)
                0x000000001000699c                rcl_publisher_init
 .text.rcl_publisher_get_default_options
                0x0000000010006ad8       0x7c /home/nvhmh/micro_ros_ws/src/micro_ros_raspberrypi_pico_sdk/libmicroros/libmicroros.a(librcl-publisher.c.obj)
                0x0000000010006ad8                rcl_publisher_get_default_options
 .text.rcl_publish
                0x0000000010006b54       0x4c /home/nvhmh/micro_ros_ws/src/micro_ros_raspberrypi_pico_sdk/libmicroros/libmicroros.a(librcl-publisher.c.obj)
                0x0000000010006b54                rcl_publish
 .text.rcl_publisher_is_valid
                0x0000000010006ba0       0x30 /home/nvhmh/micro_ros_ws/src/micro_ros_raspberrypi_pico_sdk/libmicroros/libmicroros.a(librcl-publisher.c.obj)
                0x0000000010006ba0                rcl_publisher_is_valid
 .text.rcl_publisher_is_valid_except_context
                0x0000000010006bd0       0x1c /home/nvhmh/micro_ros_ws/src/micro_ros_raspberrypi_pico_sdk/libmicroros/libmicroros.a(librcl-publisher.c.obj)
                0x0000000010006bd0                rcl_publisher_is_valid_except_context
 .text._rclc_check_for_new_data
                0x0000000010006bec       0x90 /home/nvhmh/micro_ros_ws/src/micro_ros_raspberrypi_pico_sdk/libmicroros/libmicroros.a(librclc-executor.c.obj)
 .text._rclc_take_new_data
                0x0000000010006c7c      0x2c8 /home/nvhmh/micro_ros_ws/src/micro_ros_raspberrypi_pico_sdk/libmicroros/libmicroros.a(librclc-executor.c.obj)
 .text._rclc_execute.part.0
                0x0000000010006f44      0x29c /home/nvhmh/micro_ros_ws/src/micro_ros_raspberrypi_pico_sdk/libmicroros/libmicroros.a(librclc-executor.c.obj)
 .text.rclc_executor_trigger_any
                0x00000000100071e0       0x7c /home/nvhmh/micro_ros_ws/src/micro_ros_raspberrypi_pico_sdk/libmicroros/libmicroros.a(librclc-executor.c.obj)
                0x00000000100071e0                rclc_executor_trigger_any
 .text.rclc_executor_init
                0x000000001000725c       0xc4 /home/nvhmh/micro_ros_ws/src/micro_ros_raspberrypi_pico_sdk/libmicroros/libmicroros.a(librclc-executor.c.obj)
                0x000000001000725c                rclc_executor_init
 .text.rclc_executor_add_timer
                0x0000000010007320       0x58 /home/nvhmh/micro_ros_ws/src/micro_ros_raspberrypi_pico_sdk/libmicroros/libmicroros.a(librclc-executor.c.obj)
                0x0000000010007320                rclc_executor_add_timer
 .text.rclc_executor_prepare
                0x0000000010007378       0x88 /home/nvhmh/micro_ros_ws/src/micro_ros_raspberrypi_pico_sdk/libmicroros/libmicroros.a(librclc-executor.c.obj)
                0x0000000010007378                rclc_executor_prepare
 .text.rclc_executor_spin_some.part.0
                0x0000000010007400      0x384 /home/nvhmh/micro_ros_ws/src/micro_ros_raspberrypi_pico_sdk/libmicroros/libmicroros.a(librclc-executor.c.obj)
 .text.rclc_executor_spin_some
                0x0000000010007784       0x30 /home/nvhmh/micro_ros_ws/src/micro_ros_raspberrypi_pico_sdk/libmicroros/libmicroros.a(librclc-executor.c.obj)
                0x0000000010007784                rclc_executor_spin_some
 .text.rclc_executor_handle_counters_zero_init
                0x00000000100077b4       0x18 /home/nvhmh/micro_ros_ws/src/micro_ros_raspberrypi_pico_sdk/libmicroros/libmicroros.a(librclc-executor_handle.c.obj)
                0x00000000100077b4                rclc_executor_handle_counters_zero_init
 .text.rclc_executor_handle_init
                0x00000000100077cc       0x28 /home/nvhmh/micro_ros_ws/src/micro_ros_raspberrypi_pico_sdk/libmicroros/libmicroros.a(librclc-executor_handle.c.obj)
                0x00000000100077cc                rclc_executor_handle_init
 .text.rclc_support_init
                0x00000000100077f4       0x94 /home/nvhmh/micro_ros_ws/src/micro_ros_raspberrypi_pico_sdk/libmicroros/libmicroros.a(librclc-init.c.obj)
                0x00000000100077f4                rclc_support_init
 .text.rclc_node_init_default
                0x0000000010007888       0x74 /home/nvhmh/micro_ros_ws/src/micro_ros_raspberrypi_pico_sdk/libmicroros/libmicroros.a(librclc-node.c.obj)
                0x0000000010007888                rclc_node_init_default
 .text.rclc_publisher_init_default
                0x00000000100078fc       0x68 /home/nvhmh/micro_ros_ws/src/micro_ros_raspberrypi_pico_sdk/libmicroros/libmicroros.a(librclc-publisher.c.obj)
                0x00000000100078fc                rclc_publisher_init_default
 .text.rclc_timer_init_default
                0x0000000010007964       0x60 /home/nvhmh/micro_ros_ws/src/micro_ros_raspberrypi_pico_sdk/libmicroros/libmicroros.a(librclc-timer.c.obj)
                0x0000000010007964                rclc_timer_init_default
 .text.__default_zero_allocate
                0x00000000100079c4        0x8 /home/nvhmh/micro_ros_ws/src/micro_ros_raspberrypi_pico_sdk/libmicroros/libmicroros.a(librcutils-allocator.c.obj)
 .text.__default_reallocate
                0x00000000100079cc        0x8 /home/nvhmh/micro_ros_ws/src/micro_ros_raspberrypi_pico_sdk/libmicroros/libmicroros.a(librcutils-allocator.c.obj)
 .text.__default_deallocate
                0x00000000100079d4        0x8 /home/nvhmh/micro_ros_ws/src/micro_ros_raspberrypi_pico_sdk/libmicroros/libmicroros.a(librcutils-allocator.c.obj)
 .text.__default_allocate
                0x00000000100079dc        0x8 /home/nvhmh/micro_ros_ws/src/micro_ros_raspberrypi_pico_sdk/libmicroros/libmicroros.a(librcutils-allocator.c.obj)
 .text.rcutils_get_zero_initialized_allocator
                0x00000000100079e4       0x14 /home/nvhmh/micro_ros_ws/src/micro_ros_raspberrypi_pico_sdk/libmicroros/libmicroros.a(librcutils-allocator.c.obj)
                0x00000000100079e4                rcutils_get_zero_initialized_allocator
 .text.rcutils_get_default_allocator
                0x00000000100079f8       0x14 /home/nvhmh/micro_ros_ws/src/micro_ros_raspberrypi_pico_sdk/libmicroros/libmicroros.a(librcutils-allocator.c.obj)
                0x00000000100079f8                rcutils_get_default_allocator
 .text.rcutils_allocator_is_valid
                0x0000000010007a0c       0x24 /home/nvhmh/micro_ros_ws/src/micro_ros_raspberrypi_pico_sdk/libmicroros/libmicroros.a(librcutils-allocator.c.obj)
                0x0000000010007a0c                rcutils_allocator_is_valid
 .text.rcutils_get_error_string
                0x0000000010007a30       0x34 /home/nvhmh/micro_ros_ws/src/micro_ros_raspberrypi_pico_sdk/libmicroros/libmicroros.a(librcutils-error_handling.c.obj)
                0x0000000010007a30                rcutils_get_error_string
 .text.rcutils_reset_error
                0x0000000010007a64       0x38 /home/nvhmh/micro_ros_ws/src/micro_ros_raspberrypi_pico_sdk/libmicroros/libmicroros.a(librcutils-error_handling.c.obj)
                0x0000000010007a64                rcutils_reset_error
 .text.rcutils_system_time_now
                0x0000000010007a9c       0x58 /home/nvhmh/micro_ros_ws/src/micro_ros_raspberrypi_pico_sdk/libmicroros/libmicroros.a(librcutils-time_unix.c.obj)
                0x0000000010007a9c                rcutils_system_time_now
 .text.rcutils_steady_time_now
                0x0000000010007af4       0x58 /home/nvhmh/micro_ros_ws/src/micro_ros_raspberrypi_pico_sdk/libmicroros/libmicroros.a(librcutils-time_unix.c.obj)
                0x0000000010007af4                rcutils_steady_time_now
 .text.rmw_get_default_publisher_options
                0x0000000010007b4c        0x8 /home/nvhmh/micro_ros_ws/src/micro_ros_raspberrypi_pico_sdk/libmicroros/libmicroros.a(librmw-publisher_options.c.obj)
                0x0000000010007b4c                rmw_get_default_publisher_options
 .text.rmw_uros_set_custom_transport
                0x0000000010007b54       0x34 /home/nvhmh/micro_ros_ws/src/micro_ros_raspberrypi_pico_sdk/libmicroros/libmicroros.a(librmw_microxrcedds-custom_transport.c.obj)
                0x0000000010007b54                rmw_uros_set_custom_transport
 .text.rmw_uros_ping_agent
                0x0000000010007b88       0xa0 /home/nvhmh/micro_ros_ws/src/micro_ros_raspberrypi_pico_sdk/libmicroros/libmicroros.a(librmw_microxrcedds-ping.c.obj)
                0x0000000010007b88                rmw_uros_ping_agent
 .text.flush_session
                0x0000000010007c28        0xc /home/nvhmh/micro_ros_ws/src/micro_ros_raspberrypi_pico_sdk/libmicroros/libmicroros.a(librmw_microxrcedds-rmw_publish.c.obj)
                0x0000000010007c28                flush_session
 .text.rmw_publish
                0x0000000010007c34       0xd8 /home/nvhmh/micro_ros_ws/src/micro_ros_raspberrypi_pico_sdk/libmicroros/libmicroros.a(librmw_microxrcedds-rmw_publish.c.obj)
                0x0000000010007c34                rmw_publish
 .text.rmw_create_publisher
                0x0000000010007d0c      0x20c /home/nvhmh/micro_ros_ws/src/micro_ros_raspberrypi_pico_sdk/libmicroros/libmicroros.a(librmw_microxrcedds-rmw_publisher.c.obj)
                0x0000000010007d0c                rmw_create_publisher
 .text.rmw_publisher_get_actual_qos
                0x0000000010007f18       0x20 /home/nvhmh/micro_ros_ws/src/micro_ros_raspberrypi_pico_sdk/libmicroros/libmicroros.a(librmw_microxrcedds-rmw_publisher.c.obj)
                0x0000000010007f18                rmw_publisher_get_actual_qos
 .text.rmw_destroy_publisher
                0x0000000010007f38       0xf4 /home/nvhmh/micro_ros_ws/src/micro_ros_raspberrypi_pico_sdk/libmicroros/libmicroros.a(librmw_microxrcedds-rmw_publisher.c.obj)
                0x0000000010007f38                rmw_destroy_publisher
 .text.rmw_uxrce_transport_init
                0x000000001000802c       0x2c /home/nvhmh/micro_ros_ws/src/micro_ros_raspberrypi_pico_sdk/libmicroros/libmicroros.a(librmw_microxrcedds-rmw_uxrce_transports.c.obj)
                0x000000001000802c                rmw_uxrce_transport_init
 .text.rmw_uxrce_init_service_memory
                0x0000000010008058       0x48 /home/nvhmh/micro_ros_ws/src/micro_ros_raspberrypi_pico_sdk/libmicroros/libmicroros.a(librmw_microxrcedds-types.c.obj)
                0x0000000010008058                rmw_uxrce_init_service_memory
 .text.rmw_uxrce_init_client_memory
                0x00000000100080a0       0x48 /home/nvhmh/micro_ros_ws/src/micro_ros_raspberrypi_pico_sdk/libmicroros/libmicroros.a(librmw_microxrcedds-types.c.obj)
                0x00000000100080a0                rmw_uxrce_init_client_memory
 .text.rmw_uxrce_init_publisher_memory
                0x00000000100080e8       0x48 /home/nvhmh/micro_ros_ws/src/micro_ros_raspberrypi_pico_sdk/libmicroros/libmicroros.a(librmw_microxrcedds-types.c.obj)
                0x00000000100080e8                rmw_uxrce_init_publisher_memory
 .text.rmw_uxrce_init_subscription_memory
                0x0000000010008130       0x48 /home/nvhmh/micro_ros_ws/src/micro_ros_raspberrypi_pico_sdk/libmicroros/libmicroros.a(librmw_microxrcedds-types.c.obj)
                0x0000000010008130                rmw_uxrce_init_subscription_memory
 .text.rmw_uxrce_init_node_memory
                0x0000000010008178       0x48 /home/nvhmh/micro_ros_ws/src/micro_ros_raspberrypi_pico_sdk/libmicroros/libmicroros.a(librmw_microxrcedds-types.c.obj)
                0x0000000010008178                rmw_uxrce_init_node_memory
 .text.rmw_uxrce_init_session_memory
                0x00000000100081c0       0x50 /home/nvhmh/micro_ros_ws/src/micro_ros_raspberrypi_pico_sdk/libmicroros/libmicroros.a(librmw_microxrcedds-types.c.obj)
                0x00000000100081c0                rmw_uxrce_init_session_memory
 .text.rmw_uxrce_init_topic_memory
                0x0000000010008210       0x48 /home/nvhmh/micro_ros_ws/src/micro_ros_raspberrypi_pico_sdk/libmicroros/libmicroros.a(librmw_microxrcedds-types.c.obj)
                0x0000000010008210                rmw_uxrce_init_topic_memory
 .text.rmw_uxrce_init_static_input_buffer_memory
                0x0000000010008258       0x50 /home/nvhmh/micro_ros_ws/src/micro_ros_raspberrypi_pico_sdk/libmicroros/libmicroros.a(librmw_microxrcedds-types.c.obj)
                0x0000000010008258                rmw_uxrce_init_static_input_buffer_memory
 .text.rmw_uxrce_init_init_options_impl_memory
                0x00000000100082a8       0x48 /home/nvhmh/micro_ros_ws/src/micro_ros_raspberrypi_pico_sdk/libmicroros/libmicroros.a(librmw_microxrcedds-types.c.obj)
                0x00000000100082a8                rmw_uxrce_init_init_options_impl_memory
 .text.rmw_uxrce_init_wait_set_memory
                0x00000000100082f0       0x48 /home/nvhmh/micro_ros_ws/src/micro_ros_raspberrypi_pico_sdk/libmicroros/libmicroros.a(librmw_microxrcedds-types.c.obj)
                0x00000000100082f0                rmw_uxrce_init_wait_set_memory
 .text.rmw_uxrce_init_guard_condition_memory
                0x0000000010008338       0x48 /home/nvhmh/micro_ros_ws/src/micro_ros_raspberrypi_pico_sdk/libmicroros/libmicroros.a(librmw_microxrcedds-types.c.obj)
                0x0000000010008338                rmw_uxrce_init_guard_condition_memory
 .text.rmw_uxrce_fini_session_memory
                0x0000000010008380       0x10 /home/nvhmh/micro_ros_ws/src/micro_ros_raspberrypi_pico_sdk/libmicroros/libmicroros.a(librmw_microxrcedds-types.c.obj)
                0x0000000010008380                rmw_uxrce_fini_session_memory
 .text.rmw_uxrce_fini_node_memory
                0x0000000010008390       0x34 /home/nvhmh/micro_ros_ws/src/micro_ros_raspberrypi_pico_sdk/libmicroros/libmicroros.a(librmw_microxrcedds-types.c.obj)
                0x0000000010008390                rmw_uxrce_fini_node_memory
 .text.rmw_uxrce_fini_publisher_memory
                0x00000000100083c4       0x34 /home/nvhmh/micro_ros_ws/src/micro_ros_raspberrypi_pico_sdk/libmicroros/libmicroros.a(librmw_microxrcedds-types.c.obj)
                0x00000000100083c4                rmw_uxrce_fini_publisher_memory
 .text.rmw_uxrce_fini_subscription_memory
                0x00000000100083f8       0x34 /home/nvhmh/micro_ros_ws/src/micro_ros_raspberrypi_pico_sdk/libmicroros/libmicroros.a(librmw_microxrcedds-types.c.obj)
                0x00000000100083f8                rmw_uxrce_fini_subscription_memory
 .text.rmw_uxrce_fini_service_memory
                0x000000001000842c       0x34 /home/nvhmh/micro_ros_ws/src/micro_ros_raspberrypi_pico_sdk/libmicroros/libmicroros.a(librmw_microxrcedds-types.c.obj)
                0x000000001000842c                rmw_uxrce_fini_service_memory
 .text.rmw_uxrce_fini_client_memory
                0x0000000010008460       0x34 /home/nvhmh/micro_ros_ws/src/micro_ros_raspberrypi_pico_sdk/libmicroros/libmicroros.a(librmw_microxrcedds-types.c.obj)
                0x0000000010008460                rmw_uxrce_fini_client_memory
 .text.rmw_uxrce_fini_topic_memory
                0x0000000010008494       0x18 /home/nvhmh/micro_ros_ws/src/micro_ros_raspberrypi_pico_sdk/libmicroros/libmicroros.a(librmw_microxrcedds-types.c.obj)
                0x0000000010008494                rmw_uxrce_fini_topic_memory
 .text.rmw_uxrce_get_static_input_buffer_for_entity
                0x00000000100084ac       0xbc /home/nvhmh/micro_ros_ws/src/micro_ros_raspberrypi_pico_sdk/libmicroros/libmicroros.a(librmw_microxrcedds-types.c.obj)
                0x00000000100084ac                rmw_uxrce_get_static_input_buffer_for_entity
 .text.rmw_uxrce_find_static_input_buffer_by_owner
                0x0000000010008568       0x5c /home/nvhmh/micro_ros_ws/src/micro_ros_raspberrypi_pico_sdk/libmicroros/libmicroros.a(librmw_microxrcedds-types.c.obj)
                0x0000000010008568                rmw_uxrce_find_static_input_buffer_by_owner
 .text.rmw_uxrce_clean_expired_static_input_buffer
                0x00000000100085c4       0xfc /home/nvhmh/micro_ros_ws/src/micro_ros_raspberrypi_pico_sdk/libmicroros/libmicroros.a(librmw_microxrcedds-types.c.obj)
                0x00000000100085c4                rmw_uxrce_clean_expired_static_input_buffer
 .text.run_xrce_session
                0x00000000100086c0       0x40 /home/nvhmh/micro_ros_ws/src/micro_ros_raspberrypi_pico_sdk/libmicroros/libmicroros.a(librmw_microxrcedds-utils.c.obj)
                0x00000000100086c0                run_xrce_session
 .text.convert_qos_profile
                0x0000000010008700       0x2c /home/nvhmh/micro_ros_ws/src/micro_ros_raspberrypi_pico_sdk/libmicroros/libmicroros.a(librmw_microxrcedds-utils.c.obj)
                0x0000000010008700                convert_qos_profile
 .text.generate_type_name
                0x000000001000872c       0x68 /home/nvhmh/micro_ros_ws/src/micro_ros_raspberrypi_pico_sdk/libmicroros/libmicroros.a(librmw_microxrcedds-utils.c.obj)
                0x000000001000872c                generate_type_name
 .text.generate_topic_name
                0x0000000010008794       0x38 /home/nvhmh/micro_ros_ws/src/micro_ros_raspberrypi_pico_sdk/libmicroros/libmicroros.a(librmw_microxrcedds-utils.c.obj)
                0x0000000010008794                generate_topic_name
 .text.is_uxrce_rmw_identifier_valid
                0x00000000100087cc       0x20 /home/nvhmh/micro_ros_ws/src/micro_ros_raspberrypi_pico_sdk/libmicroros/libmicroros.a(librmw_microxrcedds-utils.c.obj)
                0x00000000100087cc                is_uxrce_rmw_identifier_valid
 .text.get_message_typesupport_handle
                0x00000000100087ec        0x8 /home/nvhmh/micro_ros_ws/src/micro_ros_raspberrypi_pico_sdk/libmicroros/libmicroros.a(librosidl_runtime_c-message_type_support.c.obj)
                0x00000000100087ec                get_message_typesupport_handle
 .text.get_message_typesupport_handle_function
                0x00000000100087f4       0x18 /home/nvhmh/micro_ros_ws/src/micro_ros_raspberrypi_pico_sdk/libmicroros/libmicroros.a(librosidl_runtime_c-message_type_support.c.obj)
                0x00000000100087f4                get_message_typesupport_handle_function
 .text.rosidl_typesupport_c__get_message_type_support_handle__std_msgs__msg__Int32
                0x000000001000880c       0x1c /home/nvhmh/micro_ros_ws/src/micro_ros_raspberrypi_pico_sdk/libmicroros/libmicroros.a(libstd_msgs__rosidl_typesupport_c-int32__type_support.cpp.obj)
                0x000000001000880c                rosidl_typesupport_c__get_message_type_support_handle__std_msgs__msg__Int32
 .text.startup._GLOBAL__sub_I_rosidl_typesupport_c__get_message_type_support_handle__std_msgs__msg__Int32
                0x0000000010008828       0x14 /home/nvhmh/micro_ros_ws/src/micro_ros_raspberrypi_pico_sdk/libmicroros/libmicroros.a(libstd_msgs__rosidl_typesupport_c-int32__type_support.cpp.obj)
 .text.std_msgs__msg__Int32__rosidl_typesupport_introspection_c__Int32_init_function
                0x000000001000883c        0x8 /home/nvhmh/micro_ros_ws/src/micro_ros_raspberrypi_pico_sdk/libmicroros/libmicroros.a(libstd_msgs__rosidl_typesupport_introspection_c-int32__type_support.c.obj)
                0x000000001000883c                std_msgs__msg__Int32__rosidl_typesupport_introspection_c__Int32_init_function
 .text.std_msgs__msg__Int32__rosidl_typesupport_introspection_c__Int32_fini_function
                0x0000000010008844        0x8 /home/nvhmh/micro_ros_ws/src/micro_ros_raspberrypi_pico_sdk/libmicroros/libmicroros.a(libstd_msgs__rosidl_typesupport_introspection_c-int32__type_support.c.obj)
                0x0000000010008844                std_msgs__msg__Int32__rosidl_typesupport_introspection_c__Int32_fini_function
 .text.rosidl_typesupport_introspection_c__get_message_type_support_handle__std_msgs__msg__Int32
                0x000000001000884c       0x1c /home/nvhmh/micro_ros_ws/src/micro_ros_raspberrypi_pico_sdk/libmicroros/libmicroros.a(libstd_msgs__rosidl_typesupport_introspection_c-int32__type_support.c.obj)
                0x000000001000884c                rosidl_typesupport_introspection_c__get_message_type_support_handle__std_msgs__msg__Int32
 .text._Int32__max_serialized_size
                0x0000000010008868       0x10 /home/nvhmh/micro_ros_ws/src/micro_ros_raspberrypi_pico_sdk/libmicroros/libmicroros.a(libstd_msgs__rosidl_typesupport_microxrcedds_c-int32__type_support_c.c.obj)
 .text._Int32__cdr_deserialize
                0x0000000010008878       0x10 /home/nvhmh/micro_ros_ws/src/micro_ros_raspberrypi_pico_sdk/libmicroros/libmicroros.a(libstd_msgs__rosidl_typesupport_microxrcedds_c-int32__type_support_c.c.obj)
 .text.get_serialized_size_std_msgs__msg__Int32
                0x0000000010008888       0x18 /home/nvhmh/micro_ros_ws/src/micro_ros_raspberrypi_pico_sdk/libmicroros/libmicroros.a(libstd_msgs__rosidl_typesupport_microxrcedds_c-int32__type_support_c.c.obj)
                0x0000000010008888                get_serialized_size_std_msgs__msg__Int32
 .text._Int32__cdr_serialize
                0x00000000100088a0       0x18 /home/nvhmh/micro_ros_ws/src/micro_ros_raspberrypi_pico_sdk/libmicroros/libmicroros.a(libstd_msgs__rosidl_typesupport_microxrcedds_c-int32__type_support_c.c.obj)
 .text._Int32__get_serialized_size
                0x00000000100088b8       0x18 /home/nvhmh/micro_ros_ws/src/micro_ros_raspberrypi_pico_sdk/libmicroros/libmicroros.a(libstd_msgs__rosidl_typesupport_microxrcedds_c-int32__type_support_c.c.obj)
 .text.rosidl_typesupport_microxrcedds_c__get_message_type_support_handle__std_msgs__msg__Int32
                0x00000000100088d0        0x8 /home/nvhmh/micro_ros_ws/src/micro_ros_raspberrypi_pico_sdk/libmicroros/libmicroros.a(libstd_msgs__rosidl_typesupport_microxrcedds_c-int32__type_support_c.c.obj)
                0x00000000100088d0                rosidl_typesupport_microxrcedds_c__get_message_type_support_handle__std_msgs__msg__Int32
 .text.ucdr_serialize_bool
                0x00000000100088d8       0x2c /home/nvhmh/micro_ros_ws/src/micro_ros_raspberrypi_pico_sdk/libmicroros/libmicroros.a(libmicrocdr-basic.c.obj)
                0x00000000100088d8                ucdr_serialize_bool
 .text.ucdr_deserialize_bool
                0x0000000010008904       0x30 /home/nvhmh/micro_ros_ws/src/micro_ros_raspberrypi_pico_sdk/libmicroros/libmicroros.a(libmicrocdr-basic.c.obj)
                0x0000000010008904                ucdr_deserialize_bool
 .text.ucdr_serialize_uint8_t
                0x0000000010008934       0x2c /home/nvhmh/micro_ros_ws/src/micro_ros_raspberrypi_pico_sdk/libmicroros/libmicroros.a(libmicrocdr-basic.c.obj)
                0x0000000010008934                ucdr_serialize_uint8_t
 .text.ucdr_deserialize_uint8_t
                0x0000000010008960       0x30 /home/nvhmh/micro_ros_ws/src/micro_ros_raspberrypi_pico_sdk/libmicroros/libmicroros.a(libmicrocdr-basic.c.obj)
                0x0000000010008960                ucdr_deserialize_uint8_t
 .text.ucdr_serialize_uint16_t
                0x0000000010008990       0xf4 /home/nvhmh/micro_ros_ws/src/micro_ros_raspberrypi_pico_sdk/libmicroros/libmicroros.a(libmicrocdr-basic.c.obj)
                0x0000000010008990                ucdr_serialize_uint16_t
 .text.ucdr_serialize_endian_uint16_t
                0x0000000010008a84      0x100 /home/nvhmh/micro_ros_ws/src/micro_ros_raspberrypi_pico_sdk/libmicroros/libmicroros.a(libmicrocdr-basic.c.obj)
                0x0000000010008a84                ucdr_serialize_endian_uint16_t
 .text.ucdr_deserialize_uint16_t
                0x0000000010008b84       0xec /home/nvhmh/micro_ros_ws/src/micro_ros_raspberrypi_pico_sdk/libmicroros/libmicroros.a(libmicrocdr-basic.c.obj)
                0x0000000010008b84                ucdr_deserialize_uint16_t
 .text.ucdr_deserialize_endian_uint16_t
                0x0000000010008c70       0xf8 /home/nvhmh/micro_ros_ws/src/micro_ros_raspberrypi_pico_sdk/libmicroros/libmicroros.a(libmicrocdr-basic.c.obj)
                0x0000000010008c70                ucdr_deserialize_endian_uint16_t
 .text.ucdr_serialize_uint32_t
                0x0000000010008d68      0x11c /home/nvhmh/micro_ros_ws/src/micro_ros_raspberrypi_pico_sdk/libmicroros/libmicroros.a(libmicrocdr-basic.c.obj)
                0x0000000010008d68                ucdr_serialize_uint32_t
 .text.ucdr_serialize_endian_uint32_t
                0x0000000010008e84      0x11c /home/nvhmh/micro_ros_ws/src/micro_ros_raspberrypi_pico_sdk/libmicroros/libmicroros.a(libmicrocdr-basic.c.obj)
                0x0000000010008e84                ucdr_serialize_endian_uint32_t
 .text.ucdr_deserialize_uint32_t
                0x0000000010008fa0      0x11c /home/nvhmh/micro_ros_ws/src/micro_ros_raspberrypi_pico_sdk/libmicroros/libmicroros.a(libmicrocdr-basic.c.obj)
                0x0000000010008fa0                ucdr_deserialize_uint32_t
 .text.ucdr_deserialize_endian_uint32_t
                0x00000000100090bc      0x12c /home/nvhmh/micro_ros_ws/src/micro_ros_raspberrypi_pico_sdk/libmicroros/libmicroros.a(libmicrocdr-basic.c.obj)
                0x00000000100090bc                ucdr_deserialize_endian_uint32_t
 .text.ucdr_serialize_uint64_t
                0x00000000100091e8      0x170 /home/nvhmh/micro_ros_ws/src/micro_ros_raspberrypi_pico_sdk/libmicroros/libmicroros.a(libmicrocdr-basic.c.obj)
                0x00000000100091e8                ucdr_serialize_uint64_t
 .text.ucdr_serialize_int16_t
                0x0000000010009358       0xf4 /home/nvhmh/micro_ros_ws/src/micro_ros_raspberrypi_pico_sdk/libmicroros/libmicroros.a(libmicrocdr-basic.c.obj)
                0x0000000010009358                ucdr_serialize_int16_t
 .text.ucdr_deserialize_int16_t
                0x000000001000944c       0xec /home/nvhmh/micro_ros_ws/src/micro_ros_raspberrypi_pico_sdk/libmicroros/libmicroros.a(libmicrocdr-basic.c.obj)
                0x000000001000944c                ucdr_deserialize_int16_t
 .text.ucdr_serialize_int32_t
                0x0000000010009538      0x11c /home/nvhmh/micro_ros_ws/src/micro_ros_raspberrypi_pico_sdk/libmicroros/libmicroros.a(libmicrocdr-basic.c.obj)
                0x0000000010009538                ucdr_serialize_int32_t
 .text.ucdr_deserialize_int32_t
                0x0000000010009654      0x11c /home/nvhmh/micro_ros_ws/src/micro_ros_raspberrypi_pico_sdk/libmicroros/libmicroros.a(libmicrocdr-basic.c.obj)
                0x0000000010009654                ucdr_deserialize_int32_t
 .text.ucdr_check_buffer_available_for
                0x0000000010009770       0x1c /home/nvhmh/micro_ros_ws/src/micro_ros_raspberrypi_pico_sdk/libmicroros/libmicroros.a(libmicrocdr-common.c.obj)
                0x0000000010009770                ucdr_check_buffer_available_for
 .text.ucdr_check_final_buffer_behavior
                0x000000001000978c       0x38 /home/nvhmh/micro_ros_ws/src/micro_ros_raspberrypi_pico_sdk/libmicroros/libmicroros.a(libmicrocdr-common.c.obj)
                0x000000001000978c                ucdr_check_final_buffer_behavior
 .text.ucdr_set_on_full_buffer_callback
                0x00000000100097c4        0x8 /home/nvhmh/micro_ros_ws/src/micro_ros_raspberrypi_pico_sdk/libmicroros/libmicroros.a(libmicrocdr-common.c.obj)
                0x00000000100097c4                ucdr_set_on_full_buffer_callback
 .text.ucdr_init_buffer_origin_offset_endian
                0x00000000100097cc       0x28 /home/nvhmh/micro_ros_ws/src/micro_ros_raspberrypi_pico_sdk/libmicroros/libmicroros.a(libmicrocdr-common.c.obj)
                0x00000000100097cc                ucdr_init_buffer_origin_offset_endian
 .text.ucdr_init_buffer_origin_offset
                0x00000000100097f4       0x14 /home/nvhmh/micro_ros_ws/src/micro_ros_raspberrypi_pico_sdk/libmicroros/libmicroros.a(libmicrocdr-common.c.obj)
                0x00000000100097f4                ucdr_init_buffer_origin_offset
 .text.ucdr_init_buffer_origin
                0x0000000010009808       0x10 /home/nvhmh/micro_ros_ws/src/micro_ros_raspberrypi_pico_sdk/libmicroros/libmicroros.a(libmicrocdr-common.c.obj)
                0x0000000010009808                ucdr_init_buffer_origin
 .text.ucdr_init_buffer
                0x0000000010009818        0xc /home/nvhmh/micro_ros_ws/src/micro_ros_raspberrypi_pico_sdk/libmicroros/libmicroros.a(libmicrocdr-common.c.obj)
                0x0000000010009818                ucdr_init_buffer
 .text.ucdr_alignment
                0x0000000010009824       0x10 /home/nvhmh/micro_ros_ws/src/micro_ros_raspberrypi_pico_sdk/libmicroros/libmicroros.a(libmicrocdr-common.c.obj)
                0x0000000010009824                ucdr_alignment
 .text.ucdr_buffer_alignment
                0x0000000010009834       0x1c /home/nvhmh/micro_ros_ws/src/micro_ros_raspberrypi_pico_sdk/libmicroros/libmicroros.a(libmicrocdr-common.c.obj)
                0x0000000010009834                ucdr_buffer_alignment
 .text.ucdr_align_to
                0x0000000010009850       0x24 /home/nvhmh/micro_ros_ws/src/micro_ros_raspberrypi_pico_sdk/libmicroros/libmicroros.a(libmicrocdr-common.c.obj)
                0x0000000010009850                ucdr_align_to
 .text.ucdr_buffer_length
                0x0000000010009874        0x8 /home/nvhmh/micro_ros_ws/src/micro_ros_raspberrypi_pico_sdk/libmicroros/libmicroros.a(libmicrocdr-common.c.obj)
                0x0000000010009874                ucdr_buffer_length
 .text.ucdr_buffer_remaining
                0x000000001000987c        0x8 /home/nvhmh/micro_ros_ws/src/micro_ros_raspberrypi_pico_sdk/libmicroros/libmicroros.a(libmicrocdr-common.c.obj)
                0x000000001000987c                ucdr_buffer_remaining
 .text.ucdr_check_final_buffer_behavior_array
                0x0000000010009884       0x44 /home/nvhmh/micro_ros_ws/src/micro_ros_raspberrypi_pico_sdk/libmicroros/libmicroros.a(libmicrocdr-common.c.obj)
                0x0000000010009884                ucdr_check_final_buffer_behavior_array
 .text.ucdr_advance_buffer
                0x00000000100098c8       0x44 /home/nvhmh/micro_ros_ws/src/micro_ros_raspberrypi_pico_sdk/libmicroros/libmicroros.a(libmicrocdr-common.c.obj)
                0x00000000100098c8                ucdr_advance_buffer
 .text.uxr_buffer_delete_entity
                0x000000001000990c       0x40 /home/nvhmh/micro_ros_ws/src/micro_ros_raspberrypi_pico_sdk/libmicroros/libmicroros.a(libmicroxrcedds_client-common_create_entities.c.obj)
                0x000000001000990c                uxr_buffer_delete_entity
 .text.uxr_common_create_entity
                0x000000001000994c       0x54 /home/nvhmh/micro_ros_ws/src/micro_ros_raspberrypi_pico_sdk/libmicroros/libmicroros.a(libmicroxrcedds_client-common_create_entities.c.obj)
                0x000000001000994c                uxr_common_create_entity
 .text.uxr_buffer_create_participant_bin
                0x00000000100099a0       0x68 /home/nvhmh/micro_ros_ws/src/micro_ros_raspberrypi_pico_sdk/libmicroros/libmicroros.a(libmicroxrcedds_client-create_entities_bin.c.obj)
                0x00000000100099a0                uxr_buffer_create_participant_bin
 .text.uxr_buffer_create_topic_bin
                0x0000000010009a08       0x70 /home/nvhmh/micro_ros_ws/src/micro_ros_raspberrypi_pico_sdk/libmicroros/libmicroros.a(libmicroxrcedds_client-create_entities_bin.c.obj)
                0x0000000010009a08                uxr_buffer_create_topic_bin
 .text.uxr_buffer_create_publisher_bin
                0x0000000010009a78       0x70 /home/nvhmh/micro_ros_ws/src/micro_ros_raspberrypi_pico_sdk/libmicroros/libmicroros.a(libmicroxrcedds_client-create_entities_bin.c.obj)
                0x0000000010009a78                uxr_buffer_create_publisher_bin
 .text.uxr_buffer_create_datawriter_bin
                0x0000000010009ae8      0x100 /home/nvhmh/micro_ros_ws/src/micro_ros_raspberrypi_pico_sdk/libmicroros/libmicroros.a(libmicroxrcedds_client-create_entities_bin.c.obj)
                0x0000000010009ae8                uxr_buffer_create_datawriter_bin
 .text.get_custom_error
                0x0000000010009be8        0xc /home/nvhmh/micro_ros_ws/src/micro_ros_raspberrypi_pico_sdk/libmicroros/libmicroros.a(libmicroxrcedds_client-custom_transport.c.obj)
 .text.recv_custom_msg
                0x0000000010009bf4       0xb4 /home/nvhmh/micro_ros_ws/src/micro_ros_raspberrypi_pico_sdk/libmicroros/libmicroros.a(libmicroxrcedds_client-custom_transport.c.obj)
 .text.send_custom_msg
                0x0000000010009ca8       0x64 /home/nvhmh/micro_ros_ws/src/micro_ros_raspberrypi_pico_sdk/libmicroros/libmicroros.a(libmicroxrcedds_client-custom_transport.c.obj)
 .text.uxr_set_custom_transport_callbacks
                0x0000000010009d0c       0x24 /home/nvhmh/micro_ros_ws/src/micro_ros_raspberrypi_pico_sdk/libmicroros/libmicroros.a(libmicroxrcedds_client-custom_transport.c.obj)
                0x0000000010009d0c                uxr_set_custom_transport_callbacks
 .text.uxr_init_custom_transport
                0x0000000010009d30       0x88 /home/nvhmh/micro_ros_ws/src/micro_ros_raspberrypi_pico_sdk/libmicroros/libmicroros.a(libmicroxrcedds_client-custom_transport.c.obj)
                0x0000000010009d30                uxr_init_custom_transport
 .text.uxr_close_custom_transport
                0x0000000010009db8        0xc /home/nvhmh/micro_ros_ws/src/micro_ros_raspberrypi_pico_sdk/libmicroros/libmicroros.a(libmicroxrcedds_client-custom_transport.c.obj)
                0x0000000010009db8                uxr_close_custom_transport
 .text.uxr_object_id
                0x0000000010009dc4       0x10 /home/nvhmh/micro_ros_ws/src/micro_ros_raspberrypi_pico_sdk/libmicroros/libmicroros.a(libmicroxrcedds_client-object_id.c.obj)
                0x0000000010009dc4                uxr_object_id
 .text.uxr_object_id_from_raw
                0x0000000010009dd4       0x20 /home/nvhmh/micro_ros_ws/src/micro_ros_raspberrypi_pico_sdk/libmicroros/libmicroros.a(libmicroxrcedds_client-object_id.c.obj)
                0x0000000010009dd4                uxr_object_id_from_raw
 .text.uxr_object_id_to_raw
                0x0000000010009df4       0x18 /home/nvhmh/micro_ros_ws/src/micro_ros_raspberrypi_pico_sdk/libmicroros/libmicroros.a(libmicroxrcedds_client-object_id.c.obj)
                0x0000000010009df4                uxr_object_id_to_raw
 .text.uxr_ping_agent_session
                0x0000000010009e0c       0x9c /home/nvhmh/micro_ros_ws/src/micro_ros_raspberrypi_pico_sdk/libmicroros/libmicroros.a(libmicroxrcedds_client-ping.c.obj)
                0x0000000010009e0c                uxr_ping_agent_session
 .text.uxr_ping_agent_attempts
                0x0000000010009ea8      0x198 /home/nvhmh/micro_ros_ws/src/micro_ros_raspberrypi_pico_sdk/libmicroros/libmicroros.a(libmicroxrcedds_client-ping.c.obj)
                0x0000000010009ea8                uxr_ping_agent_attempts
 .text.on_get_fragmentation_info
                0x000000001000a040       0x38 /home/nvhmh/micro_ros_ws/src/micro_ros_raspberrypi_pico_sdk/libmicroros/libmicroros.a(libmicroxrcedds_client-session.c.obj)
 .text.read_submessage_get_info
                0x000000001000a078       0x74 /home/nvhmh/micro_ros_ws/src/micro_ros_raspberrypi_pico_sdk/libmicroros/libmicroros.a(libmicroxrcedds_client-session.c.obj)
 .text.write_submessage_acknack.isra.0
                0x000000001000a0ec       0x6c /home/nvhmh/micro_ros_ws/src/micro_ros_raspberrypi_pico_sdk/libmicroros/libmicroros.a(libmicroxrcedds_client-session.c.obj)
 .text.uxr_init_session
                0x000000001000a158       0x48 /home/nvhmh/micro_ros_ws/src/micro_ros_raspberrypi_pico_sdk/libmicroros/libmicroros.a(libmicroxrcedds_client-session.c.obj)
                0x000000001000a158                uxr_init_session
 .text.uxr_set_status_callback
                0x000000001000a1a0        0xc /home/nvhmh/micro_ros_ws/src/micro_ros_raspberrypi_pico_sdk/libmicroros/libmicroros.a(libmicroxrcedds_client-session.c.obj)
                0x000000001000a1a0                uxr_set_status_callback
 .text.uxr_set_topic_callback
                0x000000001000a1ac        0xc /home/nvhmh/micro_ros_ws/src/micro_ros_raspberrypi_pico_sdk/libmicroros/libmicroros.a(libmicroxrcedds_client-session.c.obj)
                0x000000001000a1ac                uxr_set_topic_callback
 .text.uxr_set_request_callback
                0x000000001000a1b8        0xc /home/nvhmh/micro_ros_ws/src/micro_ros_raspberrypi_pico_sdk/libmicroros/libmicroros.a(libmicroxrcedds_client-session.c.obj)
                0x000000001000a1b8                uxr_set_request_callback
 .text.uxr_set_reply_callback
                0x000000001000a1c4        0xc /home/nvhmh/micro_ros_ws/src/micro_ros_raspberrypi_pico_sdk/libmicroros/libmicroros.a(libmicroxrcedds_client-session.c.obj)
                0x000000001000a1c4                uxr_set_reply_callback
 .text.uxr_create_output_best_effort_stream
                0x000000001000a1d0       0x3c /home/nvhmh/micro_ros_ws/src/micro_ros_raspberrypi_pico_sdk/libmicroros/libmicroros.a(libmicroxrcedds_client-session.c.obj)
                0x000000001000a1d0                uxr_create_output_best_effort_stream
 .text.uxr_create_output_reliable_stream
                0x000000001000a20c       0x40 /home/nvhmh/micro_ros_ws/src/micro_ros_raspberrypi_pico_sdk/libmicroros/libmicroros.a(libmicroxrcedds_client-session.c.obj)
                0x000000001000a20c                uxr_create_output_reliable_stream
 .text.uxr_create_input_best_effort_stream