Archive member included to satisfy reference by file (symbol)

/usr/lib/gcc/arm-none-eabi/10.3.1/thumb/v6-m/nofp/libgcc.a(_dvmd_tls.o)
                              CMakeFiles/hello_usb.dir/home/nvhmh/pico_ws/pico/pico-sdk/src/rp2_common/pico_divider/divider.S.obj (__aeabi_idiv0)
/usr/lib/gcc/arm-none-eabi/10.3.1/../../../arm-none-eabi/lib/thumb/v6-m/nofp/libg.a(lib_a-atexit.o)
                              /usr/lib/gcc/arm-none-eabi/10.3.1/../../../arm-none-eabi/lib/thumb/v6-m/nofp/crt0.o (atexit)
/usr/lib/gcc/arm-none-eabi/10.3.1/../../../arm-none-eabi/lib/thumb/v6-m/nofp/libg.a(lib_a-calloc.o)
                              CMakeFiles/hello_usb.dir/home/nvhmh/pico_ws/pico/pico-sdk/src/rp2_common/pico_malloc/pico_malloc.c.obj (calloc)
/usr/lib/gcc/arm-none-eabi/10.3.1/../../../arm-none-eabi/lib/thumb/v6-m/nofp/libg.a(lib_a-callocr.o)
                              /usr/lib/gcc/arm-none-eabi/10.3.1/../../../arm-none-eabi/lib/thumb/v6-m/nofp/libg.a(lib_a-calloc.o) (_calloc_r)
/usr/lib/gcc/arm-none-eabi/10.3.1/../../../arm-none-eabi/lib/thumb/v6-m/nofp/libg.a(lib_a-fini.o)
                              /usr/lib/gcc/arm-none-eabi/10.3.1/../../../arm-none-eabi/lib/thumb/v6-m/nofp/crt0.o (__libc_fini_array)
/usr/lib/gcc/arm-none-eabi/10.3.1/../../../arm-none-eabi/lib/thumb/v6-m/nofp/libg.a(lib_a-impure.o)
                              /usr/lib/gcc/arm-none-eabi/10.3.1/../../../arm-none-eabi/lib/thumb/v6-m/nofp/libg.a(lib_a-calloc.o) (_impure_ptr)
/usr/lib/gcc/arm-none-eabi/10.3.1/../../../arm-none-eabi/lib/thumb/v6-m/nofp/libg.a(lib_a-init.o)
                              /usr/lib/gcc/arm-none-eabi/10.3.1/../../../arm-none-eabi/lib/thumb/v6-m/nofp/crt0.o (__libc_init_array)
/usr/lib/gcc/arm-none-eabi/10.3.1/../../../arm-none-eabi/lib/thumb/v6-m/nofp/libg.a(lib_a-malloc.o)
                              CMakeFiles/hello_usb.dir/home/nvhmh/pico_ws/pico/pico-sdk/src/rp2_common/pico_malloc/pico_malloc.c.obj (malloc)
/usr/lib/gcc/arm-none-eabi/10.3.1/../../../arm-none-eabi/lib/thumb/v6-m/nofp/libg.a(lib_a-mallocr.o)
                              /usr/lib/gcc/arm-none-eabi/10.3.1/../../../arm-none-eabi/lib/thumb/v6-m/nofp/libg.a(lib_a-callocr.o) (_malloc_r)
/usr/lib/gcc/arm-none-eabi/10.3.1/../../../arm-none-eabi/lib/thumb/v6-m/nofp/libg.a(lib_a-mlock.o)
                              /usr/lib/gcc/arm-none-eabi/10.3.1/../../../arm-none-eabi/lib/thumb/v6-m/nofp/libg.a(lib_a-mallocr.o) (__malloc_lock)
/usr/lib/gcc/arm-none-eabi/10.3.1/../../../arm-none-eabi/lib/thumb/v6-m/nofp/libg.a(lib_a-realloc.o)
                              CMakeFiles/hello_usb.dir/home/nvhmh/pico_ws/pico/pico-sdk/src/rp2_common/pico_malloc/pico_malloc.c.obj (realloc)
/usr/lib/gcc/arm-none-eabi/10.3.1/../../../arm-none-eabi/lib/thumb/v6-m/nofp/libg.a(lib_a-reallocr.o)
                              /usr/lib/gcc/arm-none-eabi/10.3.1/../../../arm-none-eabi/lib/thumb/v6-m/nofp/libg.a(lib_a-realloc.o) (_realloc_r)
/usr/lib/gcc/arm-none-eabi/10.3.1/../../../arm-none-eabi/lib/thumb/v6-m/nofp/libg.a(lib_a-sbrkr.o)
                              /usr/lib/gcc/arm-none-eabi/10.3.1/../../../arm-none-eabi/lib/thumb/v6-m/nofp/libg.a(lib_a-mallocr.o) (_sbrk_r)
/usr/lib/gcc/arm-none-eabi/10.3.1/../../../arm-none-eabi/lib/thumb/v6-m/nofp/libg.a(lib_a-strlen-stub.o)
                              CMakeFiles/hello_usb.dir/home/nvhmh/pico_ws/pico/pico-sdk/src/rp2_common/pico_stdio/stdio.c.obj (strlen)
/usr/lib/gcc/arm-none-eabi/10.3.1/../../../arm-none-eabi/lib/thumb/v6-m/nofp/libg.a(lib_a-__atexit.o)
                              /usr/lib/gcc/arm-none-eabi/10.3.1/../../../arm-none-eabi/lib/thumb/v6-m/nofp/libg.a(lib_a-atexit.o) (__register_exitproc)
/usr/lib/gcc/arm-none-eabi/10.3.1/../../../arm-none-eabi/lib/thumb/v6-m/nofp/libg.a(lib_a-freer.o)
                              /usr/lib/gcc/arm-none-eabi/10.3.1/../../../arm-none-eabi/lib/thumb/v6-m/nofp/libg.a(lib_a-malloc.o) (_free_r)
/usr/lib/gcc/arm-none-eabi/10.3.1/../../../arm-none-eabi/lib/thumb/v6-m/nofp/libg.a(lib_a-memmove.o)
                              /usr/lib/gcc/arm-none-eabi/10.3.1/../../../arm-none-eabi/lib/thumb/v6-m/nofp/libg.a(lib_a-reallocr.o) (memmove)
/usr/lib/gcc/arm-none-eabi/10.3.1/../../../arm-none-eabi/lib/thumb/v6-m/nofp/libg.a(lib_a-reent.o)
                              /usr/lib/gcc/arm-none-eabi/10.3.1/../../../arm-none-eabi/lib/thumb/v6-m/nofp/libg.a(lib_a-sbrkr.o) (errno)

Discarded input sections

 .text          0x0000000000000000        0x0 /usr/lib/gcc/arm-none-eabi/10.3.1/thumb/v6-m/nofp/crti.o
 .data          0x0000000000000000        0x0 /usr/lib/gcc/arm-none-eabi/10.3.1/thumb/v6-m/nofp/crti.o
 .bss           0x0000000000000000        0x0 /usr/lib/gcc/arm-none-eabi/10.3.1/thumb/v6-m/nofp/crti.o
 .data          0x0000000000000000        0x4 /usr/lib/gcc/arm-none-eabi/10.3.1/thumb/v6-m/nofp/crtbegin.o
 .rodata        0x0000000000000000       0x24 /usr/lib/gcc/arm-none-eabi/10.3.1/thumb/v6-m/nofp/crtbegin.o
[...]
Memory Configuration

Name             Origin             Length             Attributes
FLASH            0x0000000010000000 0x0000000000200000 xr
RAM              0x0000000020000000 0x0000000000040000 xrw
SCRATCH_X        0x0000000020040000 0x0000000000001000 xrw
SCRATCH_Y        0x0000000020041000 0x0000000000001000 xrw
*default*        0x0000000000000000 0xffffffffffffffff

Linker script and memory map

LOAD /usr/lib/gcc/arm-none-eabi/10.3.1/thumb/v6-m/nofp/crti.o
LOAD /usr/lib/gcc/arm-none-eabi/10.3.1/thumb/v6-m/nofp/crtbegin.o
LOAD /usr/lib/gcc/arm-none-eabi/10.3.1/../../../arm-none-eabi/lib/thumb/v6-m/nofp/crt0.o

.flash_begin    0x0000000010000000        0x0
                0x0000000010000000                __flash_binary_start = .

.boot2          0x0000000010000000      0x100
                0x0000000010000000                __boot2_start__ = .
 *(.boot2)
 .boot2         0x0000000010000000      0x100 /tmp/ccz9Loyc.o
                0x0000000010000100                __boot2_end__ = .
                0x0000000000000001                ASSERT (((__boot2_end__ - __boot2_start__) == 0x100), ERROR: Pico second stage bootloader must be 256 bytes in size)

.text           0x0000000010000100     0x6c88
                0x0000000010000100                __logical_binary_start = .
 *(.vectors)
 .vectors       0x0000000010000100       0xd4 CMakeFiles/hello_usb.dir/home/nvhmh/pico_ws/pico/pico-sdk/src/rp2_common/pico_standard_link/crt0.S.obj
                0x0000000010000100                __vectors
                0x0000000010000100                __VECTOR_TABLE
                0x00000000100001c0                isr_invalid
                0x00000000100001c0                __default_isrs_start
                0x00000000100001c2                isr_nmi
                0x00000000100001c4                isr_hardfault
                0x00000000100001c6                isr_svcall
                0x00000000100001c8                isr_pendsv
                0x00000000100001ca                isr_systick
                0x00000000100001cc                isr_irq30
                0x00000000100001cc                __unhandled_user_irq
                0x00000000100001cc                isr_irq13
                0x00000000100001cc                isr_irq27
                0x00000000100001cc                isr_irq31
                0x00000000100001cc                isr_irq5
                0x00000000100001cc                isr_irq11
                0x00000000100001cc                isr_irq23
                0x00000000100001cc                isr_irq18
                0x00000000100001cc                isr_irq28
                0x00000000100001cc                isr_irq19
                0x00000000100001cc                isr_irq0
                0x00000000100001cc                isr_irq6
                0x00000000100001cc                isr_irq22
                0x00000000100001cc                isr_irq17
                0x00000000100001cc                isr_irq14
                0x00000000100001cc                isr_irq2
                0x00000000100001cc                isr_irq10
                0x00000000100001cc                isr_irq8
                0x00000000100001cc                isr_irq24
                0x00000000100001cc                isr_irq1
                0x00000000100001cc                isr_irq7
                0x00000000100001cc                isr_irq21
                0x00000000100001cc                isr_irq20
                0x00000000100001cc                isr_irq15
                0x00000000100001cc                isr_irq25
                0x00000000100001cc                isr_irq4
                0x00000000100001cc                isr_irq16
                0x00000000100001cc                isr_irq29
                0x00000000100001cc                isr_irq26
                0x00000000100001cc                __default_isrs_end
                0x00000000100001cc                isr_irq3
                0x00000000100001cc                isr_irq12
                0x00000000100001cc                isr_irq9
                0x00000000100001d2                unhandled_user_irq_num_in_r0
 *(.binary_info_header)
 .binary_info_header
                0x00000000100001d4       0x14 CMakeFiles/hello_usb.dir/home/nvhmh/pico_ws/pico/pico-sdk/src/rp2_common/pico_standard_link/crt0.S.obj
                0x00000000100001e8                __binary_info_header_end = .
 *(.reset)
 .reset         0x00000000100001e8       0xa0 CMakeFiles/hello_usb.dir/home/nvhmh/pico_ws/pico/pico-sdk/src/rp2_common/pico_standard_link/crt0.S.obj
                0x00000000100001e8                _entry_point
 .reset         0x0000000010000288       0x30 CMakeFiles/hello_usb.dir/home/nvhmh/pico_ws/pico/pico-sdk/src/rp2_common/pico_standard_link/binary_info.c.obj
 *(.init)
 .init          0x00000000100002b8        0x4 /usr/lib/gcc/arm-none-eabi/10.3.1/thumb/v6-m/nofp/crti.o
                0x00000000100002b8                _init
 *(EXCLUDE_FILE(*libm.a: *libc.a:*lib_a-mem*.o *libgcc.a:) .text*)
 .text          0x00000000100002bc       0x98 /usr/lib/gcc/arm-none-eabi/10.3.1/thumb/v6-m/nofp/crtbegin.o
 .text.main     0x0000000010000354       0x1c CMakeFiles/hello_usb.dir/hello_usb.c.obj
                0x0000000010000354                main
 .text.running_on_fpga
                0x0000000010000370       0x14 CMakeFiles/hello_usb.dir/home/nvhmh/pico_ws/pico/pico-sdk/src/rp2_common/pico_platform/platform.c.obj
                0x0000000010000370                running_on_fpga
 .text.hw_claim_lock
                0x0000000010000384       0x18 CMakeFiles/hello_usb.dir/home/nvhmh/pico_ws/pico/pico-sdk/src/rp2_common/hardware_claim/claim.c.obj
                0x0000000010000384                hw_claim_lock
 .text.hw_claim_unlock
                0x000000001000039c       0x14 CMakeFiles/hello_usb.dir/home/nvhmh/pico_ws/pico/pico-sdk/src/rp2_common/hardware_claim/claim.c.obj
                0x000000001000039c                hw_claim_unlock
 .text.hw_claim_or_assert
                0x00000000100003b0       0x32 CMakeFiles/hello_usb.dir/home/nvhmh/pico_ws/pico/pico-sdk/src/rp2_common/hardware_claim/claim.c.obj
                0x00000000100003b0                hw_claim_or_assert
 .text.hw_claim_unused_from_range
                0x00000000100003e2       0x50 CMakeFiles/hello_usb.dir/home/nvhmh/pico_ws/pico/pico-sdk/src/rp2_common/hardware_claim/claim.c.obj
                0x00000000100003e2                hw_claim_unused_from_range
 *fill*         0x0000000010000432        0x2 
 .text.spin_locks_reset
                0x0000000010000434       0x20 CMakeFiles/hello_usb.dir/home/nvhmh/pico_ws/pico/pico-sdk/src/rp2_common/hardware_sync/sync.c.obj
                0x0000000010000434                spin_locks_reset
 .text.next_striped_spin_lock_num
                0x0000000010000454       0x1c CMakeFiles/hello_usb.dir/home/nvhmh/pico_ws/pico/pico-sdk/src/rp2_common/hardware_sync/sync.c.obj
                0x0000000010000454                next_striped_spin_lock_num
 .text.spin_lock_claim_unused
                0x0000000010000470       0x20 CMakeFiles/hello_usb.dir/home/nvhmh/pico_ws/pico/pico-sdk/src/rp2_common/hardware_sync/sync.c.obj
                0x0000000010000470                spin_lock_claim_unused
 .text.set_raw_irq_handler_and_unlock
                0x0000000010000490       0x28 CMakeFiles/hello_usb.dir/home/nvhmh/pico_ws/pico/pico-sdk/src/rp2_common/hardware_irq/irq.c.obj
 .text.make_branch
                0x00000000100004b8       0x48 CMakeFiles/hello_usb.dir/home/nvhmh/pico_ws/pico/pico-sdk/src/rp2_common/hardware_irq/irq.c.obj
 .text.insert_branch_and_link
                0x0000000010000500       0x40 CMakeFiles/hello_usb.dir/home/nvhmh/pico_ws/pico/pico-sdk/src/rp2_common/hardware_irq/irq.c.obj
 .text.irq_is_enabled
                0x0000000010000540       0x18 CMakeFiles/hello_usb.dir/home/nvhmh/pico_ws/pico/pico-sdk/src/rp2_common/hardware_irq/irq.c.obj
                0x0000000010000540                irq_is_enabled
 .text.irq_set_mask_enabled
                0x0000000010000558       0x20 CMakeFiles/hello_usb.dir/home/nvhmh/pico_ws/pico/pico-sdk/src/rp2_common/hardware_irq/irq.c.obj
                0x0000000010000558                irq_set_mask_enabled
 .text.irq_set_enabled
                0x0000000010000578        0xe CMakeFiles/hello_usb.dir/home/nvhmh/pico_ws/pico/pico-sdk/src/rp2_common/hardware_irq/irq.c.obj
                0x0000000010000578                irq_set_enabled
 *fill*         0x0000000010000586        0x2 
 .text.irq_set_pending
                0x0000000010000588       0x10 CMakeFiles/hello_usb.dir/home/nvhmh/pico_ws/pico/pico-sdk/src/rp2_common/hardware_irq/irq.c.obj
                0x0000000010000588                irq_set_pending
 .text.irq_get_vtable_handler
                0x0000000010000598       0x10 CMakeFiles/hello_usb.dir/home/nvhmh/pico_ws/pico/pico-sdk/src/rp2_common/hardware_irq/irq.c.obj
                0x0000000010000598                irq_get_vtable_handler
 .text.irq_has_shared_handler
                0x00000000100005a8       0x24 CMakeFiles/hello_usb.dir/home/nvhmh/pico_ws/pico/pico-sdk/src/rp2_common/hardware_irq/irq.c.obj
                0x00000000100005a8                irq_has_shared_handler
 .text.irq_set_exclusive_handler
                0x00000000100005cc       0x54 CMakeFiles/hello_usb.dir/home/nvhmh/pico_ws/pico/pico-sdk/src/rp2_common/hardware_irq/irq.c.obj
                0x00000000100005cc                irq_set_exclusive_handler
 .text.irq_add_shared_handler
                0x0000000010000620      0x234 CMakeFiles/hello_usb.dir/home/nvhmh/pico_ws/pico/pico-sdk/src/rp2_common/hardware_irq/irq.c.obj
                0x0000000010000620                irq_add_shared_handler
 .text.irq_remove_handler
                0x0000000010000854      0x1ac CMakeFiles/hello_usb.dir/home/nvhmh/pico_ws/pico/pico-sdk/src/rp2_common/hardware_irq/irq.c.obj
                0x0000000010000854                irq_remove_handler
 .text.irq_add_tail_to_free_list
                0x0000000010000a00       0xf0 CMakeFiles/hello_usb.dir/home/nvhmh/pico_ws/pico/pico-sdk/src/rp2_common/hardware_irq/irq.c.obj
                0x0000000010000a00                irq_add_tail_to_free_list
 .text.irq_init_priorities
                0x0000000010000af0       0x1c CMakeFiles/hello_usb.dir/home/nvhmh/pico_ws/pico/pico-sdk/src/rp2_common/hardware_irq/irq.c.obj
                0x0000000010000af0                irq_init_priorities
 .text.user_irq_claim_unused
                0x0000000010000b0c       0x28 CMakeFiles/hello_usb.dir/home/nvhmh/pico_ws/pico/pico-sdk/src/rp2_common/hardware_irq/irq.c.obj
                0x0000000010000b0c                user_irq_claim_unused
 .text.lock_init
                0x0000000010000b34       0x10 CMakeFiles/hello_usb.dir/home/nvhmh/pico_ws/pico/pico-sdk/src/common/pico_sync/lock_core.c.obj
                0x0000000010000b34                lock_init
 .text.mutex_init
                0x0000000010000b44       0x1a CMakeFiles/hello_usb.dir/home/nvhmh/pico_ws/pico/pico-sdk/src/common/pico_sync/mutex.c.obj
                0x0000000010000b44                mutex_init
 .text.recursive_mutex_init
                0x0000000010000b5e       0x1e CMakeFiles/hello_usb.dir/home/nvhmh/pico_ws/pico/pico-sdk/src/common/pico_sync/mutex.c.obj
                0x0000000010000b5e                recursive_mutex_init
 .text.critical_section_init_with_lock_num
                0x0000000010000b7c       0x14 CMakeFiles/hello_usb.dir/home/nvhmh/pico_ws/pico/pico-sdk/src/common/pico_sync/critical_section.c.obj
                0x0000000010000b7c                critical_section_init_with_lock_num
 .text.critical_section_init
                0x0000000010000b90       0x14 CMakeFiles/hello_usb.dir/home/nvhmh/pico_ws/pico/pico-sdk/src/common/pico_sync/critical_section.c.obj
                0x0000000010000b90                critical_section_init
 .text.alarm_pool_post_alloc_init
                0x0000000010000ba4       0x40 CMakeFiles/hello_usb.dir/home/nvhmh/pico_ws/pico/pico-sdk/src/common/pico_time/time.c.obj
 .text.sleep_until_callback
                0x0000000010000be4       0x30 CMakeFiles/hello_usb.dir/home/nvhmh/pico_ws/pico/pico-sdk/src/common/pico_time/time.c.obj
 .text.timer_pool_entry_comparator
                0x0000000010000c14       0x7c CMakeFiles/hello_usb.dir/home/nvhmh/pico_ws/pico/pico-sdk/src/common/pico_time/time.c.obj
                0x0000000010000c14                timer_pool_entry_comparator
 .text.ph_add_child_node
                0x0000000010000c90       0xa4 CMakeFiles/hello_usb.dir/home/nvhmh/pico_ws/pico/pico-sdk/src/common/pico_time/time.c.obj
 .text.ph_merge_nodes
                0x0000000010000d34       0x3e CMakeFiles/hello_usb.dir/home/nvhmh/pico_ws/pico/pico-sdk/src/common/pico_time/time.c.obj
 *fill*         0x0000000010000d72        0x2 
 .text.add_alarm_under_lock
                0x0000000010000d74      0x174 CMakeFiles/hello_usb.dir/home/nvhmh/pico_ws/pico/pico-sdk/src/common/pico_time/time.c.obj
 .text.alarm_pool_alarm_callback
                0x0000000010000ee8      0x33c CMakeFiles/hello_usb.dir/home/nvhmh/pico_ws/pico/pico-sdk/src/common/pico_time/time.c.obj
 .text.alarm_pool_init_default
                0x0000000010001224       0x40 CMakeFiles/hello_usb.dir/home/nvhmh/pico_ws/pico/pico-sdk/src/common/pico_time/time.c.obj
                0x0000000010001224                alarm_pool_init_default
 .text.alarm_pool_get_default
                0x0000000010001264       0x2c CMakeFiles/hello_usb.dir/home/nvhmh/pico_ws/pico/pico-sdk/src/common/pico_time/time.c.obj
                0x0000000010001264                alarm_pool_get_default
 .text.alarm_pool_add_alarm_at
                0x0000000010001290      0x168 CMakeFiles/hello_usb.dir/home/nvhmh/pico_ws/pico/pico-sdk/src/common/pico_time/time.c.obj
                0x0000000010001290                alarm_pool_add_alarm_at
 .text.alarm_pool_cancel_alarm
                0x00000000100013f8       0xf8 CMakeFiles/hello_usb.dir/home/nvhmh/pico_ws/pico/pico-sdk/src/common/pico_time/time.c.obj
                0x00000000100013f8                alarm_pool_cancel_alarm
 .text.alarm_pool_core_num
                0x00000000100014f0        0x4 CMakeFiles/hello_usb.dir/home/nvhmh/pico_ws/pico/pico-sdk/src/common/pico_time/time.c.obj
                0x00000000100014f0                alarm_pool_core_num
 .text.sleep_until
                0x00000000100014f4       0xfc CMakeFiles/hello_usb.dir/home/nvhmh/pico_ws/pico/pico-sdk/src/common/pico_time/time.c.obj
                0x00000000100014f4                sleep_until
 .text.sleep_us
                0x00000000100015f0       0x58 CMakeFiles/hello_usb.dir/home/nvhmh/pico_ws/pico/pico-sdk/src/common/pico_time/time.c.obj
                0x00000000100015f0                sleep_us
 .text.sleep_ms
                0x0000000010001648       0x14 CMakeFiles/hello_usb.dir/home/nvhmh/pico_ws/pico/pico-sdk/src/common/pico_time/time.c.obj
                0x0000000010001648                sleep_ms
 .text.best_effort_wfe_or_timeout
                0x000000001000165c       0xac CMakeFiles/hello_usb.dir/home/nvhmh/pico_ws/pico/pico-sdk/src/common/pico_time/time.c.obj
                0x000000001000165c                best_effort_wfe_or_timeout
 .text.hardware_alarm_irq_handler
                0x0000000010001708       0x90 CMakeFiles/hello_usb.dir/home/nvhmh/pico_ws/pico/pico-sdk/src/rp2_common/hardware_timer/timer.c.obj
 .text.hardware_alarm_claim
                0x0000000010001798       0x18 CMakeFiles/hello_usb.dir/home/nvhmh/pico_ws/pico/pico-sdk/src/rp2_common/hardware_timer/timer.c.obj
                0x0000000010001798                hardware_alarm_claim
 .text.time_us_64
                0x00000000100017b0       0x18 CMakeFiles/hello_usb.dir/home/nvhmh/pico_ws/pico/pico-sdk/src/rp2_common/hardware_timer/timer.c.obj
                0x00000000100017b0                time_us_64
 .text.busy_wait_until
                0x00000000100017c8       0x28 CMakeFiles/hello_usb.dir/home/nvhmh/pico_ws/pico/pico-sdk/src/rp2_common/hardware_timer/timer.c.obj
                0x00000000100017c8                busy_wait_until
 .text.hardware_alarm_set_callback
                0x00000000100017f0       0x90 CMakeFiles/hello_usb.dir/home/nvhmh/pico_ws/pico/pico-sdk/src/rp2_common/hardware_timer/timer.c.obj
                0x00000000100017f0                hardware_alarm_set_callback
 .text.hardware_alarm_set_target
                0x0000000010001880       0xe8 CMakeFiles/hello_usb.dir/home/nvhmh/pico_ws/pico/pico-sdk/src/rp2_common/hardware_timer/timer.c.obj
                0x0000000010001880                hardware_alarm_set_target
 .text.hardware_alarm_cancel
                0x0000000010001968       0x40 CMakeFiles/hello_usb.dir/home/nvhmh/pico_ws/pico/pico-sdk/src/rp2_common/hardware_timer/timer.c.obj
                0x0000000010001968                hardware_alarm_cancel
 .text.ph_add_child_node
                0x00000000100019a8       0xa4 CMakeFiles/hello_usb.dir/home/nvhmh/pico_ws/pico/pico-sdk/src/common/pico_util/pheap.c.obj
 .text.ph_merge_nodes
                0x0000000010001a4c       0x3e CMakeFiles/hello_usb.dir/home/nvhmh/pico_ws/pico/pico-sdk/src/common/pico_util/pheap.c.obj
 *fill*         0x0000000010001a8a        0x2 
 .text.ph_clear
                0x0000000010001a8c       0x70 CMakeFiles/hello_usb.dir/home/nvhmh/pico_ws/pico/pico-sdk/src/common/pico_util/pheap.c.obj
                0x0000000010001a8c                ph_clear
 .text.ph_post_alloc_init
                0x0000000010001afc        0xe CMakeFiles/hello_usb.dir/home/nvhmh/pico_ws/pico/pico-sdk/src/common/pico_util/pheap.c.obj
                0x0000000010001afc                ph_post_alloc_init
 *fill*         0x0000000010001b0a        0x2 
 .text.ph_merge_two_pass
                0x0000000010001b0c       0xa8 CMakeFiles/hello_usb.dir/home/nvhmh/pico_ws/pico/pico-sdk/src/common/pico_util/pheap.c.obj
                0x0000000010001b0c                ph_merge_two_pass
 .text.ph_remove_any_head
                0x0000000010001bb4      0x128 CMakeFiles/hello_usb.dir/home/nvhmh/pico_ws/pico/pico-sdk/src/common/pico_util/pheap.c.obj
 .text.ph_remove_head
                0x0000000010001cdc       0x14 CMakeFiles/hello_usb.dir/home/nvhmh/pico_ws/pico/pico-sdk/src/common/pico_util/pheap.c.obj
                0x0000000010001cdc                ph_remove_head
 .text.ph_remove_and_free_node
                0x0000000010001cf0       0xf8 CMakeFiles/hello_usb.dir/home/nvhmh/pico_ws/pico/pico-sdk/src/common/pico_util/pheap.c.obj
                0x0000000010001cf0                ph_remove_and_free_node
 .text.clock_configure
                0x0000000010001de8      0x108 CMakeFiles/hello_usb.dir/home/nvhmh/pico_ws/pico/pico-sdk/src/rp2_common/hardware_clocks/clocks.c.obj
                0x0000000010001de8                clock_configure
 .text.clocks_init
                0x0000000010001ef0      0x100 CMakeFiles/hello_usb.dir/home/nvhmh/pico_ws/pico/pico-sdk/src/rp2_common/hardware_clocks/clocks.c.obj
                0x0000000010001ef0                clocks_init
 .text.pll_init
                0x0000000010001ff0      0x120 CMakeFiles/hello_usb.dir/home/nvhmh/pico_ws/pico/pico-sdk/src/rp2_common/hardware_pll/pll.c.obj
                0x0000000010001ff0                pll_init
 .text.watchdog_start_tick
                0x0000000010002110       0x10 CMakeFiles/hello_usb.dir/home/nvhmh/pico_ws/pico/pico-sdk/src/rp2_common/hardware_watchdog/watchdog.c.obj
                0x0000000010002110                watchdog_start_tick
 .text.watchdog_update
                0x0000000010002120       0x14 CMakeFiles/hello_usb.dir/home/nvhmh/pico_ws/pico/pico-sdk/src/rp2_common/hardware_watchdog/watchdog.c.obj
                0x0000000010002120                watchdog_update
 .text._watchdog_enable
                0x0000000010002134       0x78 CMakeFiles/hello_usb.dir/home/nvhmh/pico_ws/pico/pico-sdk/src/rp2_common/hardware_watchdog/watchdog.c.obj
                0x0000000010002134                _watchdog_enable
 .text.watchdog_reboot
                0x00000000100021ac       0x48 CMakeFiles/hello_usb.dir/home/nvhmh/pico_ws/pico/pico-sdk/src/rp2_common/hardware_watchdog/watchdog.c.obj
                0x00000000100021ac                watchdog_reboot
 .text.xosc_init
                0x00000000100021f4       0x28 CMakeFiles/hello_usb.dir/home/nvhmh/pico_ws/pico/pico-sdk/src/rp2_common/hardware_xosc/xosc.c.obj
                0x00000000100021f4                xosc_init
 .text._exit    0x000000001000221c        0x4 CMakeFiles/hello_usb.dir/home/nvhmh/pico_ws/pico/pico-sdk/src/rp2_common/pico_runtime/runtime.c.obj
                0x000000001000221c                _exit
 .text.exit     0x0000000010002220        0x6 CMakeFiles/hello_usb.dir/home/nvhmh/pico_ws/pico/pico-sdk/src/rp2_common/pico_runtime/runtime.c.obj
                0x0000000010002220                exit
 *fill*         0x0000000010002226        0x2 
 .text.__assert_func
                0x0000000010002228       0x3c CMakeFiles/hello_usb.dir/home/nvhmh/pico_ws/pico/pico-sdk/src/rp2_common/pico_runtime/runtime.c.obj
                0x0000000010002228                __assert_func
 .text.runtime_init
                0x0000000010002264       0xf8 CMakeFiles/hello_usb.dir/home/nvhmh/pico_ws/pico/pico-sdk/src/rp2_common/pico_runtime/runtime.c.obj
                0x0000000010002264                runtime_init
 .text.panic    0x000000001000235c       0x30 CMakeFiles/hello_usb.dir/home/nvhmh/pico_ws/pico/pico-sdk/src/rp2_common/pico_runtime/runtime.c.obj
                0x000000001000235c                panic
 .text._out_null
                0x000000001000238c        0x2 CMakeFiles/hello_usb.dir/home/nvhmh/pico_ws/pico/pico-sdk/src/rp2_common/pico_printf/printf.c.obj
 .text._out_fct
                0x000000001000238e        0xe CMakeFiles/hello_usb.dir/home/nvhmh/pico_ws/pico/pico-sdk/src/rp2_common/pico_printf/printf.c.obj
 .text._atoi    0x000000001000239c       0x24 CMakeFiles/hello_usb.dir/home/nvhmh/pico_ws/pico/pico-sdk/src/rp2_common/pico_printf/printf.c.obj
 .text._out_rev
                0x00000000100023c0       0xae CMakeFiles/hello_usb.dir/home/nvhmh/pico_ws/pico/pico-sdk/src/rp2_common/pico_printf/printf.c.obj
 .text._ntoa_format
                0x000000001000246e      0x112 CMakeFiles/hello_usb.dir/home/nvhmh/pico_ws/pico/pico-sdk/src/rp2_common/pico_printf/printf.c.obj
 .text._ntoa_long
                0x0000000010002580       0xbc CMakeFiles/hello_usb.dir/home/nvhmh/pico_ws/pico/pico-sdk/src/rp2_common/pico_printf/printf.c.obj
 .text._ntoa_long_long
                0x000000001000263c       0xe2 CMakeFiles/hello_usb.dir/home/nvhmh/pico_ws/pico/pico-sdk/src/rp2_common/pico_printf/printf.c.obj
 *fill*         0x000000001000271e        0x2 
 .text._etoa    0x0000000010002720      0x414 CMakeFiles/hello_usb.dir/home/nvhmh/pico_ws/pico/pico-sdk/src/rp2_common/pico_printf/printf.c.obj
 .text._ftoa    0x0000000010002b34      0x354 CMakeFiles/hello_usb.dir/home/nvhmh/pico_ws/pico/pico-sdk/src/rp2_common/pico_printf/printf.c.obj
 .text._vsnprintf
                0x0000000010002e88      0x624 CMakeFiles/hello_usb.dir/home/nvhmh/pico_ws/pico/pico-sdk/src/rp2_common/pico_printf/printf.c.obj
 .text.vfctprintf
                0x00000000100034ac       0x20 CMakeFiles/hello_usb.dir/home/nvhmh/pico_ws/pico/pico-sdk/src/rp2_common/pico_printf/printf.c.obj
                0x00000000100034ac                vfctprintf
 .text          0x00000000100034cc       0x10 CMakeFiles/hello_usb.dir/home/nvhmh/pico_ws/pico/pico-sdk/src/rp2_common/pico_bit_ops/bit_ops_aeabi.S.obj
 .text.rom_func_lookup
                0x00000000100034dc       0x10 CMakeFiles/hello_usb.dir/home/nvhmh/pico_ws/pico/pico-sdk/src/rp2_common/pico_bootrom/bootrom.c.obj
                0x00000000100034dc                rom_func_lookup
 .text.rom_data_lookup
                0x00000000100034ec       0x10 CMakeFiles/hello_usb.dir/home/nvhmh/pico_ws/pico/pico-sdk/src/rp2_common/pico_bootrom/bootrom.c.obj
                0x00000000100034ec                rom_data_lookup
 .text.rom_funcs_lookup
                0x00000000100034fc       0x36 CMakeFiles/hello_usb.dir/home/nvhmh/pico_ws/pico/pico-sdk/src/rp2_common/pico_bootrom/bootrom.c.obj
                0x00000000100034fc                rom_funcs_lookup
 *fill*         0x0000000010003532        0x2 
 .text.__wrap___aeabi_idiv
                0x0000000010003534       0x50 CMakeFiles/hello_usb.dir/home/nvhmh/pico_ws/pico/pico-sdk/src/rp2_common/pico_divider/divider.S.obj
                0x0000000010003534                __wrap___aeabi_idivmod
                0x0000000010003534                divmod_s32s32
                0x0000000010003534                div_s32s32
                0x0000000010003534                __wrap___aeabi_idiv
                0x000000001000353c                divmod_s32s32_unsafe
                0x0000000010003568                divmod_s32s32_savestate
 .text.__wrap___aeabi_uidiv
                0x0000000010003584       0x4c CMakeFiles/hello_usb.dir/home/nvhmh/pico_ws/pico/pico-sdk/src/rp2_common/pico_divider/divider.S.obj
                0x0000000010003584                __wrap___aeabi_uidiv
                0x0000000010003584                __wrap___aeabi_uidivmod
                0x0000000010003584                div_u32u32
                0x0000000010003584                divmod_u32u32
                0x000000001000358c                divmod_u32u32_unsafe
                0x00000000100035b4                divmod_u32u32_savestate
 .text.__wrap___aeabi_ldiv
                0x00000000100035d0      0x424 CMakeFiles/hello_usb.dir/home/nvhmh/pico_ws/pico/pico-sdk/src/rp2_common/pico_divider/divider.S.obj
                0x00000000100035d0                div_s64s64
                0x00000000100035d0                divmod_s64s64
                0x00000000100035d0                __wrap___aeabi_ldivmod
                0x0000000010003600                div_u64u64
                0x0000000010003600                divmod_u64u64
                0x0000000010003600                __wrap___aeabi_uldivmod
                0x0000000010003610                divmod_u64u64_savestate
                0x0000000010003630                divmod_s64s64_unsafe
                0x00000000100036b8                divmod_u64u64_unsafe
 .text.__wrap___aeabi_darithmetic
                0x00000000100039f4       0x80 CMakeFiles/hello_usb.dir/home/nvhmh/pico_ws/pico/pico-sdk/src/rp2_common/pico_double/double_aeabi.S.obj
                0x00000000100039f4                __wrap___aeabi_drsub
                0x00000000100039fa                __wrap___aeabi_dsub
                0x0000000010003a0c                __wrap___aeabi_dadd
                0x0000000010003a1e                __wrap___aeabi_ddiv
                0x0000000010003a5a                __wrap___aeabi_dmul
 .text.__wrap___aeabi_cdcmple
                0x0000000010003a74       0x6c CMakeFiles/hello_usb.dir/home/nvhmh/pico_ws/pico/pico-sdk/src/rp2_common/pico_double/double_aeabi.S.obj
                0x0000000010003a74                __wrap___aeabi_cdrcmple
                0x0000000010003a84                __wrap___aeabi_cdcmple
                0x0000000010003a84                __wrap___aeabi_cdcmpeq
 .text.__wrap___aeabi_dcmplt
                0x0000000010003ae0        0xc CMakeFiles/hello_usb.dir/home/nvhmh/pico_ws/pico/pico-sdk/src/rp2_common/pico_double/double_aeabi.S.obj
                0x0000000010003ae0                __wrap___aeabi_dcmplt
 .text.__wrap___aeabi_dcmple
                0x0000000010003aec       0x10 CMakeFiles/hello_usb.dir/home/nvhmh/pico_ws/pico/pico-sdk/src/rp2_common/pico_double/double_aeabi.S.obj
                0x0000000010003aec                __wrap___aeabi_dcmple
 .text.__wrap___aeabi_dcmpge
                0x0000000010003afc       0x10 CMakeFiles/hello_usb.dir/home/nvhmh/pico_ws/pico/pico-sdk/src/rp2_common/pico_double/double_aeabi.S.obj
                0x0000000010003afc                __wrap___aeabi_dcmpge
 .text.__wrap___aeabi_dcmpgt
                0x0000000010003b0c        0xa CMakeFiles/hello_usb.dir/home/nvhmh/pico_ws/pico/pico-sdk/src/rp2_common/pico_double/double_aeabi.S.obj
                0x0000000010003b0c                __wrap___aeabi_dcmpgt
 .text.__wrap___aeabi_dcmpun
                0x0000000010003b16       0x1c CMakeFiles/hello_usb.dir/home/nvhmh/pico_ws/pico/pico-sdk/src/rp2_common/pico_double/double_aeabi.S.obj
                0x0000000010003b16                __wrap___aeabi_dcmpun
 *fill*         0x0000000010003b32        0x2 
 .text.__wrap___aeabi_i2d
                0x0000000010003b34       0x38 CMakeFiles/hello_usb.dir/home/nvhmh/pico_ws/pico/pico-sdk/src/rp2_common/pico_double/double_aeabi.S.obj
                0x0000000010003b34                __wrap___aeabi_ui2d
                0x0000000010003b3c                __wrap___aeabi_i2d
 .text.__wrap___aeabi_d2iz
                0x0000000010003b6c       0x48 CMakeFiles/hello_usb.dir/home/nvhmh/pico_ws/pico/pico-sdk/src/rp2_common/pico_double/double_aeabi.S.obj
                0x0000000010003b6c                __wrap___aeabi_d2iz
                0x0000000010003b6c                double2int_z
 .text.__wrap___aeabi_d2uiz
                0x0000000010003bb4       0x18 CMakeFiles/hello_usb.dir/home/nvhmh/pico_ws/pico/pico-sdk/src/rp2_common/pico_double/double_aeabi.S.obj
                0x0000000010003bb4                double2uint
                0x0000000010003bb4                __wrap___aeabi_d2uiz
 .text.__aeabi_double_init
                0x0000000010003bcc       0xc8 CMakeFiles/hello_usb.dir/home/nvhmh/pico_ws/pico/pico-sdk/src/rp2_common/pico_double/double_init_rom.c.obj
                0x0000000010003bcc                __aeabi_double_init
 .text.double_table_shim_on_use_helper
                0x0000000010003c94       0x34 CMakeFiles/hello_usb.dir/home/nvhmh/pico_ws/pico/pico-sdk/src/rp2_common/pico_double/double_v1_rom_shim.S.obj
                0x0000000010003c94                double_table_shim_on_use_helper
 .text.__wrap___aeabi_dsub
                0x0000000010003cc8       0x10 CMakeFiles/hello_usb.dir/home/nvhmh/pico_ws/pico/pico-sdk/src/rp2_common/pico_double/double_v1_rom_shim.S.obj
                0x0000000010003cc8                drsub_shim
                0x0000000010003cce                dsub_shim
 .text.dadd_shim
                0x0000000010003cd8      0x15c CMakeFiles/hello_usb.dir/home/nvhmh/pico_ws/pico/pico-sdk/src/rp2_common/pico_double/double_v1_rom_shim.S.obj
                0x0000000010003cd8                dadd_shim
 .text.dmul_shim
                0x0000000010003e34      0x15c CMakeFiles/hello_usb.dir/home/nvhmh/pico_ws/pico/pico-sdk/src/rp2_common/pico_double/double_v1_rom_shim.S.obj
                0x0000000010003e34                dmul_shim
 .text.ddiv_shim
                0x0000000010003f90      0x1b0 CMakeFiles/hello_usb.dir/home/nvhmh/pico_ws/pico/pico-sdk/src/rp2_common/pico_double/double_v1_rom_shim.S.obj
                0x0000000010003f90                ddiv_shim
 .text.double2uint_shim
                0x0000000010004140        0xe CMakeFiles/hello_usb.dir/home/nvhmh/pico_ws/pico/pico-sdk/src/rp2_common/pico_double/double_v1_rom_shim.S.obj
                0x0000000010004140                double2uint_shim
                0x0000000010004142                double2ufix_shim
 *fill*         0x000000001000414e        0x2 
 .text.double2uint64_shim
                0x0000000010004150       0x70 CMakeFiles/hello_usb.dir/home/nvhmh/pico_ws/pico/pico-sdk/src/rp2_common/pico_double/double_v1_rom_shim.S.obj
                0x0000000010004150                double2uint64_shim
                0x0000000010004152                double2ufix64_shim
                0x0000000010004172                d2fix_a
 .text.dunpacks
                0x00000000100041c0       0x3c CMakeFiles/hello_usb.dir/home/nvhmh/pico_ws/pico/pico-sdk/src/rp2_common/pico_double/double_v1_rom_shim.S.obj
                0x00000000100041c0                dunpacks
 .text.__aeabi_lmul
                0x00000000100041fc       0x32 CMakeFiles/hello_usb.dir/home/nvhmh/pico_ws/pico/pico-sdk/src/rp2_common/pico_int64_ops/pico_int64_ops_aeabi.S.obj
                0x00000000100041fc                __wrap___aeabi_lmul
 *fill*         0x000000001000422e        0x2 
 .text.__aeabi_float_init
                0x0000000010004230       0xfc CMakeFiles/hello_usb.dir/home/nvhmh/pico_ws/pico/pico-sdk/src/rp2_common/pico_float/float_init_rom.c.obj
                0x0000000010004230                __aeabi_float_init
 .text.float_table_shim_on_use_helper
                0x000000001000432c       0x34 CMakeFiles/hello_usb.dir/home/nvhmh/pico_ws/pico/pico-sdk/src/rp2_common/pico_float/float_v1_rom_shim.S.obj
                0x000000001000432c                float_table_shim_on_use_helper
 .text          0x0000000010004360       0x10 CMakeFiles/hello_usb.dir/home/nvhmh/pico_ws/pico/pico-sdk/src/rp2_common/pico_mem_ops/mem_ops_aeabi.S.obj
                0x0000000010004360                __aeabi_mem_init
 .text.memset   0x0000000010004370        0xc CMakeFiles/hello_usb.dir/home/nvhmh/pico_ws/pico/pico-sdk/src/rp2_common/pico_mem_ops/mem_ops_aeabi.S.obj
                0x0000000010004370                __wrap_memset
 .text.memcpy   0x000000001000437c        0xc CMakeFiles/hello_usb.dir/home/nvhmh/pico_ws/pico/pico-sdk/src/rp2_common/pico_mem_ops/mem_ops_aeabi.S.obj
                0x000000001000437c                __wrap___aeabi_memcpy
                0x000000001000437c                __wrap_memcpy
 .text.stdio_out_chars_no_crlf
                0x0000000010004388        0xe CMakeFiles/hello_usb.dir/home/nvhmh/pico_ws/pico/pico-sdk/src/rp2_common/pico_stdio/stdio.c.obj
 *fill*         0x0000000010004396        0x2 
 .text.stdio_out_chars_crlf
                0x0000000010004398       0x80 CMakeFiles/hello_usb.dir/home/nvhmh/pico_ws/pico/pico-sdk/src/rp2_common/pico_stdio/stdio.c.obj
 .text.stdio_stack_buffer_flush
                0x0000000010004418       0x44 CMakeFiles/hello_usb.dir/home/nvhmh/pico_ws/pico/pico-sdk/src/rp2_common/pico_stdio/stdio.c.obj
 .text.stdio_buffered_printer
                0x000000001000445c       0x20 CMakeFiles/hello_usb.dir/home/nvhmh/pico_ws/pico/pico-sdk/src/rp2_common/pico_stdio/stdio.c.obj
 .text.stdout_serialize_begin
                0x000000001000447c       0x5c CMakeFiles/hello_usb.dir/home/nvhmh/pico_ws/pico/pico-sdk/src/rp2_common/pico_stdio/stdio.c.obj
                0x000000001000447c                stdout_serialize_begin
 .text.stdout_serialize_end
                0x00000000100044d8       0x10 CMakeFiles/hello_usb.dir/home/nvhmh/pico_ws/pico/pico-sdk/src/rp2_common/pico_stdio/stdio.c.obj
                0x00000000100044d8                stdout_serialize_end
 .text.stdio_put_string
                0x00000000100044e8       0x98 CMakeFiles/hello_usb.dir/home/nvhmh/pico_ws/pico/pico-sdk/src/rp2_common/pico_stdio/stdio.c.obj
 .text.stdio_set_driver_enabled
                0x0000000010004580       0x2c CMakeFiles/hello_usb.dir/home/nvhmh/pico_ws/pico/pico-sdk/src/rp2_common/pico_stdio/stdio.c.obj
                0x0000000010004580                stdio_set_driver_enabled
 .text.stdio_flush
                0x00000000100045ac       0x20 CMakeFiles/hello_usb.dir/home/nvhmh/pico_ws/pico/pico-sdk/src/rp2_common/pico_stdio/stdio.c.obj
                0x00000000100045ac                stdio_flush
 .text.__wrap_puts
                0x00000000100045cc       0x1e CMakeFiles/hello_usb.dir/home/nvhmh/pico_ws/pico/pico-sdk/src/rp2_common/pico_stdio/stdio.c.obj
                0x00000000100045cc                __wrap_puts
 *fill*         0x00000000100045ea        0x2 
 .text.__wrap_vprintf
                0x00000000100045ec       0x40 CMakeFiles/hello_usb.dir/home/nvhmh/pico_ws/pico/pico-sdk/src/rp2_common/pico_stdio/stdio.c.obj
                0x00000000100045ec                __wrap_vprintf
 .text.__wrap_printf
                0x000000001000462c       0x18 CMakeFiles/hello_usb.dir/home/nvhmh/pico_ws/pico/pico-sdk/src/rp2_common/pico_stdio/stdio.c.obj
                0x000000001000462c                __wrap_printf
 .text.stdio_init_all
                0x0000000010004644        0x8 CMakeFiles/hello_usb.dir/home/nvhmh/pico_ws/pico/pico-sdk/src/rp2_common/pico_stdio/stdio.c.obj
                0x0000000010004644                stdio_init_all
 .text.resetd_init
                0x000000001000464c        0x2 CMakeFiles/hello_usb.dir/home/nvhmh/pico_ws/pico/pico-sdk/src/rp2_common/pico_stdio_usb/reset_interface.c.obj
 *fill*         0x000000001000464e        0x2 
 .text.resetd_reset
                0x0000000010004650        0xc CMakeFiles/hello_usb.dir/home/nvhmh/pico_ws/pico/pico-sdk/src/rp2_common/pico_stdio_usb/reset_interface.c.obj
 .text.resetd_open
                0x000000001000465c       0x34 CMakeFiles/hello_usb.dir/home/nvhmh/pico_ws/pico/pico-sdk/src/rp2_common/pico_stdio_usb/reset_interface.c.obj
 .text.resetd_xfer_cb
                0x0000000010004690        0x4 CMakeFiles/hello_usb.dir/home/nvhmh/pico_ws/pico/pico-sdk/src/rp2_common/pico_stdio_usb/reset_interface.c.obj
 .text.reset_usb_boot
                0x0000000010004694       0x18 CMakeFiles/hello_usb.dir/home/nvhmh/pico_ws/pico/pico-sdk/src/rp2_common/pico_stdio_usb/reset_interface.c.obj
 .text.resetd_control_xfer_cb
                0x00000000100046ac       0x5c CMakeFiles/hello_usb.dir/home/nvhmh/pico_ws/pico/pico-sdk/src/rp2_common/pico_stdio_usb/reset_interface.c.obj
 .text.usbd_app_driver_get_cb
                0x0000000010004708        0xc CMakeFiles/hello_usb.dir/home/nvhmh/pico_ws/pico/pico-sdk/src/rp2_common/pico_stdio_usb/reset_interface.c.obj
                0x0000000010004708                usbd_app_driver_get_cb
 .text.tud_cdc_line_coding_cb
                0x0000000010004714       0x28 CMakeFiles/hello_usb.dir/home/nvhmh/pico_ws/pico/pico-sdk/src/rp2_common/pico_stdio_usb/reset_interface.c.obj
                0x0000000010004714                tud_cdc_line_coding_cb
 .text.stdio_usb_set_chars_available_callback
                0x000000001000473c       0x14 CMakeFiles/hello_usb.dir/home/nvhmh/pico_ws/pico/pico-sdk/src/rp2_common/pico_stdio_usb/stdio_usb.c.obj
                0x000000001000473c                stdio_usb_set_chars_available_callback
 .text.usb_irq  0x0000000010004750       0x10 CMakeFiles/hello_usb.dir/home/nvhmh/pico_ws/pico/pico-sdk/src/rp2_common/pico_stdio_usb/stdio_usb.c.obj
 .text.timer_task
                0x0000000010004760       0x5c CMakeFiles/hello_usb.dir/home/nvhmh/pico_ws/pico/pico-sdk/src/rp2_common/pico_stdio_usb/stdio_usb.c.obj
 .text.low_priority_worker_irq
                0x00000000100047bc       0xdc CMakeFiles/hello_usb.dir/home/nvhmh/pico_ws/pico/pico-sdk/src/rp2_common/pico_stdio_usb/stdio_usb.c.obj
 .text.tud_cdc_rx_cb
                0x0000000010004898       0x20 CMakeFiles/hello_usb.dir/home/nvhmh/pico_ws/pico/pico-sdk/src/rp2_common/pico_stdio_usb/stdio_usb.c.obj
                0x0000000010004898                tud_cdc_rx_cb
 .text.stdio_usb_init
                0x00000000100048b8      0x11c CMakeFiles/hello_usb.dir/home/nvhmh/pico_ws/pico/pico-sdk/src/rp2_common/pico_stdio_usb/stdio_usb.c.obj
                0x00000000100048b8                stdio_usb_init
 .text.stdio_usb_connected
                0x00000000100049d4        0xa CMakeFiles/hello_usb.dir/home/nvhmh/pico_ws/pico/pico-sdk/src/rp2_common/pico_stdio_usb/stdio_usb.c.obj
                0x00000000100049d4                stdio_usb_connected
 *fill*         0x00000000100049de        0x2 
 .text.stdio_usb_in_chars
                0x00000000100049e0       0xc4 CMakeFiles/hello_usb.dir/home/nvhmh/pico_ws/pico/pico-sdk/src/rp2_common/pico_stdio_usb/stdio_usb.c.obj
                0x00000000100049e0                stdio_usb_in_chars
 .text.stdio_usb_out_chars
                0x0000000010004aa4      0x114 CMakeFiles/hello_usb.dir/home/nvhmh/pico_ws/pico/pico-sdk/src/rp2_common/pico_stdio_usb/stdio_usb.c.obj
 .text.tud_descriptor_device_cb
                0x0000000010004bb8        0x8 CMakeFiles/hello_usb.dir/home/nvhmh/pico_ws/pico/pico-sdk/src/rp2_common/pico_stdio_usb/stdio_usb_descriptors.c.obj
                0x0000000010004bb8                tud_descriptor_device_cb
 .text.tud_descriptor_configuration_cb
                0x0000000010004bc0        0x8 CMakeFiles/hello_usb.dir/home/nvhmh/pico_ws/pico/pico-sdk/src/rp2_common/pico_stdio_usb/stdio_usb_descriptors.c.obj
                0x0000000010004bc0                tud_descriptor_configuration_cb
 .text.tud_descriptor_string_cb
                0x0000000010004bc8       0x6c CMakeFiles/hello_usb.dir/home/nvhmh/pico_ws/pico/pico-sdk/src/rp2_common/pico_stdio_usb/stdio_usb_descriptors.c.obj
                0x0000000010004bc8                tud_descriptor_string_cb
 .text._retrieve_unique_id_on_boot
                0x0000000010004c34       0x10 CMakeFiles/hello_usb.dir/home/nvhmh/pico_ws/pico/pico-sdk/src/rp2_common/pico_unique_id/unique_id.c.obj
 .text.pico_get_unique_board_id_string
                0x0000000010004c44       0x60 CMakeFiles/hello_usb.dir/home/nvhmh/pico_ws/pico/pico-sdk/src/rp2_common/pico_unique_id/unique_id.c.obj
                0x0000000010004c44                pico_get_unique_board_id_string
 .text.flash_get_unique_id
                0x0000000010004ca4       0x46 CMakeFiles/hello_usb.dir/home/nvhmh/pico_ws/pico/pico-sdk/src/rp2_common/hardware_flash/flash.c.obj
                0x0000000010004ca4                flash_get_unique_id
 *fill*         0x0000000010004cea        0x2 
 .text.hw_endpoint_get_by_addr
                0x0000000010004cec       0x18 CMakeFiles/hello_usb.dir/home/nvhmh/pico_ws/pico/pico-sdk/lib/tinyusb/src/portable/raspberrypi/rp2040/dcd_rp2040.c.obj
 .text._hw_endpoint_alloc
                0x0000000010004d04       0x70 CMakeFiles/hello_usb.dir/home/nvhmh/pico_ws/pico/pico-sdk/lib/tinyusb/src/portable/raspberrypi/rp2040/dcd_rp2040.c.obj
 .text.hw_endpoint_init
                0x0000000010004d74       0x88 CMakeFiles/hello_usb.dir/home/nvhmh/pico_ws/pico/pico-sdk/lib/tinyusb/src/portable/raspberrypi/rp2040/dcd_rp2040.c.obj
 .text.hw_endpoint_xfer
                0x0000000010004dfc       0x14 CMakeFiles/hello_usb.dir/home/nvhmh/pico_ws/pico/pico-sdk/lib/tinyusb/src/portable/raspberrypi/rp2040/dcd_rp2040.c.obj
 .text.dcd_int_enable
                0x0000000010004e10       0x2c CMakeFiles/hello_usb.dir/home/nvhmh/pico_ws/pico/pico-sdk/lib/tinyusb/src/portable/raspberrypi/rp2040/dcd_rp2040.c.obj
                0x0000000010004e10                dcd_int_enable
 .text.dcd_set_address
                0x0000000010004e3c       0x2c CMakeFiles/hello_usb.dir/home/nvhmh/pico_ws/pico/pico-sdk/lib/tinyusb/src/portable/raspberrypi/rp2040/dcd_rp2040.c.obj
                0x0000000010004e3c                dcd_set_address
 .text.dcd_connect
                0x0000000010004e68       0x10 CMakeFiles/hello_usb.dir/home/nvhmh/pico_ws/pico/pico-sdk/lib/tinyusb/src/portable/raspberrypi/rp2040/dcd_rp2040.c.obj
                0x0000000010004e68                dcd_connect
 .text.dcd_init
                0x0000000010004e78       0x80 CMakeFiles/hello_usb.dir/home/nvhmh/pico_ws/pico/pico-sdk/lib/tinyusb/src/portable/raspberrypi/rp2040/dcd_rp2040.c.obj
                0x0000000010004e78                dcd_init
 .text.dcd_edpt0_status_complete
                0x0000000010004ef8       0x1c CMakeFiles/hello_usb.dir/home/nvhmh/pico_ws/pico/pico-sdk/lib/tinyusb/src/portable/raspberrypi/rp2040/dcd_rp2040.c.obj
                0x0000000010004ef8                dcd_edpt0_status_complete
 .text.dcd_edpt_open
                0x0000000010004f14       0x40 CMakeFiles/hello_usb.dir/home/nvhmh/pico_ws/pico/pico-sdk/lib/tinyusb/src/portable/raspberrypi/rp2040/dcd_rp2040.c.obj
                0x0000000010004f14                dcd_edpt_open
 .text.dcd_edpt_close_all
                0x0000000010004f54        0x8 CMakeFiles/hello_usb.dir/home/nvhmh/pico_ws/pico/pico-sdk/lib/tinyusb/src/portable/raspberrypi/rp2040/dcd_rp2040.c.obj
                0x0000000010004f54                dcd_edpt_close_all
 .text.dcd_edpt_xfer
                0x0000000010004f5c       0x34 CMakeFiles/hello_usb.dir/home/nvhmh/pico_ws/pico/pico-sdk/lib/tinyusb/src/portable/raspberrypi/rp2040/dcd_rp2040.c.obj
                0x0000000010004f5c                dcd_edpt_xfer
 .text.dcd_edpt_stall
                0x0000000010004f90       0x2c CMakeFiles/hello_usb.dir/home/nvhmh/pico_ws/pico/pico-sdk/lib/tinyusb/src/portable/raspberrypi/rp2040/dcd_rp2040.c.obj
                0x0000000010004f90                dcd_edpt_stall
 .text.dcd_edpt_clear_stall
                0x0000000010004fbc       0x20 CMakeFiles/hello_usb.dir/home/nvhmh/pico_ws/pico/pico-sdk/lib/tinyusb/src/portable/raspberrypi/rp2040/dcd_rp2040.c.obj
                0x0000000010004fbc                dcd_edpt_clear_stall
 .text.rp2040_usb_init
                0x0000000010004fdc       0x4c CMakeFiles/hello_usb.dir/home/nvhmh/pico_ws/pico/pico-sdk/lib/tinyusb/src/portable/raspberrypi/rp2040/rp2040_usb.c.obj
                0x0000000010004fdc                rp2040_usb_init
 .text.hw_endpoint_xfer_start
                0x0000000010005028       0x50 CMakeFiles/hello_usb.dir/home/nvhmh/pico_ws/pico/pico-sdk/lib/tinyusb/src/portable/raspberrypi/rp2040/rp2040_usb.c.obj
                0x0000000010005028                hw_endpoint_xfer_start
 .text.configuration_reset
                0x0000000010005078       0x84 CMakeFiles/hello_usb.dir/home/nvhmh/pico_ws/pico/pico-sdk/lib/tinyusb/src/device/usbd.c.obj
 .text.usbd_reset
                0x00000000100050fc        0xc CMakeFiles/hello_usb.dir/home/nvhmh/pico_ws/pico/pico-sdk/lib/tinyusb/src/device/usbd.c.obj
 .text.invoke_class_control
                0x0000000010005108       0x1a CMakeFiles/hello_usb.dir/home/nvhmh/pico_ws/pico/pico-sdk/lib/tinyusb/src/device/usbd.c.obj
 *fill*         0x0000000010005122        0x2 
 .text.process_set_config
                0x0000000010005124      0x178 CMakeFiles/hello_usb.dir/home/nvhmh/pico_ws/pico/pico-sdk/lib/tinyusb/src/device/usbd.c.obj
 .text.process_get_descriptor
                0x000000001000529c       0xdc CMakeFiles/hello_usb.dir/home/nvhmh/pico_ws/pico/pico-sdk/lib/tinyusb/src/device/usbd.c.obj
 .text.tud_mounted
                0x0000000010005378       0x10 CMakeFiles/hello_usb.dir/home/nvhmh/pico_ws/pico/pico-sdk/lib/tinyusb/src/device/usbd.c.obj
                0x0000000010005378                tud_mounted
 .text.tud_suspended
                0x0000000010005388       0x10 CMakeFiles/hello_usb.dir/home/nvhmh/pico_ws/pico/pico-sdk/lib/tinyusb/src/device/usbd.c.obj
                0x0000000010005388                tud_suspended
 .text.tud_inited
                0x0000000010005398       0x14 CMakeFiles/hello_usb.dir/home/nvhmh/pico_ws/pico/pico-sdk/lib/tinyusb/src/device/usbd.c.obj
                0x0000000010005398                tud_inited
 .text.tud_init
                0x00000000100053ac       0xcc CMakeFiles/hello_usb.dir/home/nvhmh/pico_ws/pico/pico-sdk/lib/tinyusb/src/device/usbd.c.obj
                0x00000000100053ac                tud_init
 .text.usbd_defer_func
                0x0000000010005478       0x2a CMakeFiles/hello_usb.dir/home/nvhmh/pico_ws/pico/pico-sdk/lib/tinyusb/src/device/usbd.c.obj
                0x0000000010005478                usbd_defer_func
 *fill*         0x00000000100054a2        0x2 
 .text.usbd_edpt_open
                0x00000000100054a4       0x34 CMakeFiles/hello_usb.dir/home/nvhmh/pico_ws/pico/pico-sdk/lib/tinyusb/src/device/usbd.c.obj
                0x00000000100054a4                usbd_edpt_open
 .text.usbd_open_edpt_pair
                0x00000000100054d8       0x62 CMakeFiles/hello_usb.dir/home/nvhmh/pico_ws/pico/pico-sdk/lib/tinyusb/src/device/usbd.c.obj
                0x00000000100054d8                usbd_open_edpt_pair
 *fill*         0x000000001000553a        0x2 
 .text.usbd_edpt_claim
                0x000000001000553c       0x28 CMakeFiles/hello_usb.dir/home/nvhmh/pico_ws/pico/pico-sdk/lib/tinyusb/src/device/usbd.c.obj
                0x000000001000553c                usbd_edpt_claim
 .text.usbd_edpt_release
                0x0000000010005564       0x28 CMakeFiles/hello_usb.dir/home/nvhmh/pico_ws/pico/pico-sdk/lib/tinyusb/src/device/usbd.c.obj
                0x0000000010005564                usbd_edpt_release
 .text.usbd_edpt_xfer
                0x000000001000558c       0x78 CMakeFiles/hello_usb.dir/home/nvhmh/pico_ws/pico/pico-sdk/lib/tinyusb/src/device/usbd.c.obj
                0x000000001000558c                usbd_edpt_xfer
 .text.usbd_edpt_stall
                0x0000000010005604       0x48 CMakeFiles/hello_usb.dir/home/nvhmh/pico_ws/pico/pico-sdk/lib/tinyusb/src/device/usbd.c.obj
                0x0000000010005604                usbd_edpt_stall
 .text.usbd_edpt_clear_stall
                0x000000001000564c       0x48 CMakeFiles/hello_usb.dir/home/nvhmh/pico_ws/pico/pico-sdk/lib/tinyusb/src/device/usbd.c.obj
                0x000000001000564c                usbd_edpt_clear_stall
 .text.usbd_edpt_stalled
                0x0000000010005694       0x1c CMakeFiles/hello_usb.dir/home/nvhmh/pico_ws/pico/pico-sdk/lib/tinyusb/src/device/usbd.c.obj
                0x0000000010005694                usbd_edpt_stalled
 .text.process_control_request
                0x00000000100056b0      0x37c CMakeFiles/hello_usb.dir/home/nvhmh/pico_ws/pico/pico-sdk/lib/tinyusb/src/device/usbd.c.obj
 .text.tud_task_ext
                0x0000000010005a2c      0x1b8 CMakeFiles/hello_usb.dir/home/nvhmh/pico_ws/pico/pico-sdk/lib/tinyusb/src/device/usbd.c.obj
                0x0000000010005a2c                tud_task_ext
 .text._data_stage_xact
                0x0000000010005be4       0x58 CMakeFiles/hello_usb.dir/home/nvhmh/pico_ws/pico/pico-sdk/lib/tinyusb/src/device/usbd_control.c.obj
 .text.tud_control_status
                0x0000000010005c3c       0x38 CMakeFiles/hello_usb.dir/home/nvhmh/pico_ws/pico/pico-sdk/lib/tinyusb/src/device/usbd_control.c.obj
                0x0000000010005c3c                tud_control_status
 .text.tud_control_xfer
                0x0000000010005c74       0x74 CMakeFiles/hello_usb.dir/home/nvhmh/pico_ws/pico/pico-sdk/lib/tinyusb/src/device/usbd_control.c.obj
                0x0000000010005c74                tud_control_xfer
 .text.usbd_control_reset
                0x0000000010005ce8       0x14 CMakeFiles/hello_usb.dir/home/nvhmh/pico_ws/pico/pico-sdk/lib/tinyusb/src/device/usbd_control.c.obj
                0x0000000010005ce8                usbd_control_reset
 .text.usbd_control_set_complete_callback
                0x0000000010005cfc        0xc CMakeFiles/hello_usb.dir/home/nvhmh/pico_ws/pico/pico-sdk/lib/tinyusb/src/device/usbd_control.c.obj
                0x0000000010005cfc                usbd_control_set_complete_callback
 .text.usbd_control_set_request
                0x0000000010005d08       0x1c CMakeFiles/hello_usb.dir/home/nvhmh/pico_ws/pico/pico-sdk/lib/tinyusb/src/device/usbd_control.c.obj
                0x0000000010005d08                usbd_control_set_request
 .text.usbd_control_xfer_cb
                0x0000000010005d24       0xcc CMakeFiles/hello_usb.dir/home/nvhmh/pico_ws/pico/pico-sdk/lib/tinyusb/src/device/usbd_control.c.obj
                0x0000000010005d24                usbd_control_xfer_cb
 .text._prep_out_transaction
                0x0000000010005df0       0x4a CMakeFiles/hello_usb.dir/home/nvhmh/pico_ws/pico/pico-sdk/lib/tinyusb/src/class/cdc/cdc_device.c.obj
 *fill*         0x0000000010005e3a        0x2 
 .text.tud_cdc_n_connected
                0x0000000010005e3c       0x44 CMakeFiles/hello_usb.dir/home/nvhmh/pico_ws/pico/pico-sdk/lib/tinyusb/src/class/cdc/cdc_device.c.obj
                0x0000000010005e3c                tud_cdc_n_connected
 .text.tud_cdc_n_available
                0x0000000010005e80       0x18 CMakeFiles/hello_usb.dir/home/nvhmh/pico_ws/pico/pico-sdk/lib/tinyusb/src/class/cdc/cdc_device.c.obj
                0x0000000010005e80                tud_cdc_n_available
 .text.tud_cdc_n_read
                0x0000000010005e98       0x28 CMakeFiles/hello_usb.dir/home/nvhmh/pico_ws/pico/pico-sdk/lib/tinyusb/src/class/cdc/cdc_device.c.obj
                0x0000000010005e98                tud_cdc_n_read
 .text.tud_cdc_n_write_flush
                0x0000000010005ec0       0xb8 CMakeFiles/hello_usb.dir/home/nvhmh/pico_ws/pico/pico-sdk/lib/tinyusb/src/class/cdc/cdc_device.c.obj
                0x0000000010005ec0                tud_cdc_n_write_flush
 .text.tud_cdc_n_write
                0x0000000010005f78       0x38 CMakeFiles/hello_usb.dir/home/nvhmh/pico_ws/pico/pico-sdk/lib/tinyusb/src/class/cdc/cdc_device.c.obj
                0x0000000010005f78                tud_cdc_n_write
 .text.tud_cdc_n_write_available
                0x0000000010005fb0       0x1c CMakeFiles/hello_usb.dir/home/nvhmh/pico_ws/pico/pico-sdk/lib/tinyusb/src/class/cdc/cdc_device.c.obj
                0x0000000010005fb0                tud_cdc_n_write_available
 .text.cdcd_init
                0x0000000010005fcc       0xbc CMakeFiles/hello_usb.dir/home/nvhmh/pico_ws/pico/pico-sdk/lib/tinyusb/src/class/cdc/cdc_device.c.obj
                0x0000000010005fcc                cdcd_init
 .text.cdcd_reset
                0x0000000010006088       0x44 CMakeFiles/hello_usb.dir/home/nvhmh/pico_ws/pico/pico-sdk/lib/tinyusb/src/class/cdc/cdc_device.c.obj
                0x0000000010006088                cdcd_reset
 .text.cdcd_open
                0x00000000100060cc       0xcc CMakeFiles/hello_usb.dir/home/nvhmh/pico_ws/pico/pico-sdk/lib/tinyusb/src/class/cdc/cdc_device.c.obj
                0x00000000100060cc                cdcd_open
 .text.cdcd_control_xfer_cb
                0x0000000010006198      0x134 CMakeFiles/hello_usb.dir/home/nvhmh/pico_ws/pico/pico-sdk/lib/tinyusb/src/class/cdc/cdc_device.c.obj
                0x0000000010006198                cdcd_control_xfer_cb
 .text.cdcd_xfer_cb
                0x00000000100062cc      0x130 CMakeFiles/hello_usb.dir/home/nvhmh/pico_ws/pico/pico-sdk/lib/tinyusb/src/class/cdc/cdc_device.c.obj
                0x00000000100062cc                cdcd_xfer_cb
 .text.tusb_init
                0x00000000100063fc        0xa CMakeFiles/hello_usb.dir/home/nvhmh/pico_ws/pico/pico-sdk/lib/tinyusb/src/tusb.c.obj
                0x00000000100063fc                tusb_init
 .text.tusb_inited
                0x0000000010006406        0xe CMakeFiles/hello_usb.dir/home/nvhmh/pico_ws/pico/pico-sdk/lib/tinyusb/src/tusb.c.obj
                0x0000000010006406                tusb_inited
 .text.tu_edpt_claim
                0x0000000010006414       0x50 CMakeFiles/hello_usb.dir/home/nvhmh/pico_ws/pico/pico-sdk/lib/tinyusb/src/tusb.c.obj
                0x0000000010006414                tu_edpt_claim
 .text.tu_edpt_release
                0x0000000010006464       0x3c CMakeFiles/hello_usb.dir/home/nvhmh/pico_ws/pico/pico-sdk/lib/tinyusb/src/tusb.c.obj
                0x0000000010006464                tu_edpt_release
 .text.tu_edpt_validate
                0x00000000100064a0       0x78 CMakeFiles/hello_usb.dir/home/nvhmh/pico_ws/pico/pico-sdk/lib/tinyusb/src/tusb.c.obj
                0x00000000100064a0                tu_edpt_validate
 .text.tu_edpt_bind_driver
                0x0000000010006518       0x26 CMakeFiles/hello_usb.dir/home/nvhmh/pico_ws/pico/pico-sdk/lib/tinyusb/src/tusb.c.obj
                0x0000000010006518                tu_edpt_bind_driver
 .text.advance_index
                0x000000001000653e       0x1a CMakeFiles/hello_usb.dir/home/nvhmh/pico_ws/pico/pico-sdk/lib/tinyusb/src/common/tusb_fifo.c.obj
 .text._tu_fifo_peek
                0x0000000010006558       0x56 CMakeFiles/hello_usb.dir/home/nvhmh/pico_ws/pico/pico-sdk/lib/tinyusb/src/common/tusb_fifo.c.obj
 .text._ff_pull_const_addr
                0x00000000100065ae       0x4c CMakeFiles/hello_usb.dir/home/nvhmh/pico_ws/pico/pico-sdk/lib/tinyusb/src/common/tusb_fifo.c.obj
 .text._ff_pull_n
                0x00000000100065fa      0x110 CMakeFiles/hello_usb.dir/home/nvhmh/pico_ws/pico/pico-sdk/lib/tinyusb/src/common/tusb_fifo.c.obj
 .text._tu_fifo_peek_n
                0x000000001000670a       0x6a CMakeFiles/hello_usb.dir/home/nvhmh/pico_ws/pico/pico-sdk/lib/tinyusb/src/common/tusb_fifo.c.obj
 .text._tu_fifo_read_n
                0x0000000010006774       0x4e CMakeFiles/hello_usb.dir/home/nvhmh/pico_ws/pico/pico-sdk/lib/tinyusb/src/common/tusb_fifo.c.obj
 .text._ff_push_const_addr
                0x00000000100067c2       0x40 CMakeFiles/hello_usb.dir/home/nvhmh/pico_ws/pico/pico-sdk/lib/tinyusb/src/common/tusb_fifo.c.obj
 .text._ff_push_n
                0x0000000010006802      0x10c CMakeFiles/hello_usb.dir/home/nvhmh/pico_ws/pico/pico-sdk/lib/tinyusb/src/common/tusb_fifo.c.obj
 .text._tu_fifo_write_n
                0x000000001000690e       0xf0 CMakeFiles/hello_usb.dir/home/nvhmh/pico_ws/pico/pico-sdk/lib/tinyusb/src/common/tusb_fifo.c.obj
 .text.tu_fifo_config
                0x00000000100069fe       0x7c CMakeFiles/hello_usb.dir/home/nvhmh/pico_ws/pico/pico-sdk/lib/tinyusb/src/common/tusb_fifo.c.obj
                0x00000000100069fe                tu_fifo_config
 .text.tu_fifo_count
                0x0000000010006a7a       0x2a CMakeFiles/hello_usb.dir/home/nvhmh/pico_ws/pico/pico-sdk/lib/tinyusb/src/common/tusb_fifo.c.obj
                0x0000000010006a7a                tu_fifo_count
 .text.tu_fifo_empty
                0x0000000010006aa4       0x10 CMakeFiles/hello_usb.dir/home/nvhmh/pico_ws/pico/pico-sdk/lib/tinyusb/src/common/tusb_fifo.c.obj
                0x0000000010006aa4                tu_fifo_empty
 .text.tu_fifo_full
                0x0000000010006ab4       0x28 CMakeFiles/hello_usb.dir/home/nvhmh/pico_ws/pico/pico-sdk/lib/tinyusb/src/common/tusb_fifo.c.obj
                0x0000000010006ab4                tu_fifo_full
 .text.tu_fifo_remaining
                0x0000000010006adc       0x2c CMakeFiles/hello_usb.dir/home/nvhmh/pico_ws/pico/pico-sdk/lib/tinyusb/src/common/tusb_fifo.c.obj
                0x0000000010006adc                tu_fifo_remaining
 .text.tu_fifo_read
                0x0000000010006b08       0x42 CMakeFiles/hello_usb.dir/home/nvhmh/pico_ws/pico/pico-sdk/lib/tinyusb/src/common/tusb_fifo.c.obj
                0x0000000010006b08                tu_fifo_read
 .text.tu_fifo_read_n
                0x0000000010006b4a        0xa CMakeFiles/hello_usb.dir/home/nvhmh/pico_ws/pico/pico-sdk/lib/tinyusb/src/common/tusb_fifo.c.obj
                0x0000000010006b4a                tu_fifo_read_n
 .text.tu_fifo_write
                0x0000000010006b54       0x64 CMakeFiles/hello_usb.dir/home/nvhmh/pico_ws/pico/pico-sdk/lib/tinyusb/src/common/tusb_fifo.c.obj
                0x0000000010006b54                tu_fifo_write
 .text.tu_fifo_write_n
                0x0000000010006bb8        0xa CMakeFiles/hello_usb.dir/home/nvhmh/pico_ws/pico/pico-sdk/lib/tinyusb/src/common/tusb_fifo.c.obj
                0x0000000010006bb8                tu_fifo_write_n
 .text.tu_fifo_clear
                0x0000000010006bc2       0x3e CMakeFiles/hello_usb.dir/home/nvhmh/pico_ws/pico/pico-sdk/lib/tinyusb/src/common/tusb_fifo.c.obj
                0x0000000010006bc2                tu_fifo_clear
 .text.tu_fifo_set_overwritable
                0x0000000010006c00       0x46 CMakeFiles/hello_usb.dir/home/nvhmh/pico_ws/pico/pico-sdk/lib/tinyusb/src/common/tusb_fifo.c.obj
                0x0000000010006c00                tu_fifo_set_overwritable
 *fill*         0x0000000010006c46        0x2 
 .text          0x0000000010006c48       0x5c /usr/lib/gcc/arm-none-eabi/10.3.1/../../../arm-none-eabi/lib/thumb/v6-m/nofp/libg.a(lib_a-strlen-stub.o)
                0x0000000010006c48                strlen
 *(.fini)
 .fini          0x0000000010006ca4        0x4 /usr/lib/gcc/arm-none-eabi/10.3.1/thumb/v6-m/nofp/crti.o
                0x0000000010006ca4                _fini
 .fini.__stub   0x0000000010006ca8       0xe0 linker stubs
 *crtbegin.o(.ctors)
 *crtbegin?.o(.ctors)
 *(EXCLUDE_FILE(*crtend.o *crtend?.o) .ctors)
 *(SORT_BY_NAME(.ctors.*))
 *(.ctors)
 *crtbegin.o(.dtors)
 *crtbegin?.o(.dtors)
 *(EXCLUDE_FILE(*crtend.o *crtend?.o) .dtors)
 *(SORT_BY_NAME(.dtors.*))
 *(.dtors)
 *(.eh_frame*)
 .eh_frame      0x0000000010006d88        0x0 /usr/lib/gcc/arm-none-eabi/10.3.1/thumb/v6-m/nofp/crtbegin.o
                0x0000000010006d88                . = ALIGN (0x4)

.glue_7         0x0000000010006d88        0x0
 .glue_7        0x0000000010006d88        0x0 linker stubs

.glue_7t        0x0000000010006d88        0x0
 .glue_7t       0x0000000010006d88        0x0 linker stubs

.vfp11_veneer   0x0000000010006d88        0x0
 .vfp11_veneer  0x0000000010006d88        0x0 linker stubs

.v4_bx          0x0000000010006d88        0x0
 .v4_bx         0x0000000010006d88        0x0 linker stubs

.iplt           0x0000000010006d88        0x0
 .iplt          0x0000000010006d88        0x0 /usr/lib/gcc/arm-none-eabi/10.3.1/thumb/v6-m/nofp/crtbegin.o

.rodata         0x0000000010006d88     0x1624
 *(EXCLUDE_FILE(*libm.a: *libc.a:*lib_a-mem*.o *libgcc.a:) .rodata*)
 .rodata.main.str1.4
                0x0000000010006d88        0xe CMakeFiles/hello_usb.dir/hello_usb.c.obj
 *fill*         0x0000000010006d96        0x2 
 .rodata.spin_lock_claim_unused.str1.4
                0x0000000010006d98       0x1b CMakeFiles/hello_usb.dir/home/nvhmh/pico_ws/pico/pico-sdk/src/rp2_common/hardware_sync/sync.c.obj
 *fill*         0x0000000010006db3        0x1 
 .rodata.make_branch.str1.4
                0x0000000010006db4       0x74 CMakeFiles/hello_usb.dir/home/nvhmh/pico_ws/pico/pico-sdk/src/rp2_common/hardware_irq/irq.c.obj
 .rodata.insert_branch_and_link.str1.4
                0x0000000010006e28       0x10 CMakeFiles/hello_usb.dir/home/nvhmh/pico_ws/pico/pico-sdk/src/rp2_common/hardware_irq/irq.c.obj
 .rodata.irq_set_exclusive_handler.str1.4
                0x0000000010006e38       0x36 CMakeFiles/hello_usb.dir/home/nvhmh/pico_ws/pico/pico-sdk/src/rp2_common/hardware_irq/irq.c.obj
 *fill*         0x0000000010006e6e        0x2 
 .rodata.irq_add_shared_handler.str1.4
                0x0000000010006e70       0xd9 CMakeFiles/hello_usb.dir/home/nvhmh/pico_ws/pico/pico-sdk/src/rp2_common/hardware_irq/irq.c.obj
 *fill*         0x0000000010006f49        0x3 
 .rodata.irq_remove_handler.str1.4
                0x0000000010006f4c       0x3a CMakeFiles/hello_usb.dir/home/nvhmh/pico_ws/pico/pico-sdk/src/rp2_common/hardware_irq/irq.c.obj
 *fill*         0x0000000010006f86        0x2 
 .rodata.irq_add_tail_to_free_list.str1.4
                0x0000000010006f88       0x3a CMakeFiles/hello_usb.dir/home/nvhmh/pico_ws/pico/pico-sdk/src/rp2_common/hardware_irq/irq.c.obj
 *fill*         0x0000000010006fc2        0x2 
 .rodata.user_irq_claim_unused.str1.4
                0x0000000010006fc4       0x1b CMakeFiles/hello_usb.dir/home/nvhmh/pico_ws/pico/pico-sdk/src/rp2_common/hardware_irq/irq.c.obj
 *fill*         0x0000000010006fdf        0x1 
 .rodata.__func__.0
                0x0000000010006fe0       0x1a CMakeFiles/hello_usb.dir/home/nvhmh/pico_ws/pico/pico-sdk/src/rp2_common/hardware_irq/irq.c.obj
 *fill*         0x0000000010006ffa        0x2 
 .rodata.__func__.1
                0x0000000010006ffc       0x17 CMakeFiles/hello_usb.dir/home/nvhmh/pico_ws/pico/pico-sdk/src/rp2_common/hardware_irq/irq.c.obj
 *fill*         0x0000000010007013        0x1 
 .rodata.__func__.2
                0x0000000010007014       0x13 CMakeFiles/hello_usb.dir/home/nvhmh/pico_ws/pico/pico-sdk/src/rp2_common/hardware_irq/irq.c.obj
 *fill*         0x0000000010007027        0x1 
 .rodata.__func__.3
                0x0000000010007028        0xc CMakeFiles/hello_usb.dir/home/nvhmh/pico_ws/pico/pico-sdk/src/rp2_common/hardware_irq/irq.c.obj
 .rodata.__func__.4
                0x0000000010007034        0xf CMakeFiles/hello_usb.dir/home/nvhmh/pico_ws/pico/pico-sdk/src/rp2_common/hardware_irq/irq.c.obj
 *fill*         0x0000000010007043        0x1 
 .rodata.__func__.5
                0x0000000010007044       0x17 CMakeFiles/hello_usb.dir/home/nvhmh/pico_ws/pico/pico-sdk/src/rp2_common/hardware_irq/irq.c.obj
 *fill*         0x000000001000705b        0x1 
 .rodata.__func__.6
                0x000000001000705c       0x1a CMakeFiles/hello_usb.dir/home/nvhmh/pico_ws/pico/pico-sdk/src/rp2_common/hardware_irq/irq.c.obj
 *fill*         0x0000000010007076        0x2 
 .rodata.str1.4
                0x0000000010007078       0xf9 CMakeFiles/hello_usb.dir/home/nvhmh/pico_ws/pico/pico-sdk/src/common/pico_sync/mutex.c.obj
 *fill*         0x0000000010007171        0x3 
 .rodata.__func__.1
                0x0000000010007174        0xb CMakeFiles/hello_usb.dir/home/nvhmh/pico_ws/pico/pico-sdk/src/common/pico_sync/mutex.c.obj
 *fill*         0x000000001000717f        0x1 
 .rodata.__func__.3
                0x0000000010007180       0x18 CMakeFiles/hello_usb.dir/home/nvhmh/pico_ws/pico/pico-sdk/src/common/pico_sync/mutex.c.obj
 .rodata.__func__.4
                0x0000000010007198       0x15 CMakeFiles/hello_usb.dir/home/nvhmh/pico_ws/pico/pico-sdk/src/common/pico_sync/mutex.c.obj
 *fill*         0x00000000100071ad        0x3 
 .rodata.repeating_timer_callback.str1.4
                0x00000000100071b0       0x52 CMakeFiles/hello_usb.dir/home/nvhmh/pico_ws/pico/pico-sdk/src/common/pico_time/time.c.obj
 *fill*         0x0000000010007202        0x2 
 .rodata.timer_pool_entry_comparator.str1.4
                0x0000000010007204       0x22 CMakeFiles/hello_usb.dir/home/nvhmh/pico_ws/pico/pico-sdk/src/common/pico_time/time.c.obj
 *fill*         0x0000000010007226        0x2 
 .rodata.ph_add_child_node.str1.4
                0x0000000010007228       0x9e CMakeFiles/hello_usb.dir/home/nvhmh/pico_ws/pico/pico-sdk/src/common/pico_time/time.c.obj
 *fill*         0x00000000100072c6        0x2 
 .rodata.add_alarm_under_lock.str1.4
                0x00000000100072c8       0x28 CMakeFiles/hello_usb.dir/home/nvhmh/pico_ws/pico/pico-sdk/src/common/pico_time/time.c.obj
                                         0x2b (size before relaxing)
 .rodata.alarm_pool_alarm_callback.str1.4
                0x00000000100072f0       0x98 CMakeFiles/hello_usb.dir/home/nvhmh/pico_ws/pico/pico-sdk/src/common/pico_time/time.c.obj
                                        0x100 (size before relaxing)
 .rodata.alarm_pool_get_default.str1.4
                0x0000000010007388       0x21 CMakeFiles/hello_usb.dir/home/nvhmh/pico_ws/pico/pico-sdk/src/common/pico_time/time.c.obj
 *fill*         0x00000000100073a9        0x3 
 .rodata.alarm_pool_cancel_alarm.str1.4
                0x00000000100073ac       0x27 CMakeFiles/hello_usb.dir/home/nvhmh/pico_ws/pico/pico-sdk/src/common/pico_time/time.c.obj
 *fill*         0x00000000100073d3        0x1 
 .rodata.sleep_until.str1.4
                0x00000000100073d4       0x4d CMakeFiles/hello_usb.dir/home/nvhmh/pico_ws/pico/pico-sdk/src/common/pico_time/time.c.obj
 *fill*         0x0000000010007421        0x3 
 .rodata.__func__.1
                0x0000000010007424       0x18 CMakeFiles/hello_usb.dir/home/nvhmh/pico_ws/pico/pico-sdk/src/common/pico_time/time.c.obj
 .rodata.__func__.10
                0x000000001000743c       0x15 CMakeFiles/hello_usb.dir/home/nvhmh/pico_ws/pico/pico-sdk/src/common/pico_time/time.c.obj
 *fill*         0x0000000010007451        0x3 
 .rodata.__func__.11
                0x0000000010007454       0x1a CMakeFiles/hello_usb.dir/home/nvhmh/pico_ws/pico/pico-sdk/src/common/pico_time/time.c.obj
 *fill*         0x000000001000746e        0x2 
 .rodata.__func__.12
                0x0000000010007470        0xa CMakeFiles/hello_usb.dir/home/nvhmh/pico_ws/pico/pico-sdk/src/common/pico_time/time.c.obj
 *fill*         0x000000001000747a        0x2 
 .rodata.__func__.3
                0x000000001000747c       0x17 CMakeFiles/hello_usb.dir/home/nvhmh/pico_ws/pico/pico-sdk/src/common/pico_time/time.c.obj
 *fill*         0x0000000010007493        0x1 
 .rodata.__func__.4
                0x0000000010007494       0x12 CMakeFiles/hello_usb.dir/home/nvhmh/pico_ws/pico/pico-sdk/src/common/pico_time/time.c.obj
 *fill*         0x00000000100074a6        0x2 
 .rodata.__func__.5
                0x00000000100074a8        0xd CMakeFiles/hello_usb.dir/home/nvhmh/pico_ws/pico/pico-sdk/src/common/pico_time/time.c.obj
 *fill*         0x00000000100074b5        0x3 
 .rodata.__func__.6
                0x00000000100074b8       0x12 CMakeFiles/hello_usb.dir/home/nvhmh/pico_ws/pico/pico-sdk/src/common/pico_time/time.c.obj
 *fill*         0x00000000100074ca        0x2 
 .rodata.__func__.7
                0x00000000100074cc        0xf CMakeFiles/hello_usb.dir/home/nvhmh/pico_ws/pico/pico-sdk/src/common/pico_time/time.c.obj
 *fill*         0x00000000100074db        0x1 
 .rodata.__func__.8
                0x00000000100074dc        0xc CMakeFiles/hello_usb.dir/home/nvhmh/pico_ws/pico/pico-sdk/src/common/pico_time/time.c.obj
 .rodata.__func__.9
                0x00000000100074e8       0x15 CMakeFiles/hello_usb.dir/home/nvhmh/pico_ws/pico/pico-sdk/src/common/pico_time/time.c.obj
 *fill*         0x00000000100074fd        0x3 
 .rodata.hardware_alarm_claim.str1.4
                0x0000000010007500       0x22 CMakeFiles/hello_usb.dir/home/nvhmh/pico_ws/pico/pico-sdk/src/rp2_common/hardware_timer/timer.c.obj
 *fill*         0x0000000010007522        0x2 
 .rodata.hardware_alarm_set_target.str1.4
                0x0000000010007524       0x6c CMakeFiles/hello_usb.dir/home/nvhmh/pico_ws/pico/pico-sdk/src/rp2_common/hardware_timer/timer.c.obj
 .rodata.__func__.0
                0x0000000010007590       0x1a CMakeFiles/hello_usb.dir/home/nvhmh/pico_ws/pico/pico-sdk/src/rp2_common/hardware_timer/timer.c.obj
 .rodata.ph_add_child_node.str1.4
                0x00000000100075aa       0x9e CMakeFiles/hello_usb.dir/home/nvhmh/pico_ws/pico/pico-sdk/src/common/pico_util/pheap.c.obj
 *fill*         0x00000000100075aa        0x2 
 .rodata.ph_remove_any_head.str1.4
                0x00000000100075ac       0x94 CMakeFiles/hello_usb.dir/home/nvhmh/pico_ws/pico/pico-sdk/src/common/pico_util/pheap.c.obj
                                         0xa8 (size before relaxing)
 .rodata.ph_remove_and_free_node.str1.4
                0x0000000010007640       0x1e CMakeFiles/hello_usb.dir/home/nvhmh/pico_ws/pico/pico-sdk/src/common/pico_util/pheap.c.obj
                                         0x26 (size before relaxing)
 *fill*         0x000000001000765e        0x2 
 .rodata.__func__.0
                0x0000000010007660       0x18 CMakeFiles/hello_usb.dir/home/nvhmh/pico_ws/pico/pico-sdk/src/common/pico_util/pheap.c.obj
 .rodata.__func__.1
                0x0000000010007678       0x13 CMakeFiles/hello_usb.dir/home/nvhmh/pico_ws/pico/pico-sdk/src/common/pico_util/pheap.c.obj
 *fill*         0x000000001000768b        0x1 
 .rodata.__func__.2
                0x000000001000768c       0x12 CMakeFiles/hello_usb.dir/home/nvhmh/pico_ws/pico/pico-sdk/src/common/pico_util/pheap.c.obj
 *fill*         0x000000001000769e        0x2 
 .rodata.__func__.3
                0x00000000100076a0        0xc CMakeFiles/hello_usb.dir/home/nvhmh/pico_ws/pico/pico-sdk/src/common/pico_util/pheap.c.obj
 .rodata.clock_configure.str1.4
                0x00000000100076ac       0x5e CMakeFiles/hello_usb.dir/home/nvhmh/pico_ws/pico/pico-sdk/src/rp2_common/hardware_clocks/clocks.c.obj
 *fill*         0x000000001000770a        0x2 
 .rodata.__func__.1
                0x000000001000770c       0x10 CMakeFiles/hello_usb.dir/home/nvhmh/pico_ws/pico/pico-sdk/src/rp2_common/hardware_clocks/clocks.c.obj
 .rodata.pll_init.str1.4
                0x000000001000771c      0x128 CMakeFiles/hello_usb.dir/home/nvhmh/pico_ws/pico/pico-sdk/src/rp2_common/hardware_pll/pll.c.obj
 .rodata.__func__.0
                0x0000000010007844        0x9 CMakeFiles/hello_usb.dir/home/nvhmh/pico_ws/pico/pico-sdk/src/rp2_common/hardware_pll/pll.c.obj
 *fill*         0x000000001000784d        0x3 
 .rodata.__assert_func.str1.4
                0x0000000010007850       0x3f CMakeFiles/hello_usb.dir/home/nvhmh/pico_ws/pico/pico-sdk/src/rp2_common/pico_runtime/runtime.c.obj
                                         0x43 (size before relaxing)
 *fill*         0x000000001000788f        0x1 
 .rodata.runtime_init.str1.4
                0x0000000010007890       0x68 CMakeFiles/hello_usb.dir/home/nvhmh/pico_ws/pico/pico-sdk/src/rp2_common/pico_runtime/runtime.c.obj
 .rodata.panic.str1.4
                0x00000000100078f8       0x12 CMakeFiles/hello_usb.dir/home/nvhmh/pico_ws/pico/pico-sdk/src/rp2_common/pico_runtime/runtime.c.obj
 *fill*         0x000000001000790a        0x2 
 .rodata.__func__.2
                0x000000001000790c        0xd CMakeFiles/hello_usb.dir/home/nvhmh/pico_ws/pico/pico-sdk/src/rp2_common/pico_runtime/runtime.c.obj
 *fill*         0x0000000010007919        0x3 
 .rodata._ftoa.str1.4
                0x000000001000791c       0x15 CMakeFiles/hello_usb.dir/home/nvhmh/pico_ws/pico/pico-sdk/src/rp2_common/pico_printf/printf.c.obj
 *fill*         0x0000000010007931        0x3 
 .rodata._vsnprintf
                0x0000000010007934      0x1e0 CMakeFiles/hello_usb.dir/home/nvhmh/pico_ws/pico/pico-sdk/src/rp2_common/pico_printf/printf.c.obj
 *fill*         0x0000000010007b14        0x4 
 .rodata.pow10.0
                0x0000000010007b18       0x50 CMakeFiles/hello_usb.dir/home/nvhmh/pico_ws/pico/pico-sdk/src/rp2_common/pico_printf/printf.c.obj
 .rodata.__aeabi_double_init.str1.4
                0x0000000010007b68       0xa3 CMakeFiles/hello_usb.dir/home/nvhmh/pico_ws/pico/pico-sdk/src/rp2_common/pico_double/double_init_rom.c.obj
 *fill*         0x0000000010007c0b        0x1 
 .rodata.__func__.0
                0x0000000010007c0c       0x14 CMakeFiles/hello_usb.dir/home/nvhmh/pico_ws/pico/pico-sdk/src/rp2_common/pico_double/double_init_rom.c.obj
 .rodata.__aeabi_float_init.str1.4
                0x0000000010007c20       0x81 CMakeFiles/hello_usb.dir/home/nvhmh/pico_ws/pico/pico-sdk/src/rp2_common/pico_float/float_init_rom.c.obj
                                         0x85 (size before relaxing)
 *fill*         0x0000000010007ca1        0x3 
 .rodata.__func__.0
                0x0000000010007ca4       0x13 CMakeFiles/hello_usb.dir/home/nvhmh/pico_ws/pico/pico-sdk/src/rp2_common/pico_float/float_init_rom.c.obj
 *fill*         0x0000000010007cb7        0x1 
 .rodata.str1.4
                0x0000000010007cb8       0x88 CMakeFiles/hello_usb.dir/home/nvhmh/pico_ws/pico/pico-sdk/src/rp2_common/pico_standard_link/binary_info.c.obj
 .rodata.__bi_44
                0x0000000010007d40        0xc CMakeFiles/hello_usb.dir/home/nvhmh/pico_ws/pico/pico-sdk/src/rp2_common/pico_standard_link/binary_info.c.obj
 .rodata.__bi_69
                0x0000000010007d4c        0xc CMakeFiles/hello_usb.dir/home/nvhmh/pico_ws/pico/pico-sdk/src/rp2_common/pico_standard_link/binary_info.c.obj
 .rodata.__bi_75
                0x0000000010007d58        0xc CMakeFiles/hello_usb.dir/home/nvhmh/pico_ws/pico/pico-sdk/src/rp2_common/pico_standard_link/binary_info.c.obj
 .rodata.__bi_81
                0x0000000010007d64        0xc CMakeFiles/hello_usb.dir/home/nvhmh/pico_ws/pico/pico-sdk/src/rp2_common/pico_standard_link/binary_info.c.obj
 .rodata.stdout_serialize_begin.str1.4
                0x0000000010007d70       0x68 CMakeFiles/hello_usb.dir/home/nvhmh/pico_ws/pico/pico-sdk/src/rp2_common/pico_stdio/stdio.c.obj
 .rodata.__func__.3
                0x0000000010007d70       0x15 CMakeFiles/hello_usb.dir/home/nvhmh/pico_ws/pico/pico-sdk/src/rp2_common/pico_stdio/stdio.c.obj
 *fill*         0x0000000010007d85        0x3 
 .rodata.crlf_str.2
                0x0000000010007d88        0x2 CMakeFiles/hello_usb.dir/home/nvhmh/pico_ws/pico/pico-sdk/src/rp2_common/pico_stdio/stdio.c.obj
 *fill*         0x0000000010007d8a        0x2 
 .rodata._resetd_driver
                0x0000000010007d8c       0x18 CMakeFiles/hello_usb.dir/home/nvhmh/pico_ws/pico/pico-sdk/src/rp2_common/pico_stdio_usb/reset_interface.c.obj
 .rodata.low_priority_worker_irq.str1.4
                0x0000000010007da4       0x68 CMakeFiles/hello_usb.dir/home/nvhmh/pico_ws/pico/pico-sdk/src/rp2_common/pico_stdio_usb/stdio_usb.c.obj
 .rodata.stdio_usb_init.str1.4
                0x0000000010007da4       0x4c CMakeFiles/hello_usb.dir/home/nvhmh/pico_ws/pico/pico-sdk/src/rp2_common/pico_stdio_usb/stdio_usb.c.obj
                                         0x54 (size before relaxing)
 .rodata.str1.4
                0x0000000010007df0       0x13 CMakeFiles/hello_usb.dir/home/nvhmh/pico_ws/pico/pico-sdk/src/rp2_common/pico_stdio_usb/stdio_usb.c.obj
 *fill*         0x0000000010007e03        0x1 
 .rodata.__bi_182.0
                0x0000000010007e04        0xc CMakeFiles/hello_usb.dir/home/nvhmh/pico_ws/pico/pico-sdk/src/rp2_common/pico_stdio_usb/stdio_usb.c.obj
 .rodata.__func__.1
                0x0000000010007e10        0xf CMakeFiles/hello_usb.dir/home/nvhmh/pico_ws/pico/pico-sdk/src/rp2_common/pico_stdio_usb/stdio_usb.c.obj
 *fill*         0x0000000010007e1f        0x1 
 .rodata.__func__.3
                0x0000000010007e20       0x15 CMakeFiles/hello_usb.dir/home/nvhmh/pico_ws/pico/pico-sdk/src/rp2_common/pico_stdio_usb/stdio_usb.c.obj
 *fill*         0x0000000010007e35        0x3 
 .rodata.str1.4
                0x0000000010007e38       0x2a CMakeFiles/hello_usb.dir/home/nvhmh/pico_ws/pico/pico-sdk/src/rp2_common/pico_stdio_usb/stdio_usb_descriptors.c.obj
 *fill*         0x0000000010007e62        0x2 
 .rodata.usbd_desc_cfg
                0x0000000010007e64       0x54 CMakeFiles/hello_usb.dir/home/nvhmh/pico_ws/pico/pico-sdk/src/rp2_common/pico_stdio_usb/stdio_usb_descriptors.c.obj
 .rodata.usbd_desc_device
                0x0000000010007eb8       0x12 CMakeFiles/hello_usb.dir/home/nvhmh/pico_ws/pico/pico-sdk/src/rp2_common/pico_stdio_usb/stdio_usb_descriptors.c.obj
 *fill*         0x0000000010007eca        0x2 
 .rodata.usbd_desc_str
                0x0000000010007ecc       0x18 CMakeFiles/hello_usb.dir/home/nvhmh/pico_ws/pico/pico-sdk/src/rp2_common/pico_stdio_usb/stdio_usb_descriptors.c.obj
 .rodata.pico_get_unique_board_id_string.str1.4
                0x0000000010007ee4       0x54 CMakeFiles/hello_usb.dir/home/nvhmh/pico_ws/pico/pico-sdk/src/rp2_common/pico_unique_id/unique_id.c.obj
 .rodata.__func__.0
                0x0000000010007f38       0x20 CMakeFiles/hello_usb.dir/home/nvhmh/pico_ws/pico/pico-sdk/src/rp2_common/pico_unique_id/unique_id.c.obj
 .rodata.str1.4
                0x0000000010007f58      0x15e CMakeFiles/hello_usb.dir/home/nvhmh/pico_ws/pico/pico-sdk/src/rp2_common/hardware_flash/flash.c.obj
 *fill*         0x00000000100080b6        0x2 
 .rodata.__func__.0
                0x00000000100080b8        0xd CMakeFiles/hello_usb.dir/home/nvhmh/pico_ws/pico/pico-sdk/src/rp2_common/hardware_flash/flash.c.obj
 *fill*         0x00000000100080c5        0x3 
 .rodata._hw_endpoint_alloc.str1.4
                0x00000000100080c8       0xbd CMakeFiles/hello_usb.dir/home/nvhmh/pico_ws/pico/pico-sdk/lib/tinyusb/src/portable/raspberrypi/rp2040/dcd_rp2040.c.obj
 *fill*         0x0000000010008185        0x3 
 .rodata.str1.4
                0x0000000010008188       0x14 CMakeFiles/hello_usb.dir/home/nvhmh/pico_ws/pico/pico-sdk/lib/tinyusb/src/portable/raspberrypi/rp2040/dcd_rp2040.c.obj
 .rodata.dcd_int_enable.str1.4
                0x000000001000819c        0xc CMakeFiles/hello_usb.dir/home/nvhmh/pico_ws/pico/pico-sdk/lib/tinyusb/src/portable/raspberrypi/rp2040/dcd_rp2040.c.obj
 .rodata.__func__.0
                0x00000000100081a8        0xe CMakeFiles/hello_usb.dir/home/nvhmh/pico_ws/pico/pico-sdk/lib/tinyusb/src/portable/raspberrypi/rp2040/dcd_rp2040.c.obj
 *fill*         0x00000000100081b6        0x2 
 .rodata.__func__.1
                0x00000000100081b8        0xe CMakeFiles/hello_usb.dir/home/nvhmh/pico_ws/pico/pico-sdk/lib/tinyusb/src/portable/raspberrypi/rp2040/dcd_rp2040.c.obj
 *fill*         0x00000000100081c6        0x2 
 .rodata.__func__.3
                0x00000000100081c8       0x10 CMakeFiles/hello_usb.dir/home/nvhmh/pico_ws/pico/pico-sdk/lib/tinyusb/src/portable/raspberrypi/rp2040/dcd_rp2040.c.obj
 .rodata.__func__.5
                0x00000000100081d8        0xf CMakeFiles/hello_usb.dir/home/nvhmh/pico_ws/pico/pico-sdk/lib/tinyusb/src/portable/raspberrypi/rp2040/dcd_rp2040.c.obj
 *fill*         0x00000000100081e7        0x1 
 .rodata.__func__.6
                0x00000000100081e8       0x13 CMakeFiles/hello_usb.dir/home/nvhmh/pico_ws/pico/pico-sdk/lib/tinyusb/src/portable/raspberrypi/rp2040/dcd_rp2040.c.obj
 *fill*         0x00000000100081fb        0x1 
 .rodata.__func__.7
                0x00000000100081fc        0x9 CMakeFiles/hello_usb.dir/home/nvhmh/pico_ws/pico/pico-sdk/lib/tinyusb/src/portable/raspberrypi/rp2040/dcd_rp2040.c.obj
 *fill*         0x0000000010008205        0x3 
 .rodata.str1.4
                0x0000000010008208       0xef CMakeFiles/hello_usb.dir/home/nvhmh/pico_ws/pico/pico-sdk/lib/tinyusb/src/portable/raspberrypi/rp2040/rp2040_usb.c.obj
 *fill*         0x00000000100082f7        0x1 
 .rodata.__func__.0
                0x00000000100082f8        0xf CMakeFiles/hello_usb.dir/home/nvhmh/pico_ws/pico/pico-sdk/lib/tinyusb/src/portable/raspberrypi/rp2040/rp2040_usb.c.obj
 *fill*         0x0000000010008307        0x1 
 .rodata.process_get_descriptor
                0x0000000010008308       0x40 CMakeFiles/hello_usb.dir/home/nvhmh/pico_ws/pico/pico-sdk/lib/tinyusb/src/device/usbd.c.obj
 .rodata.process_control_request
                0x0000000010008348       0x28 CMakeFiles/hello_usb.dir/home/nvhmh/pico_ws/pico/pico-sdk/lib/tinyusb/src/device/usbd.c.obj
 .rodata.tud_task_ext
                0x0000000010008370       0x24 CMakeFiles/hello_usb.dir/home/nvhmh/pico_ws/pico/pico-sdk/lib/tinyusb/src/device/usbd.c.obj
 .rodata._usbd_driver
                0x0000000010008394       0x18 CMakeFiles/hello_usb.dir/home/nvhmh/pico_ws/pico/pico-sdk/lib/tinyusb/src/device/usbd.c.obj
                0x00000000100083ac                . = ALIGN (0x4)
 *(SORT_BY_ALIGNMENT(SORT_BY_NAME(.flashdata*)))
                0x00000000100083ac                . = ALIGN (0x4)

.ARM.extab
 *(.ARM.extab* .gnu.linkonce.armextab.*)
                0x00000000100083ac                __exidx_start = .

.ARM.exidx
 *(.ARM.exidx* .gnu.linkonce.armexidx.*)
                0x00000000100083ac                __exidx_end = .
                0x00000000100083ac                . = ALIGN (0x4)
                0x00000000100083ac                __binary_info_start = .

.binary_info    0x00000000100083ac       0x24
 *(.binary_info.keep.*)
 .binary_info.keep.__bi_ptr22
                0x00000000100083ac        0x4 CMakeFiles/hello_usb.dir/home/nvhmh/pico_ws/pico/pico-sdk/src/rp2_common/pico_standard_link/binary_info.c.obj
 .binary_info.keep.__bi_ptr30
                0x00000000100083b0        0x4 CMakeFiles/hello_usb.dir/home/nvhmh/pico_ws/pico/pico-sdk/src/rp2_common/pico_standard_link/binary_info.c.obj
 .binary_info.keep.__bi_ptr38
                0x00000000100083b4        0x4 CMakeFiles/hello_usb.dir/home/nvhmh/pico_ws/pico/pico-sdk/src/rp2_common/pico_standard_link/binary_info.c.obj
 .binary_info.keep.__bi_ptr44
                0x00000000100083b8        0x4 CMakeFiles/hello_usb.dir/home/nvhmh/pico_ws/pico/pico-sdk/src/rp2_common/pico_standard_link/binary_info.c.obj
 .binary_info.keep.__bi_ptr50
                0x00000000100083bc        0x4 CMakeFiles/hello_usb.dir/home/nvhmh/pico_ws/pico/pico-sdk/src/rp2_common/pico_standard_link/binary_info.c.obj
 .binary_info.keep.__bi_ptr69
                0x00000000100083c0        0x4 CMakeFiles/hello_usb.dir/home/nvhmh/pico_ws/pico/pico-sdk/src/rp2_common/pico_standard_link/binary_info.c.obj
 .binary_info.keep.__bi_ptr75
                0x00000000100083c4        0x4 CMakeFiles/hello_usb.dir/home/nvhmh/pico_ws/pico/pico-sdk/src/rp2_common/pico_standard_link/binary_info.c.obj
 .binary_info.keep.__bi_ptr81
                0x00000000100083c8        0x4 CMakeFiles/hello_usb.dir/home/nvhmh/pico_ws/pico/pico-sdk/src/rp2_common/pico_standard_link/binary_info.c.obj
 *(.binary_info.*)
 .binary_info.__bi_ptr182
                0x00000000100083cc        0x4 CMakeFiles/hello_usb.dir/home/nvhmh/pico_ws/pico/pico-sdk/src/rp2_common/pico_stdio_usb/stdio_usb.c.obj
                0x00000000100083d0                __binary_info_end = .

.rel.dyn        0x00000000100083d0        0x0
 .rel.iplt      0x00000000100083d0        0x0 /usr/lib/gcc/arm-none-eabi/10.3.1/thumb/v6-m/nofp/crtbegin.o
                0x00000000100083d0                . = ALIGN (0x4)

.ram_vector_table
                0x0000000020000000       0xc0
 *(.ram_vector_table)
 .ram_vector_table
                0x0000000020000000       0xc0 CMakeFiles/hello_usb.dir/home/nvhmh/pico_ws/pico/pico-sdk/src/rp2_common/pico_runtime/runtime.c.obj
                0x0000000020000000                ram_vector_table

.data           0x00000000200000c0      0xbf0 load address 0x00000000100083d0
                0x00000000200000c0                __data_start__ = .
 *(vtable)
 *(.time_critical*)
 .time_critical.mutex_try_enter
                0x00000000200000c0       0x46 CMakeFiles/hello_usb.dir/home/nvhmh/pico_ws/pico/pico-sdk/src/common/pico_sync/mutex.c.obj
                0x00000000200000c0                mutex_try_enter
 *fill*         0x0000000020000106        0x2 
 .time_critical.mutex_enter_block_until
                0x0000000020000108       0x8c CMakeFiles/hello_usb.dir/home/nvhmh/pico_ws/pico/pico-sdk/src/common/pico_sync/mutex.c.obj
                0x0000000020000108                mutex_enter_block_until
 .time_critical.mutex_try_enter_block_until
                0x0000000020000194       0x34 CMakeFiles/hello_usb.dir/home/nvhmh/pico_ws/pico/pico-sdk/src/common/pico_sync/mutex.c.obj
                0x0000000020000194                mutex_try_enter_block_until
 .time_critical.mutex_enter_timeout_ms
                0x00000000200001c8       0x68 CMakeFiles/hello_usb.dir/home/nvhmh/pico_ws/pico/pico-sdk/src/common/pico_sync/mutex.c.obj
                0x00000000200001c8                mutex_enter_timeout_ms
 .time_critical.mutex_exit
                0x0000000020000230       0x4c CMakeFiles/hello_usb.dir/home/nvhmh/pico_ws/pico/pico-sdk/src/common/pico_sync/mutex.c.obj
                0x0000000020000230                mutex_exit
 .time_critical.flash_init_boot2_copyout
                0x000000002000027c       0x30 CMakeFiles/hello_usb.dir/home/nvhmh/pico_ws/pico/pico-sdk/src/rp2_common/hardware_flash/flash.c.obj
 .time_critical.flash_enable_xip_via_boot2
                0x00000000200002ac       0x10 CMakeFiles/hello_usb.dir/home/nvhmh/pico_ws/pico/pico-sdk/src/rp2_common/hardware_flash/flash.c.obj
 .time_critical.flash_cs_force
                0x00000000200002bc       0x28 CMakeFiles/hello_usb.dir/home/nvhmh/pico_ws/pico/pico-sdk/src/rp2_common/hardware_flash/flash.c.obj
 .time_critical.flash_do_cmd
                0x00000000200002e4       0xd8 CMakeFiles/hello_usb.dir/home/nvhmh/pico_ws/pico/pico-sdk/src/rp2_common/hardware_flash/flash.c.obj
                0x00000000200002e4                flash_do_cmd
 .time_critical.reset_non_control_endpoints
                0x00000000200003bc       0x40 CMakeFiles/hello_usb.dir/home/nvhmh/pico_ws/pico/pico-sdk/lib/tinyusb/src/portable/raspberrypi/rp2040/dcd_rp2040.c.obj
 .time_critical.hw_handle_buff_status
                0x00000000200003fc       0xa4 CMakeFiles/hello_usb.dir/home/nvhmh/pico_ws/pico/pico-sdk/lib/tinyusb/src/portable/raspberrypi/rp2040/dcd_rp2040.c.obj
 .time_critical.dcd_rp2040_irq
                0x00000000200004a0      0x1cc CMakeFiles/hello_usb.dir/home/nvhmh/pico_ws/pico/pico-sdk/lib/tinyusb/src/portable/raspberrypi/rp2040/dcd_rp2040.c.obj
 .time_critical.e15_is_bulkin_ep
                0x000000002000066c       0x2c CMakeFiles/hello_usb.dir/home/nvhmh/pico_ws/pico/pico-sdk/lib/tinyusb/src/portable/raspberrypi/rp2040/rp2040_usb.c.obj
 .time_critical.e15_is_critical_frame_period
                0x0000000020000698       0x30 CMakeFiles/hello_usb.dir/home/nvhmh/pico_ws/pico/pico-sdk/lib/tinyusb/src/portable/raspberrypi/rp2040/rp2040_usb.c.obj
 .time_critical.prepare_ep_buffer
                0x00000000200006c8       0x70 CMakeFiles/hello_usb.dir/home/nvhmh/pico_ws/pico/pico-sdk/lib/tinyusb/src/portable/raspberrypi/rp2040/rp2040_usb.c.obj
 .time_critical.sync_ep_buffer
                0x0000000020000738       0x80 CMakeFiles/hello_usb.dir/home/nvhmh/pico_ws/pico/pico-sdk/lib/tinyusb/src/portable/raspberrypi/rp2040/rp2040_usb.c.obj
 .time_critical._hw_endpoint_xfer_sync
                0x00000000200007b8       0x28 CMakeFiles/hello_usb.dir/home/nvhmh/pico_ws/pico/pico-sdk/lib/tinyusb/src/portable/raspberrypi/rp2040/rp2040_usb.c.obj
 .time_critical.hw_endpoint_reset_transfer
                0x00000000200007e0        0xc CMakeFiles/hello_usb.dir/home/nvhmh/pico_ws/pico/pico-sdk/lib/tinyusb/src/portable/raspberrypi/rp2040/rp2040_usb.c.obj
                0x00000000200007e0                hw_endpoint_reset_transfer
 .time_critical._hw_endpoint_buffer_control_update32
                0x00000000200007ec       0x58 CMakeFiles/hello_usb.dir/home/nvhmh/pico_ws/pico/pico-sdk/lib/tinyusb/src/portable/raspberrypi/rp2040/rp2040_usb.c.obj
                0x00000000200007ec                _hw_endpoint_buffer_control_update32
 .time_critical.hw_endpoint_start_next_buffer
                0x0000000020000844       0x88 CMakeFiles/hello_usb.dir/home/nvhmh/pico_ws/pico/pico-sdk/lib/tinyusb/src/portable/raspberrypi/rp2040/rp2040_usb.c.obj
                0x0000000020000844                hw_endpoint_start_next_buffer
 .time_critical.hw_endpoint_xfer_continue
                0x00000000200008cc       0x50 CMakeFiles/hello_usb.dir/home/nvhmh/pico_ws/pico/pico-sdk/lib/tinyusb/src/portable/raspberrypi/rp2040/rp2040_usb.c.obj
                0x00000000200008cc                hw_endpoint_xfer_continue
 .time_critical.tinyusb
                0x000000002000091c      0x200 CMakeFiles/hello_usb.dir/home/nvhmh/pico_ws/pico/pico-sdk/lib/tinyusb/src/device/usbd.c.obj
                0x000000002000091c                dcd_event_handler
 *(.text*)
 .text          0x0000000020000b1c        0x4 /usr/lib/gcc/arm-none-eabi/10.3.1/thumb/v6-m/nofp/libgcc.a(_dvmd_tls.o)
                0x0000000020000b1c                __aeabi_ldiv0
                0x0000000020000b1c                __aeabi_idiv0
 .text.__stub   0x0000000020000b20       0x90 linker stubs
                0x0000000020000bb0                . = ALIGN (0x4)
 *(.rodata*)
                0x0000000020000bb0                . = ALIGN (0x4)
 *(.data*)
 .data.striped_spin_lock_num
                0x0000000020000bb0        0x1 CMakeFiles/hello_usb.dir/home/nvhmh/pico_ws/pico/pico-sdk/src/rp2_common/hardware_sync/sync.c.obj
 *fill*         0x0000000020000bb1        0x3 
 .data          0x0000000020000bb4       0x48 CMakeFiles/hello_usb.dir/home/nvhmh/pico_ws/pico/pico-sdk/src/rp2_common/hardware_irq/irq_handler_chain.S.obj
                0x0000000020000bb4                irq_handler_chain_slots
                0x0000000020000be4                irq_handler_chain_first_slot
                0x0000000020000bee                irq_handler_chain_remove_tail
 .data.default_alarm_pool
                0x0000000020000bfc       0x18 CMakeFiles/hello_usb.dir/home/nvhmh/pico_ws/pico/pico-sdk/src/common/pico_time/time.c.obj
 .data.default_alarm_pool_heap
                0x0000000020000c14       0x10 CMakeFiles/hello_usb.dir/home/nvhmh/pico_ws/pico/pico-sdk/src/common/pico_time/time.c.obj
 *fill*         0x0000000020000c24        0xc 
 .data.aeabi_bits_funcs
                0x0000000020000c30       0x10 CMakeFiles/hello_usb.dir/home/nvhmh/pico_ws/pico/pico-sdk/src/rp2_common/pico_bit_ops/bit_ops_aeabi.S.obj
                0x0000000020000c30                aeabi_bits_funcs
                0x0000000020000c40                aeabi_bits_funcs_end
 .data.aeabi_mem_funcs
                0x0000000020000c40       0x10 CMakeFiles/hello_usb.dir/home/nvhmh/pico_ws/pico/pico-sdk/src/rp2_common/pico_mem_ops/mem_ops_aeabi.S.obj
                0x0000000020000c40                aeabi_mem_funcs
                0x0000000020000c50                aeabi_mem_funcs_end
 .data.stdio_usb
                0x0000000020000c50       0x18 CMakeFiles/hello_usb.dir/home/nvhmh/pico_ws/pico/pico-sdk/src/rp2_common/pico_stdio_usb/stdio_usb.c.obj
                0x0000000020000c50                stdio_usb
 .data.ep_dir_string
                0x0000000020000c68        0x8 CMakeFiles/hello_usb.dir/home/nvhmh/pico_ws/pico/pico-sdk/lib/tinyusb/src/portable/raspberrypi/rp2040/rp2040_usb.c.obj
                0x0000000020000c68                ep_dir_string
 .data._usbd_qdef
                0x0000000020000c70       0x1c CMakeFiles/hello_usb.dir/home/nvhmh/pico_ws/pico/pico-sdk/lib/tinyusb/src/device/usbd.c.obj
                0x0000000020000c70                _usbd_qdef
 .data._usbd_rhport
                0x0000000020000c8c        0x1 CMakeFiles/hello_usb.dir/home/nvhmh/pico_ws/pico/pico-sdk/lib/tinyusb/src/device/usbd.c.obj
                0x0000000020000c90                . = ALIGN (0x4)
 *fill*         0x0000000020000c8d        0x3 
 *(.after_data.*)
                0x0000000020000c90                . = ALIGN (0x4)
                0x0000000020000c90                PROVIDE (__mutex_array_start = .)
 *(SORT_BY_NAME(.mutex_array.*))
 *(.mutex_array)
 .mutex_array   0x0000000020000c90        0x8 CMakeFiles/hello_usb.dir/home/nvhmh/pico_ws/pico/pico-sdk/src/rp2_common/pico_stdio/stdio.c.obj
                0x0000000020000c98                PROVIDE (__mutex_array_end = .)
                0x0000000020000c98                . = ALIGN (0x4)
                0x0000000020000c98                PROVIDE (__preinit_array_start = .)
 *(SORT_BY_NAME(.preinit_array.*))
 .preinit_array.00001
                0x0000000020000c98        0x4 CMakeFiles/hello_usb.dir/home/nvhmh/pico_ws/pico/pico-sdk/src/rp2_common/pico_mem_ops/mem_ops_aeabi.S.obj
 .preinit_array.00010
                0x0000000020000c9c        0x4 CMakeFiles/hello_usb.dir/home/nvhmh/pico_ws/pico/pico-sdk/src/rp2_common/pico_bit_ops/bit_ops_aeabi.S.obj
 .preinit_array.00020
                0x0000000020000ca0        0x4 CMakeFiles/hello_usb.dir/home/nvhmh/pico_ws/pico/pico-sdk/src/rp2_common/pico_double/double_aeabi.S.obj
 .preinit_array.00020
                0x0000000020000ca4        0x4 CMakeFiles/hello_usb.dir/home/nvhmh/pico_ws/pico/pico-sdk/src/rp2_common/pico_float/float_aeabi.S.obj
 *(.preinit_array)
                0x0000000020000ca8                PROVIDE (__preinit_array_end = .)
                0x0000000020000ca8                . = ALIGN (0x4)
                0x0000000020000ca8                PROVIDE (__init_array_start = .)
 *(SORT_BY_NAME(.init_array.*))
 *(.init_array)
 .init_array    0x0000000020000ca8        0x4 /usr/lib/gcc/arm-none-eabi/10.3.1/thumb/v6-m/nofp/crtbegin.o